[0.068s] Invoking command in '/home/zaid/bumperbot_ws/src/build/bumperbot_description': CMAKE_PREFIX_PATH=${CMAKE_PREFIX_PATH}:/opt/ros/jazzy DEBUGINFOD_URLS=https://debuginfod.ubuntu.com /usr/bin/cmake --build /home/zaid/bumperbot_ws/src/build/bumperbot_description -- -j28 -l28
[0.603s] Invoked command in '/home/zaid/bumperbot_ws/src/build/bumperbot_description' returned '0': CMAKE_PREFIX_PATH=${CMAKE_PREFIX_PATH}:/opt/ros/jazzy DEBUGINFOD_URLS=https://debuginfod.ubuntu.com /usr/bin/cmake --build /home/zaid/bumperbot_ws/src/build/bumperbot_description -- -j28 -l28
[0.620s] Invoking command in '/home/zaid/bumperbot_ws/src/build/bumperbot_description': CMAKE_PREFIX_PATH=${CMAKE_PREFIX_PATH}:/opt/ros/jazzy DEBUGINFOD_URLS=https://debuginfod.ubuntu.com /usr/bin/cmake --install /home/zaid/bumperbot_ws/src/build/bumperbot_description
[0.634s] -- Install configuration: ""
[0.634s] -- Up-to-date: /home/zaid/bumperbot_ws/src/install/bumperbot_description/share/bumperbot_description/launch
[0.634s] -- Up-to-date: /home/zaid/bumperbot_ws/src/install/bumperbot_description/share/bumperbot_description/launch/display.launch.py
[0.634s] -- Up-to-date: /home/zaid/bumperbot_ws/src/install/bumperbot_description/share/bumperbot_description/launch/gazebo.launch.py
[0.634s] -- Up-to-date: /home/zaid/bumperbot_ws/src/install/bumperbot_description/share/bumperbot_description/meshes
[0.635s] -- Up-to-date: /home/zaid/bumperbot_ws/src/install/bumperbot_description/share/bumperbot_description/meshes/base_link.STL
[0.635s] -- Up-to-date: /home/zaid/bumperbot_ws/src/install/bumperbot_description/share/bumperbot_description/meshes/wheel_right_link.STL
[0.635s] -- Up-to-date: /home/zaid/bumperbot_ws/src/install/bumperbot_description/share/bumperbot_description/meshes/caster_rear_link.STL
[0.635s] -- Up-to-date: /home/zaid/bumperbot_ws/src/install/bumperbot_description/share/bumperbot_description/meshes/imu_link.STL
[0.635s] -- Up-to-date: /home/zaid/bumperbot_ws/src/install/bumperbot_description/share/bumperbot_description/meshes/wheel_left_link.STL
[0.635s] -- Up-to-date: /home/zaid/bumperbot_ws/src/install/bumperbot_description/share/bumperbot_description/meshes/caster_front_link.STL
[0.635s] -- Up-to-date: /home/zaid/bumperbot_ws/src/install/bumperbot_description/share/bumperbot_description/urdf
[0.635s] -- Up-to-date: /home/zaid/bumperbot_ws/src/install/bumperbot_description/share/bumperbot_description/urdf/bumperbot_ros2_control.xacro
[0.636s] -- Installing: /home/zaid/bumperbot_ws/src/install/bumperbot_description/share/bumperbot_description/urdf/bumperbot.urdf.xacro
[0.636s] -- Up-to-date: /home/zaid/bumperbot_ws/src/install/bumperbot_description/share/bumperbot_description/urdf/bumperbot_gazebo.xacro
[0.636s] -- Up-to-date: /home/zaid/bumperbot_ws/src/install/bumperbot_description/share/bumperbot_description/rviz
[0.637s] -- Up-to-date: /home/zaid/bumperbot_ws/src/install/bumperbot_description/share/bumperbot_description/rviz/display.rviz
[0.637s] -- Up-to-date: /home/zaid/bumperbot_ws/src/install/bumperbot_description/share/ament_index/resource_index/package_run_dependencies/bumperbot_description
[0.637s] -- Up-to-date: /home/zaid/bumperbot_ws/src/install/bumperbot_description/share/ament_index/resource_index/parent_prefix_path/bumperbot_description
[0.637s] -- Up-to-date: /home/zaid/bumperbot_ws/src/install/bumperbot_description/share/bumperbot_description/environment/ament_prefix_path.sh
[0.638s] -- Up-to-date: /home/zaid/bumperbot_ws/src/install/bumperbot_description/share/bumperbot_description/environment/ament_prefix_path.dsv
[0.638s] -- Up-to-date: /home/zaid/bumperbot_ws/src/install/bumperbot_description/share/bumperbot_description/environment/path.sh
[0.638s] -- Up-to-date: /home/zaid/bumperbot_ws/src/install/bumperbot_description/share/bumperbot_description/environment/path.dsv
[0.639s] -- Up-to-date: /home/zaid/bumperbot_ws/src/install/bumperbot_description/share/bumperbot_description/local_setup.bash
[0.639s] -- Up-to-date: /home/zaid/bumperbot_ws/src/install/bumperbot_description/share/bumperbot_description/local_setup.sh
[0.639s] -- Up-to-date: /home/zaid/bumperbot_ws/src/install/bumperbot_description/share/bumperbot_description/local_setup.zsh
[0.640s] -- Up-to-date: /home/zaid/bumperbot_ws/src/install/bumperbot_description/share/bumperbot_description/local_setup.dsv
[0.640s] -- Installing: /home/zaid/bumperbot_ws/src/install/bumperbot_description/share/bumperbot_description/package.dsv
[0.640s] -- Up-to-date: /home/zaid/bumperbot_ws/src/install/bumperbot_description/share/ament_index/resource_index/packages/bumperbot_description
[0.640s] -- Up-to-date: /home/zaid/bumperbot_ws/src/install/bumperbot_description/share/bumperbot_description/cmake/bumperbot_descriptionConfig.cmake
[0.641s] -- Up-to-date: /home/zaid/bumperbot_ws/src/install/bumperbot_description/share/bumperbot_description/cmake/bumperbot_descriptionConfig-version.cmake
[0.641s] -- Up-to-date: /home/zaid/bumperbot_ws/src/install/bumperbot_description/share/bumperbot_description/package.xml
[0.646s] Invoked command in '/home/zaid/bumperbot_ws/src/build/bumperbot_description' returned '0': CMAKE_PREFIX_PATH=${CMAKE_PREFIX_PATH}:/opt/ros/jazzy DEBUGINFOD_URLS=https://debuginfod.ubuntu.com /usr/bin/cmake --install /home/zaid/bumperbot_ws/src/build/bumperbot_description
