[0.168s] DEBUG:colcon:Command line arguments: ['/usr/bin/colcon', 'build']
[0.169s] DEBUG:colcon:Parsed command line arguments: Namespace(log_base=None, log_level=None, verb_name='build', build_base='build', install_base='install', merge_install=False, symlink_install=False, test_result_base=None, continue_on_error=False, executor='parallel', parallel_workers=28, event_handlers=None, ignore_user_meta=False, metas=['./colcon.meta'], base_paths=['.'], packages_ignore=None, packages_ignore_regex=None, paths=None, packages_up_to=None, packages_up_to_regex=None, packages_above=None, packages_above_and_dependencies=None, packages_above_depth=None, packages_select_by_dep=None, packages_skip_by_dep=None, packages_skip_up_to=None, packages_select_build_failed=False, packages_skip_build_finished=False, packages_select_test_failures=False, packages_skip_test_passed=False, packages_select=None, packages_skip=None, packages_select_regex=None, packages_skip_regex=None, packages_start=None, packages_end=None, allow_overriding=[], cmake_args=None, cmake_target=None, cmake_target_skip_unavailable=False, cmake_clean_cache=False, cmake_clean_first=False, cmake_force_configure=False, ament_cmake_args=None, catkin_cmake_args=None, catkin_skip_building_tests=False, mixin_files=None, mixin=None, verb_parser=<colcon_mixin.mixin.mixin_argument.MixinArgumentDecorator object at 0x718e800ad640>, verb_extension=<colcon_core.verb.build.BuildVerb object at 0x718e8002f1d0>, main=<bound method BuildVerb.main of <colcon_core.verb.build.BuildVerb object at 0x718e8002f1d0>>, mixin_verb=('build',))
[0.215s] Level 1:colcon.colcon_core.package_discovery:discover_packages(colcon_meta) check parameters
[0.215s] Level 1:colcon.colcon_core.package_discovery:discover_packages(recursive) check parameters
[0.215s] Level 1:colcon.colcon_core.package_discovery:discover_packages(ignore) check parameters
[0.215s] Level 1:colcon.colcon_core.package_discovery:discover_packages(path) check parameters
[0.215s] Level 1:colcon.colcon_core.package_discovery:discover_packages(colcon_meta) discover
[0.215s] Level 1:colcon.colcon_core.package_discovery:discover_packages(recursive) discover
[0.215s] INFO:colcon.colcon_core.package_discovery:Crawling recursively for packages in '/home/zaid/bumperbot_ws/src'
[0.215s] Level 1:colcon.colcon_core.package_identification:_identify(.) by extensions ['ignore', 'ignore_ament_install']
[0.216s] Level 1:colcon.colcon_core.package_identification:_identify(.) by extension 'ignore'
[0.216s] Level 1:colcon.colcon_core.package_identification:_identify(.) by extension 'ignore_ament_install'
[0.216s] Level 1:colcon.colcon_core.package_identification:_identify(.) by extensions ['colcon_pkg']
[0.216s] Level 1:colcon.colcon_core.package_identification:_identify(.) by extension 'colcon_pkg'
[0.216s] Level 1:colcon.colcon_core.package_identification:_identify(.) by extensions ['colcon_meta']
[0.216s] Level 1:colcon.colcon_core.package_identification:_identify(.) by extension 'colcon_meta'
[0.216s] Level 1:colcon.colcon_core.package_identification:_identify(.) by extensions ['ros']
[0.216s] Level 1:colcon.colcon_core.package_identification:_identify(.) by extension 'ros'
[0.251s] Level 1:colcon.colcon_core.package_identification:_identify(.) by extensions ['cmake', 'python']
[0.252s] Level 1:colcon.colcon_core.package_identification:_identify(.) by extension 'cmake'
[0.252s] Level 1:colcon.colcon_core.package_identification:_identify(.) by extension 'python'
[0.252s] Level 1:colcon.colcon_core.package_identification:_identify(.) by extensions ['python_setup_py']
[0.252s] Level 1:colcon.colcon_core.package_identification:_identify(.) by extension 'python_setup_py'
[0.252s] Level 1:colcon.colcon_core.package_identification:_identify(build) by extensions ['ignore', 'ignore_ament_install']
[0.252s] Level 1:colcon.colcon_core.package_identification:_identify(build) by extension 'ignore'
[0.252s] Level 1:colcon.colcon_core.package_identification:_identify(build) ignored
[0.252s] Level 1:colcon.colcon_core.package_identification:_identify(bumperbot_controller) by extensions ['ignore', 'ignore_ament_install']
[0.252s] Level 1:colcon.colcon_core.package_identification:_identify(bumperbot_controller) by extension 'ignore'
[0.252s] Level 1:colcon.colcon_core.package_identification:_identify(bumperbot_controller) by extension 'ignore_ament_install'
[0.252s] Level 1:colcon.colcon_core.package_identification:_identify(bumperbot_controller) by extensions ['colcon_pkg']
[0.252s] Level 1:colcon.colcon_core.package_identification:_identify(bumperbot_controller) by extension 'colcon_pkg'
[0.253s] Level 1:colcon.colcon_core.package_identification:_identify(bumperbot_controller) by extensions ['colcon_meta']
[0.253s] Level 1:colcon.colcon_core.package_identification:_identify(bumperbot_controller) by extension 'colcon_meta'
[0.253s] Level 1:colcon.colcon_core.package_identification:_identify(bumperbot_controller) by extensions ['ros']
[0.253s] Level 1:colcon.colcon_core.package_identification:_identify(bumperbot_controller) by extension 'ros'
[0.256s] DEBUG:colcon.colcon_core.package_identification:Package 'bumperbot_controller' with type 'ros.ament_cmake' and name 'bumperbot_controller'
[0.256s] Level 1:colcon.colcon_core.package_identification:_identify(bumperbot_cpp_examples) by extensions ['ignore', 'ignore_ament_install']
[0.256s] Level 1:colcon.colcon_core.package_identification:_identify(bumperbot_cpp_examples) by extension 'ignore'
[0.257s] Level 1:colcon.colcon_core.package_identification:_identify(bumperbot_cpp_examples) by extension 'ignore_ament_install'
[0.257s] Level 1:colcon.colcon_core.package_identification:_identify(bumperbot_cpp_examples) by extensions ['colcon_pkg']
[0.257s] Level 1:colcon.colcon_core.package_identification:_identify(bumperbot_cpp_examples) by extension 'colcon_pkg'
[0.257s] Level 1:colcon.colcon_core.package_identification:_identify(bumperbot_cpp_examples) by extensions ['colcon_meta']
[0.257s] Level 1:colcon.colcon_core.package_identification:_identify(bumperbot_cpp_examples) by extension 'colcon_meta'
[0.257s] Level 1:colcon.colcon_core.package_identification:_identify(bumperbot_cpp_examples) by extensions ['ros']
[0.257s] Level 1:colcon.colcon_core.package_identification:_identify(bumperbot_cpp_examples) by extension 'ros'
[0.258s] DEBUG:colcon.colcon_core.package_identification:Package 'bumperbot_cpp_examples' with type 'ros.ament_cmake' and name 'bumperbot_cpp_examples'
[0.258s] Level 1:colcon.colcon_core.package_identification:_identify(bumperbot_description) by extensions ['ignore', 'ignore_ament_install']
[0.258s] Level 1:colcon.colcon_core.package_identification:_identify(bumperbot_description) by extension 'ignore'
[0.258s] Level 1:colcon.colcon_core.package_identification:_identify(bumperbot_description) by extension 'ignore_ament_install'
[0.258s] Level 1:colcon.colcon_core.package_identification:_identify(bumperbot_description) by extensions ['colcon_pkg']
[0.258s] Level 1:colcon.colcon_core.package_identification:_identify(bumperbot_description) by extension 'colcon_pkg'
[0.258s] Level 1:colcon.colcon_core.package_identification:_identify(bumperbot_description) by extensions ['colcon_meta']
[0.258s] Level 1:colcon.colcon_core.package_identification:_identify(bumperbot_description) by extension 'colcon_meta'
[0.258s] Level 1:colcon.colcon_core.package_identification:_identify(bumperbot_description) by extensions ['ros']
[0.258s] Level 1:colcon.colcon_core.package_identification:_identify(bumperbot_description) by extension 'ros'
[0.259s] DEBUG:colcon.colcon_core.package_identification:Package 'bumperbot_description' with type 'ros.ament_cmake' and name 'bumperbot_description'
[0.259s] Level 1:colcon.colcon_core.package_identification:_identify(bumperbot_msgs) by extensions ['ignore', 'ignore_ament_install']
[0.259s] Level 1:colcon.colcon_core.package_identification:_identify(bumperbot_msgs) by extension 'ignore'
[0.259s] Level 1:colcon.colcon_core.package_identification:_identify(bumperbot_msgs) by extension 'ignore_ament_install'
[0.259s] Level 1:colcon.colcon_core.package_identification:_identify(bumperbot_msgs) by extensions ['colcon_pkg']
[0.259s] Level 1:colcon.colcon_core.package_identification:_identify(bumperbot_msgs) by extension 'colcon_pkg'
[0.259s] Level 1:colcon.colcon_core.package_identification:_identify(bumperbot_msgs) by extensions ['colcon_meta']
[0.259s] Level 1:colcon.colcon_core.package_identification:_identify(bumperbot_msgs) by extension 'colcon_meta'
[0.259s] Level 1:colcon.colcon_core.package_identification:_identify(bumperbot_msgs) by extensions ['ros']
[0.259s] Level 1:colcon.colcon_core.package_identification:_identify(bumperbot_msgs) by extension 'ros'
[0.260s] DEBUG:colcon.colcon_core.package_identification:Package 'bumperbot_msgs' with type 'ros.ament_cmake' and name 'bumperbot_msgs'
[0.260s] Level 1:colcon.colcon_core.package_identification:_identify(bumperbot_py_examples) by extensions ['ignore', 'ignore_ament_install']
[0.260s] Level 1:colcon.colcon_core.package_identification:_identify(bumperbot_py_examples) by extension 'ignore'
[0.260s] Level 1:colcon.colcon_core.package_identification:_identify(bumperbot_py_examples) by extension 'ignore_ament_install'
[0.260s] Level 1:colcon.colcon_core.package_identification:_identify(bumperbot_py_examples) by extensions ['colcon_pkg']
[0.260s] Level 1:colcon.colcon_core.package_identification:_identify(bumperbot_py_examples) by extension 'colcon_pkg'
[0.260s] Level 1:colcon.colcon_core.package_identification:_identify(bumperbot_py_examples) by extensions ['colcon_meta']
[0.260s] Level 1:colcon.colcon_core.package_identification:_identify(bumperbot_py_examples) by extension 'colcon_meta'
[0.260s] Level 1:colcon.colcon_core.package_identification:_identify(bumperbot_py_examples) by extensions ['ros']
[0.260s] Level 1:colcon.colcon_core.package_identification:_identify(bumperbot_py_examples) by extension 'ros'
[0.261s] DEBUG:colcon.colcon_core.package_identification:Package 'bumperbot_py_examples' with type 'ros.ament_python' and name 'bumperbot_py_examples'
[0.261s] Level 1:colcon.colcon_core.package_identification:_identify(bumperbot_utils) by extensions ['ignore', 'ignore_ament_install']
[0.261s] Level 1:colcon.colcon_core.package_identification:_identify(bumperbot_utils) by extension 'ignore'
[0.261s] Level 1:colcon.colcon_core.package_identification:_identify(bumperbot_utils) by extension 'ignore_ament_install'
[0.261s] Level 1:colcon.colcon_core.package_identification:_identify(bumperbot_utils) by extensions ['colcon_pkg']
[0.261s] Level 1:colcon.colcon_core.package_identification:_identify(bumperbot_utils) by extension 'colcon_pkg'
[0.261s] Level 1:colcon.colcon_core.package_identification:_identify(bumperbot_utils) by extensions ['colcon_meta']
[0.261s] Level 1:colcon.colcon_core.package_identification:_identify(bumperbot_utils) by extension 'colcon_meta'
[0.261s] Level 1:colcon.colcon_core.package_identification:_identify(bumperbot_utils) by extensions ['ros']
[0.261s] Level 1:colcon.colcon_core.package_identification:_identify(bumperbot_utils) by extension 'ros'
[0.262s] DEBUG:colcon.colcon_core.package_identification:Package 'bumperbot_utils' with type 'ros.ament_python' and name 'bumperbot_utils'
[0.262s] Level 1:colcon.colcon_core.package_identification:_identify(install) by extensions ['ignore', 'ignore_ament_install']
[0.262s] Level 1:colcon.colcon_core.package_identification:_identify(install) by extension 'ignore'
[0.262s] Level 1:colcon.colcon_core.package_identification:_identify(install) ignored
[0.262s] Level 1:colcon.colcon_core.package_identification:_identify(log) by extensions ['ignore', 'ignore_ament_install']
[0.262s] Level 1:colcon.colcon_core.package_identification:_identify(log) by extension 'ignore'
[0.262s] Level 1:colcon.colcon_core.package_identification:_identify(log) ignored
[0.263s] Level 1:colcon.colcon_core.package_discovery:discover_packages(recursive) using defaults
[0.263s] Level 1:colcon.colcon_core.package_discovery:discover_packages(ignore) discover
[0.263s] Level 1:colcon.colcon_core.package_discovery:discover_packages(ignore) using defaults
[0.263s] Level 1:colcon.colcon_core.package_discovery:discover_packages(path) discover
[0.263s] Level 1:colcon.colcon_core.package_discovery:discover_packages(path) using defaults
[0.296s] Level 1:colcon.colcon_core.package_discovery:discover_packages(prefix_path) check parameters
[0.296s] Level 1:colcon.colcon_core.package_discovery:discover_packages(prefix_path) discover
[0.302s] DEBUG:colcon.colcon_installed_package_information.package_discovery:Found 402 installed packages in /opt/ros/jazzy
[0.306s] Level 1:colcon.colcon_core.package_discovery:discover_packages(prefix_path) using defaults
[0.426s] Level 5:colcon.colcon_core.verb:set package 'bumperbot_controller' build argument 'cmake_args' from command line to 'None'
[0.426s] Level 5:colcon.colcon_core.verb:set package 'bumperbot_controller' build argument 'cmake_target' from command line to 'None'
[0.426s] Level 5:colcon.colcon_core.verb:set package 'bumperbot_controller' build argument 'cmake_target_skip_unavailable' from command line to 'False'
[0.426s] Level 5:colcon.colcon_core.verb:set package 'bumperbot_controller' build argument 'cmake_clean_cache' from command line to 'False'
[0.426s] Level 5:colcon.colcon_core.verb:set package 'bumperbot_controller' build argument 'cmake_clean_first' from command line to 'False'
[0.426s] Level 5:colcon.colcon_core.verb:set package 'bumperbot_controller' build argument 'cmake_force_configure' from command line to 'False'
[0.426s] Level 5:colcon.colcon_core.verb:set package 'bumperbot_controller' build argument 'ament_cmake_args' from command line to 'None'
[0.427s] Level 5:colcon.colcon_core.verb:set package 'bumperbot_controller' build argument 'catkin_cmake_args' from command line to 'None'
[0.427s] Level 5:colcon.colcon_core.verb:set package 'bumperbot_controller' build argument 'catkin_skip_building_tests' from command line to 'False'
[0.427s] DEBUG:colcon.colcon_core.verb:Building package 'bumperbot_controller' with the following arguments: {'ament_cmake_args': None, 'build_base': '/home/zaid/bumperbot_ws/src/build/bumperbot_controller', 'catkin_cmake_args': None, 'catkin_skip_building_tests': False, 'cmake_args': None, 'cmake_clean_cache': False, 'cmake_clean_first': False, 'cmake_force_configure': False, 'cmake_target': None, 'cmake_target_skip_unavailable': False, 'install_base': '/home/zaid/bumperbot_ws/src/install/bumperbot_controller', 'merge_install': False, 'path': '/home/zaid/bumperbot_ws/src/bumperbot_controller', 'symlink_install': False, 'test_result_base': None}
[0.428s] Level 5:colcon.colcon_core.verb:set package 'bumperbot_cpp_examples' build argument 'cmake_args' from command line to 'None'
[0.428s] Level 5:colcon.colcon_core.verb:set package 'bumperbot_cpp_examples' build argument 'cmake_target' from command line to 'None'
[0.428s] Level 5:colcon.colcon_core.verb:set package 'bumperbot_cpp_examples' build argument 'cmake_target_skip_unavailable' from command line to 'False'
[0.428s] Level 5:colcon.colcon_core.verb:set package 'bumperbot_cpp_examples' build argument 'cmake_clean_cache' from command line to 'False'
[0.428s] Level 5:colcon.colcon_core.verb:set package 'bumperbot_cpp_examples' build argument 'cmake_clean_first' from command line to 'False'
[0.428s] Level 5:colcon.colcon_core.verb:set package 'bumperbot_cpp_examples' build argument 'cmake_force_configure' from command line to 'False'
[0.428s] Level 5:colcon.colcon_core.verb:set package 'bumperbot_cpp_examples' build argument 'ament_cmake_args' from command line to 'None'
[0.428s] Level 5:colcon.colcon_core.verb:set package 'bumperbot_cpp_examples' build argument 'catkin_cmake_args' from command line to 'None'
[0.428s] Level 5:colcon.colcon_core.verb:set package 'bumperbot_cpp_examples' build argument 'catkin_skip_building_tests' from command line to 'False'
[0.428s] DEBUG:colcon.colcon_core.verb:Building package 'bumperbot_cpp_examples' with the following arguments: {'ament_cmake_args': None, 'build_base': '/home/zaid/bumperbot_ws/src/build/bumperbot_cpp_examples', 'catkin_cmake_args': None, 'catkin_skip_building_tests': False, 'cmake_args': None, 'cmake_clean_cache': False, 'cmake_clean_first': False, 'cmake_force_configure': False, 'cmake_target': None, 'cmake_target_skip_unavailable': False, 'install_base': '/home/zaid/bumperbot_ws/src/install/bumperbot_cpp_examples', 'merge_install': False, 'path': '/home/zaid/bumperbot_ws/src/bumperbot_cpp_examples', 'symlink_install': False, 'test_result_base': None}
[0.429s] Level 5:colcon.colcon_core.verb:set package 'bumperbot_description' build argument 'cmake_args' from command line to 'None'
[0.429s] Level 5:colcon.colcon_core.verb:set package 'bumperbot_description' build argument 'cmake_target' from command line to 'None'
[0.429s] Level 5:colcon.colcon_core.verb:set package 'bumperbot_description' build argument 'cmake_target_skip_unavailable' from command line to 'False'
[0.430s] Level 5:colcon.colcon_core.verb:set package 'bumperbot_description' build argument 'cmake_clean_cache' from command line to 'False'
[0.430s] Level 5:colcon.colcon_core.verb:set package 'bumperbot_description' build argument 'cmake_clean_first' from command line to 'False'
[0.430s] Level 5:colcon.colcon_core.verb:set package 'bumperbot_description' build argument 'cmake_force_configure' from command line to 'False'
[0.430s] Level 5:colcon.colcon_core.verb:set package 'bumperbot_description' build argument 'ament_cmake_args' from command line to 'None'
[0.430s] Level 5:colcon.colcon_core.verb:set package 'bumperbot_description' build argument 'catkin_cmake_args' from command line to 'None'
[0.430s] Level 5:colcon.colcon_core.verb:set package 'bumperbot_description' build argument 'catkin_skip_building_tests' from command line to 'False'
[0.430s] DEBUG:colcon.colcon_core.verb:Building package 'bumperbot_description' with the following arguments: {'ament_cmake_args': None, 'build_base': '/home/zaid/bumperbot_ws/src/build/bumperbot_description', 'catkin_cmake_args': None, 'catkin_skip_building_tests': False, 'cmake_args': None, 'cmake_clean_cache': False, 'cmake_clean_first': False, 'cmake_force_configure': False, 'cmake_target': None, 'cmake_target_skip_unavailable': False, 'install_base': '/home/zaid/bumperbot_ws/src/install/bumperbot_description', 'merge_install': False, 'path': '/home/zaid/bumperbot_ws/src/bumperbot_description', 'symlink_install': False, 'test_result_base': None}
[0.431s] Level 5:colcon.colcon_core.verb:set package 'bumperbot_msgs' build argument 'cmake_args' from command line to 'None'
[0.431s] Level 5:colcon.colcon_core.verb:set package 'bumperbot_msgs' build argument 'cmake_target' from command line to 'None'
[0.431s] Level 5:colcon.colcon_core.verb:set package 'bumperbot_msgs' build argument 'cmake_target_skip_unavailable' from command line to 'False'
[0.431s] Level 5:colcon.colcon_core.verb:set package 'bumperbot_msgs' build argument 'cmake_clean_cache' from command line to 'False'
[0.431s] Level 5:colcon.colcon_core.verb:set package 'bumperbot_msgs' build argument 'cmake_clean_first' from command line to 'False'
[0.431s] Level 5:colcon.colcon_core.verb:set package 'bumperbot_msgs' build argument 'cmake_force_configure' from command line to 'False'
[0.431s] Level 5:colcon.colcon_core.verb:set package 'bumperbot_msgs' build argument 'ament_cmake_args' from command line to 'None'
[0.431s] Level 5:colcon.colcon_core.verb:set package 'bumperbot_msgs' build argument 'catkin_cmake_args' from command line to 'None'
[0.431s] Level 5:colcon.colcon_core.verb:set package 'bumperbot_msgs' build argument 'catkin_skip_building_tests' from command line to 'False'
[0.431s] DEBUG:colcon.colcon_core.verb:Building package 'bumperbot_msgs' with the following arguments: {'ament_cmake_args': None, 'build_base': '/home/zaid/bumperbot_ws/src/build/bumperbot_msgs', 'catkin_cmake_args': None, 'catkin_skip_building_tests': False, 'cmake_args': None, 'cmake_clean_cache': False, 'cmake_clean_first': False, 'cmake_force_configure': False, 'cmake_target': None, 'cmake_target_skip_unavailable': False, 'install_base': '/home/zaid/bumperbot_ws/src/install/bumperbot_msgs', 'merge_install': False, 'path': '/home/zaid/bumperbot_ws/src/bumperbot_msgs', 'symlink_install': False, 'test_result_base': None}
[0.432s] Level 5:colcon.colcon_core.verb:set package 'bumperbot_utils' build argument 'cmake_args' from command line to 'None'
[0.432s] Level 5:colcon.colcon_core.verb:set package 'bumperbot_utils' build argument 'cmake_target' from command line to 'None'
[0.432s] Level 5:colcon.colcon_core.verb:set package 'bumperbot_utils' build argument 'cmake_target_skip_unavailable' from command line to 'False'
[0.432s] Level 5:colcon.colcon_core.verb:set package 'bumperbot_utils' build argument 'cmake_clean_cache' from command line to 'False'
[0.432s] Level 5:colcon.colcon_core.verb:set package 'bumperbot_utils' build argument 'cmake_clean_first' from command line to 'False'
[0.432s] Level 5:colcon.colcon_core.verb:set package 'bumperbot_utils' build argument 'cmake_force_configure' from command line to 'False'
[0.432s] Level 5:colcon.colcon_core.verb:set package 'bumperbot_utils' build argument 'ament_cmake_args' from command line to 'None'
[0.433s] Level 5:colcon.colcon_core.verb:set package 'bumperbot_utils' build argument 'catkin_cmake_args' from command line to 'None'
[0.433s] Level 5:colcon.colcon_core.verb:set package 'bumperbot_utils' build argument 'catkin_skip_building_tests' from command line to 'False'
[0.433s] DEBUG:colcon.colcon_core.verb:Building package 'bumperbot_utils' with the following arguments: {'ament_cmake_args': None, 'build_base': '/home/zaid/bumperbot_ws/src/build/bumperbot_utils', 'catkin_cmake_args': None, 'catkin_skip_building_tests': False, 'cmake_args': None, 'cmake_clean_cache': False, 'cmake_clean_first': False, 'cmake_force_configure': False, 'cmake_target': None, 'cmake_target_skip_unavailable': False, 'install_base': '/home/zaid/bumperbot_ws/src/install/bumperbot_utils', 'merge_install': False, 'path': '/home/zaid/bumperbot_ws/src/bumperbot_utils', 'symlink_install': False, 'test_result_base': None}
[0.433s] Level 5:colcon.colcon_core.verb:set package 'bumperbot_py_examples' build argument 'cmake_args' from command line to 'None'
[0.434s] Level 5:colcon.colcon_core.verb:set package 'bumperbot_py_examples' build argument 'cmake_target' from command line to 'None'
[0.434s] Level 5:colcon.colcon_core.verb:set package 'bumperbot_py_examples' build argument 'cmake_target_skip_unavailable' from command line to 'False'
[0.434s] Level 5:colcon.colcon_core.verb:set package 'bumperbot_py_examples' build argument 'cmake_clean_cache' from command line to 'False'
[0.434s] Level 5:colcon.colcon_core.verb:set package 'bumperbot_py_examples' build argument 'cmake_clean_first' from command line to 'False'
[0.434s] Level 5:colcon.colcon_core.verb:set package 'bumperbot_py_examples' build argument 'cmake_force_configure' from command line to 'False'
[0.434s] Level 5:colcon.colcon_core.verb:set package 'bumperbot_py_examples' build argument 'ament_cmake_args' from command line to 'None'
[0.434s] Level 5:colcon.colcon_core.verb:set package 'bumperbot_py_examples' build argument 'catkin_cmake_args' from command line to 'None'
[0.434s] Level 5:colcon.colcon_core.verb:set package 'bumperbot_py_examples' build argument 'catkin_skip_building_tests' from command line to 'False'
[0.434s] DEBUG:colcon.colcon_core.verb:Building package 'bumperbot_py_examples' with the following arguments: {'ament_cmake_args': None, 'build_base': '/home/zaid/bumperbot_ws/src/build/bumperbot_py_examples', 'catkin_cmake_args': None, 'catkin_skip_building_tests': False, 'cmake_args': None, 'cmake_clean_cache': False, 'cmake_clean_first': False, 'cmake_force_configure': False, 'cmake_target': None, 'cmake_target_skip_unavailable': False, 'install_base': '/home/zaid/bumperbot_ws/src/install/bumperbot_py_examples', 'merge_install': False, 'path': '/home/zaid/bumperbot_ws/src/bumperbot_py_examples', 'symlink_install': False, 'test_result_base': None}
[0.434s] INFO:colcon.colcon_core.executor:Executing jobs using 'parallel' executor
[0.437s] DEBUG:colcon.colcon_parallel_executor.executor.parallel:run_until_complete
[0.438s] INFO:colcon.colcon_ros.task.ament_cmake.build:Building ROS package in '/home/zaid/bumperbot_ws/src/bumperbot_msgs' with build type 'ament_cmake'
[0.439s] INFO:colcon.colcon_cmake.task.cmake.build:Building CMake package in '/home/zaid/bumperbot_ws/src/bumperbot_msgs'
[0.446s] INFO:colcon.colcon_core.plugin_system:Skipping extension 'colcon_core.shell.bat': Not used on non-Windows systems
[0.447s] INFO:colcon.colcon_core.shell:Skip shell extension 'powershell' for command environment: Not usable outside of PowerShell
[0.447s] DEBUG:colcon.colcon_core.shell:Skip shell extension 'dsv' for command environment
[0.460s] INFO:colcon.colcon_ros.task.ament_cmake.build:Building ROS package in '/home/zaid/bumperbot_ws/src/bumperbot_controller' with build type 'ament_cmake'
[0.461s] INFO:colcon.colcon_cmake.task.cmake.build:Building CMake package in '/home/zaid/bumperbot_ws/src/bumperbot_controller'
[0.462s] INFO:colcon.colcon_core.shell:Skip shell extension 'powershell' for command environment: Not usable outside of PowerShell
[0.462s] DEBUG:colcon.colcon_core.shell:Skip shell extension 'dsv' for command environment
[0.473s] INFO:colcon.colcon_ros.task.ament_cmake.build:Building ROS package in '/home/zaid/bumperbot_ws/src/bumperbot_cpp_examples' with build type 'ament_cmake'
[0.473s] INFO:colcon.colcon_cmake.task.cmake.build:Building CMake package in '/home/zaid/bumperbot_ws/src/bumperbot_cpp_examples'
[0.474s] INFO:colcon.colcon_core.shell:Skip shell extension 'powershell' for command environment: Not usable outside of PowerShell
[0.474s] DEBUG:colcon.colcon_core.shell:Skip shell extension 'dsv' for command environment
[0.484s] INFO:colcon.colcon_ros.task.ament_cmake.build:Building ROS package in '/home/zaid/bumperbot_ws/src/bumperbot_description' with build type 'ament_cmake'
[0.485s] INFO:colcon.colcon_cmake.task.cmake.build:Building CMake package in '/home/zaid/bumperbot_ws/src/bumperbot_description'
[0.485s] INFO:colcon.colcon_core.shell:Skip shell extension 'powershell' for command environment: Not usable outside of PowerShell
[0.485s] DEBUG:colcon.colcon_core.shell:Skip shell extension 'dsv' for command environment
[0.495s] INFO:colcon.colcon_ros.task.ament_python.build:Building ROS package in '/home/zaid/bumperbot_ws/src/bumperbot_utils' with build type 'ament_python'
[0.496s] Level 1:colcon.colcon_core.shell:create_environment_hook('bumperbot_utils', 'ament_prefix_path')
[0.496s] INFO:colcon.colcon_core.shell:Creating environment hook '/home/zaid/bumperbot_ws/src/install/bumperbot_utils/share/bumperbot_utils/hook/ament_prefix_path.ps1'
[0.498s] INFO:colcon.colcon_core.shell:Creating environment descriptor '/home/zaid/bumperbot_ws/src/install/bumperbot_utils/share/bumperbot_utils/hook/ament_prefix_path.dsv'
[0.500s] INFO:colcon.colcon_core.shell:Creating environment hook '/home/zaid/bumperbot_ws/src/install/bumperbot_utils/share/bumperbot_utils/hook/ament_prefix_path.sh'
[0.501s] INFO:colcon.colcon_core.shell:Skip shell extension 'powershell' for command environment: Not usable outside of PowerShell
[0.502s] DEBUG:colcon.colcon_core.shell:Skip shell extension 'dsv' for command environment
[0.528s] DEBUG:colcon.colcon_core.event_handler.log_command:Invoking command in '/home/zaid/bumperbot_ws/src/build/bumperbot_msgs': CMAKE_PREFIX_PATH=${CMAKE_PREFIX_PATH}:/opt/ros/jazzy DEBUGINFOD_URLS=https://debuginfod.ubuntu.com /usr/bin/cmake --build /home/zaid/bumperbot_ws/src/build/bumperbot_msgs -- -j28 -l28
[0.537s] DEBUG:colcon.colcon_core.event_handler.log_command:Invoking command in '/home/zaid/bumperbot_ws/src/build/bumperbot_controller': CMAKE_PREFIX_PATH=${CMAKE_PREFIX_PATH}:/opt/ros/jazzy DEBUGINFOD_URLS=https://debuginfod.ubuntu.com /usr/bin/cmake --build /home/zaid/bumperbot_ws/src/build/bumperbot_controller -- -j28 -l28
[0.545s] DEBUG:colcon.colcon_core.event_handler.log_command:Invoking command in '/home/zaid/bumperbot_ws/src/build/bumperbot_cpp_examples': CMAKE_PREFIX_PATH=${CMAKE_PREFIX_PATH}:/opt/ros/jazzy DEBUGINFOD_URLS=https://debuginfod.ubuntu.com /usr/bin/cmake --build /home/zaid/bumperbot_ws/src/build/bumperbot_cpp_examples -- -j28 -l28
[0.553s] DEBUG:colcon.colcon_core.event_handler.log_command:Invoking command in '/home/zaid/bumperbot_ws/src/build/bumperbot_description': CMAKE_PREFIX_PATH=${CMAKE_PREFIX_PATH}:/opt/ros/jazzy DEBUGINFOD_URLS=https://debuginfod.ubuntu.com /usr/bin/cmake --build /home/zaid/bumperbot_ws/src/build/bumperbot_description -- -j28 -l28
[1.079s] INFO:colcon.colcon_core.task.python.build:Building Python package in '/home/zaid/bumperbot_ws/src/bumperbot_utils'
[1.080s] INFO:colcon.colcon_core.shell:Skip shell extension 'powershell' for command environment: Not usable outside of PowerShell
[1.080s] DEBUG:colcon.colcon_core.shell:Skip shell extension 'dsv' for command environment
[1.088s] DEBUG:colcon.colcon_core.event_handler.log_command:Invoked command in '/home/zaid/bumperbot_ws/src/build/bumperbot_description' returned '0': CMAKE_PREFIX_PATH=${CMAKE_PREFIX_PATH}:/opt/ros/jazzy DEBUGINFOD_URLS=https://debuginfod.ubuntu.com /usr/bin/cmake --build /home/zaid/bumperbot_ws/src/build/bumperbot_description -- -j28 -l28
[1.106s] DEBUG:colcon.colcon_core.event_handler.log_command:Invoking command in '/home/zaid/bumperbot_ws/src/build/bumperbot_description': CMAKE_PREFIX_PATH=${CMAKE_PREFIX_PATH}:/opt/ros/jazzy DEBUGINFOD_URLS=https://debuginfod.ubuntu.com /usr/bin/cmake --install /home/zaid/bumperbot_ws/src/build/bumperbot_description
[1.106s] DEBUG:colcon.colcon_core.event_handler.log_command:Invoked command in '/home/zaid/bumperbot_ws/src/build/bumperbot_cpp_examples' returned '0': CMAKE_PREFIX_PATH=${CMAKE_PREFIX_PATH}:/opt/ros/jazzy DEBUGINFOD_URLS=https://debuginfod.ubuntu.com /usr/bin/cmake --build /home/zaid/bumperbot_ws/src/build/bumperbot_cpp_examples -- -j28 -l28
[1.108s] DEBUG:colcon.colcon_core.event_handler.log_command:Invoking command in '/home/zaid/bumperbot_ws/src/build/bumperbot_cpp_examples': CMAKE_PREFIX_PATH=${CMAKE_PREFIX_PATH}:/opt/ros/jazzy DEBUGINFOD_URLS=https://debuginfod.ubuntu.com /usr/bin/cmake --install /home/zaid/bumperbot_ws/src/build/bumperbot_cpp_examples
[1.123s] Level 1:colcon.colcon_core.environment:create_environment_scripts_only(bumperbot_description)
[1.130s] Level 1:colcon.colcon_core.environment:checking '/home/zaid/bumperbot_ws/src/install/bumperbot_description' for CMake module files
[1.131s] DEBUG:colcon.colcon_core.event_handler.log_command:Invoked command in '/home/zaid/bumperbot_ws/src/build/bumperbot_description' returned '0': CMAKE_PREFIX_PATH=${CMAKE_PREFIX_PATH}:/opt/ros/jazzy DEBUGINFOD_URLS=https://debuginfod.ubuntu.com /usr/bin/cmake --install /home/zaid/bumperbot_ws/src/build/bumperbot_description
[1.131s] Level 1:colcon.colcon_core.environment:checking '/home/zaid/bumperbot_ws/src/install/bumperbot_description' for CMake config files
[1.132s] Level 1:colcon.colcon_core.shell:create_environment_hook('bumperbot_description', 'cmake_prefix_path')
[1.132s] INFO:colcon.colcon_core.shell:Creating environment hook '/home/zaid/bumperbot_ws/src/install/bumperbot_description/share/bumperbot_description/hook/cmake_prefix_path.ps1'
[1.132s] INFO:colcon.colcon_core.shell:Creating environment descriptor '/home/zaid/bumperbot_ws/src/install/bumperbot_description/share/bumperbot_description/hook/cmake_prefix_path.dsv'
[1.133s] INFO:colcon.colcon_core.shell:Creating environment hook '/home/zaid/bumperbot_ws/src/install/bumperbot_description/share/bumperbot_description/hook/cmake_prefix_path.sh'
[1.134s] Level 1:colcon.colcon_core.environment:checking '/home/zaid/bumperbot_ws/src/install/bumperbot_description/bin'
[1.134s] Level 1:colcon.colcon_core.environment:checking '/home/zaid/bumperbot_ws/src/install/bumperbot_description/lib/pkgconfig/bumperbot_description.pc'
[1.134s] Level 1:colcon.colcon_core.environment:checking '/home/zaid/bumperbot_ws/src/install/bumperbot_description/lib/python3.12/site-packages'
[1.135s] Level 1:colcon.colcon_core.environment:checking '/home/zaid/bumperbot_ws/src/install/bumperbot_description/bin'
[1.135s] INFO:colcon.colcon_core.shell:Creating package script '/home/zaid/bumperbot_ws/src/install/bumperbot_description/share/bumperbot_description/package.ps1'
[1.136s] INFO:colcon.colcon_core.shell:Creating package descriptor '/home/zaid/bumperbot_ws/src/install/bumperbot_description/share/bumperbot_description/package.dsv'
[1.137s] INFO:colcon.colcon_core.shell:Creating package script '/home/zaid/bumperbot_ws/src/install/bumperbot_description/share/bumperbot_description/package.sh'
[1.138s] INFO:colcon.colcon_core.shell:Creating package script '/home/zaid/bumperbot_ws/src/install/bumperbot_description/share/bumperbot_description/package.bash'
[1.139s] INFO:colcon.colcon_core.shell:Creating package script '/home/zaid/bumperbot_ws/src/install/bumperbot_description/share/bumperbot_description/package.zsh'
[1.140s] Level 1:colcon.colcon_core.environment:create_file_with_runtime_dependencies(/home/zaid/bumperbot_ws/src/install/bumperbot_description/share/colcon-core/packages/bumperbot_description)
[1.140s] Level 1:colcon.colcon_core.environment:create_environment_scripts_only(bumperbot_description)
[1.140s] Level 1:colcon.colcon_core.environment:checking '/home/zaid/bumperbot_ws/src/install/bumperbot_description' for CMake module files
[1.141s] Level 1:colcon.colcon_core.environment:checking '/home/zaid/bumperbot_ws/src/install/bumperbot_description' for CMake config files
[1.141s] Level 1:colcon.colcon_core.shell:create_environment_hook('bumperbot_description', 'cmake_prefix_path')
[1.142s] INFO:colcon.colcon_core.shell:Creating environment hook '/home/zaid/bumperbot_ws/src/install/bumperbot_description/share/bumperbot_description/hook/cmake_prefix_path.ps1'
[1.142s] INFO:colcon.colcon_core.shell:Creating environment descriptor '/home/zaid/bumperbot_ws/src/install/bumperbot_description/share/bumperbot_description/hook/cmake_prefix_path.dsv'
[1.142s] INFO:colcon.colcon_core.shell:Creating environment hook '/home/zaid/bumperbot_ws/src/install/bumperbot_description/share/bumperbot_description/hook/cmake_prefix_path.sh'
[1.143s] Level 1:colcon.colcon_core.environment:checking '/home/zaid/bumperbot_ws/src/install/bumperbot_description/bin'
[1.143s] Level 1:colcon.colcon_core.environment:checking '/home/zaid/bumperbot_ws/src/install/bumperbot_description/lib/pkgconfig/bumperbot_description.pc'
[1.144s] Level 1:colcon.colcon_core.environment:checking '/home/zaid/bumperbot_ws/src/install/bumperbot_description/lib/python3.12/site-packages'
[1.144s] Level 1:colcon.colcon_core.environment:checking '/home/zaid/bumperbot_ws/src/install/bumperbot_description/bin'
[1.144s] INFO:colcon.colcon_core.shell:Creating package script '/home/zaid/bumperbot_ws/src/install/bumperbot_description/share/bumperbot_description/package.ps1'
[1.145s] INFO:colcon.colcon_core.shell:Creating package descriptor '/home/zaid/bumperbot_ws/src/install/bumperbot_description/share/bumperbot_description/package.dsv'
[1.146s] INFO:colcon.colcon_core.shell:Creating package script '/home/zaid/bumperbot_ws/src/install/bumperbot_description/share/bumperbot_description/package.sh'
[1.146s] INFO:colcon.colcon_core.shell:Creating package script '/home/zaid/bumperbot_ws/src/install/bumperbot_description/share/bumperbot_description/package.bash'
[1.147s] INFO:colcon.colcon_core.shell:Creating package script '/home/zaid/bumperbot_ws/src/install/bumperbot_description/share/bumperbot_description/package.zsh'
[1.147s] Level 1:colcon.colcon_core.environment:create_file_with_runtime_dependencies(/home/zaid/bumperbot_ws/src/install/bumperbot_description/share/colcon-core/packages/bumperbot_description)
[1.148s] Level 1:colcon.colcon_core.environment:create_environment_scripts_only(bumperbot_cpp_examples)
[1.148s] Level 1:colcon.colcon_core.environment:checking '/home/zaid/bumperbot_ws/src/install/bumperbot_cpp_examples' for CMake module files
[1.150s] Level 1:colcon.colcon_core.environment:checking '/home/zaid/bumperbot_ws/src/install/bumperbot_cpp_examples' for CMake config files
[1.150s] DEBUG:colcon.colcon_core.event_handler.log_command:Invoked command in '/home/zaid/bumperbot_ws/src/build/bumperbot_cpp_examples' returned '0': CMAKE_PREFIX_PATH=${CMAKE_PREFIX_PATH}:/opt/ros/jazzy DEBUGINFOD_URLS=https://debuginfod.ubuntu.com /usr/bin/cmake --install /home/zaid/bumperbot_ws/src/build/bumperbot_cpp_examples
[1.151s] Level 1:colcon.colcon_core.shell:create_environment_hook('bumperbot_cpp_examples', 'cmake_prefix_path')
[1.151s] INFO:colcon.colcon_core.shell:Creating environment hook '/home/zaid/bumperbot_ws/src/install/bumperbot_cpp_examples/share/bumperbot_cpp_examples/hook/cmake_prefix_path.ps1'
[1.152s] INFO:colcon.colcon_core.shell:Creating environment descriptor '/home/zaid/bumperbot_ws/src/install/bumperbot_cpp_examples/share/bumperbot_cpp_examples/hook/cmake_prefix_path.dsv'
[1.152s] INFO:colcon.colcon_core.shell:Creating environment hook '/home/zaid/bumperbot_ws/src/install/bumperbot_cpp_examples/share/bumperbot_cpp_examples/hook/cmake_prefix_path.sh'
[1.153s] Level 1:colcon.colcon_core.environment:checking '/home/zaid/bumperbot_ws/src/install/bumperbot_cpp_examples/lib'
[1.153s] Level 1:colcon.colcon_core.environment:checking '/home/zaid/bumperbot_ws/src/install/bumperbot_cpp_examples/bin'
[1.153s] Level 1:colcon.colcon_core.environment:checking '/home/zaid/bumperbot_ws/src/install/bumperbot_cpp_examples/lib/pkgconfig/bumperbot_cpp_examples.pc'
[1.153s] Level 1:colcon.colcon_core.environment:checking '/home/zaid/bumperbot_ws/src/install/bumperbot_cpp_examples/lib/python3.12/site-packages'
[1.154s] Level 1:colcon.colcon_core.environment:checking '/home/zaid/bumperbot_ws/src/install/bumperbot_cpp_examples/bin'
[1.154s] INFO:colcon.colcon_core.shell:Creating package script '/home/zaid/bumperbot_ws/src/install/bumperbot_cpp_examples/share/bumperbot_cpp_examples/package.ps1'
[1.155s] INFO:colcon.colcon_core.shell:Creating package descriptor '/home/zaid/bumperbot_ws/src/install/bumperbot_cpp_examples/share/bumperbot_cpp_examples/package.dsv'
[1.155s] INFO:colcon.colcon_core.shell:Creating package script '/home/zaid/bumperbot_ws/src/install/bumperbot_cpp_examples/share/bumperbot_cpp_examples/package.sh'
[1.156s] INFO:colcon.colcon_core.shell:Creating package script '/home/zaid/bumperbot_ws/src/install/bumperbot_cpp_examples/share/bumperbot_cpp_examples/package.bash'
[1.156s] INFO:colcon.colcon_core.shell:Creating package script '/home/zaid/bumperbot_ws/src/install/bumperbot_cpp_examples/share/bumperbot_cpp_examples/package.zsh'
[1.157s] Level 1:colcon.colcon_core.environment:create_file_with_runtime_dependencies(/home/zaid/bumperbot_ws/src/install/bumperbot_cpp_examples/share/colcon-core/packages/bumperbot_cpp_examples)
[1.157s] Level 1:colcon.colcon_core.environment:create_environment_scripts_only(bumperbot_cpp_examples)
[1.158s] Level 1:colcon.colcon_core.environment:checking '/home/zaid/bumperbot_ws/src/install/bumperbot_cpp_examples' for CMake module files
[1.158s] Level 1:colcon.colcon_core.environment:checking '/home/zaid/bumperbot_ws/src/install/bumperbot_cpp_examples' for CMake config files
[1.159s] Level 1:colcon.colcon_core.shell:create_environment_hook('bumperbot_cpp_examples', 'cmake_prefix_path')
[1.159s] INFO:colcon.colcon_core.shell:Creating environment hook '/home/zaid/bumperbot_ws/src/install/bumperbot_cpp_examples/share/bumperbot_cpp_examples/hook/cmake_prefix_path.ps1'
[1.159s] INFO:colcon.colcon_core.shell:Creating environment descriptor '/home/zaid/bumperbot_ws/src/install/bumperbot_cpp_examples/share/bumperbot_cpp_examples/hook/cmake_prefix_path.dsv'
[1.160s] INFO:colcon.colcon_core.shell:Creating environment hook '/home/zaid/bumperbot_ws/src/install/bumperbot_cpp_examples/share/bumperbot_cpp_examples/hook/cmake_prefix_path.sh'
[1.160s] Level 1:colcon.colcon_core.environment:checking '/home/zaid/bumperbot_ws/src/install/bumperbot_cpp_examples/lib'
[1.160s] Level 1:colcon.colcon_core.environment:checking '/home/zaid/bumperbot_ws/src/install/bumperbot_cpp_examples/bin'
[1.160s] Level 1:colcon.colcon_core.environment:checking '/home/zaid/bumperbot_ws/src/install/bumperbot_cpp_examples/lib/pkgconfig/bumperbot_cpp_examples.pc'
[1.161s] Level 1:colcon.colcon_core.environment:checking '/home/zaid/bumperbot_ws/src/install/bumperbot_cpp_examples/lib/python3.12/site-packages'
[1.161s] Level 1:colcon.colcon_core.environment:checking '/home/zaid/bumperbot_ws/src/install/bumperbot_cpp_examples/bin'
[1.161s] INFO:colcon.colcon_core.shell:Creating package script '/home/zaid/bumperbot_ws/src/install/bumperbot_cpp_examples/share/bumperbot_cpp_examples/package.ps1'
[1.162s] INFO:colcon.colcon_core.shell:Creating package descriptor '/home/zaid/bumperbot_ws/src/install/bumperbot_cpp_examples/share/bumperbot_cpp_examples/package.dsv'
[1.163s] INFO:colcon.colcon_core.shell:Creating package script '/home/zaid/bumperbot_ws/src/install/bumperbot_cpp_examples/share/bumperbot_cpp_examples/package.sh'
[1.163s] INFO:colcon.colcon_core.shell:Creating package script '/home/zaid/bumperbot_ws/src/install/bumperbot_cpp_examples/share/bumperbot_cpp_examples/package.bash'
[1.164s] INFO:colcon.colcon_core.shell:Creating package script '/home/zaid/bumperbot_ws/src/install/bumperbot_cpp_examples/share/bumperbot_cpp_examples/package.zsh'
[1.164s] Level 1:colcon.colcon_core.environment:create_file_with_runtime_dependencies(/home/zaid/bumperbot_ws/src/install/bumperbot_cpp_examples/share/colcon-core/packages/bumperbot_cpp_examples)
[1.392s] DEBUG:colcon.colcon_core.event_handler.log_command:Invoked command in '/home/zaid/bumperbot_ws/src/build/bumperbot_msgs' returned '0': CMAKE_PREFIX_PATH=${CMAKE_PREFIX_PATH}:/opt/ros/jazzy DEBUGINFOD_URLS=https://debuginfod.ubuntu.com /usr/bin/cmake --build /home/zaid/bumperbot_ws/src/build/bumperbot_msgs -- -j28 -l28
[1.394s] DEBUG:colcon.colcon_core.event_handler.log_command:Invoking command in '/home/zaid/bumperbot_ws/src/build/bumperbot_msgs': CMAKE_PREFIX_PATH=${CMAKE_PREFIX_PATH}:/opt/ros/jazzy DEBUGINFOD_URLS=https://debuginfod.ubuntu.com /usr/bin/cmake --install /home/zaid/bumperbot_ws/src/build/bumperbot_msgs
[1.400s] DEBUG:colcon.colcon_core.event_handler.log_command:Invoked command in '/home/zaid/bumperbot_ws/src/build/bumperbot_controller' returned '0': CMAKE_PREFIX_PATH=${CMAKE_PREFIX_PATH}:/opt/ros/jazzy DEBUGINFOD_URLS=https://debuginfod.ubuntu.com /usr/bin/cmake --build /home/zaid/bumperbot_ws/src/build/bumperbot_controller -- -j28 -l28
[1.402s] DEBUG:colcon.colcon_core.event_handler.log_command:Invoking command in '/home/zaid/bumperbot_ws/src/build/bumperbot_controller': CMAKE_PREFIX_PATH=${CMAKE_PREFIX_PATH}:/opt/ros/jazzy DEBUGINFOD_URLS=https://debuginfod.ubuntu.com /usr/bin/cmake --install /home/zaid/bumperbot_ws/src/build/bumperbot_controller
[1.545s] Level 1:colcon.colcon_core.environment:create_environment_scripts_only(bumperbot_msgs)
[1.546s] Level 1:colcon.colcon_core.environment:checking '/home/zaid/bumperbot_ws/src/install/bumperbot_msgs' for CMake module files
[1.553s] Level 1:colcon.colcon_core.environment:checking '/home/zaid/bumperbot_ws/src/install/bumperbot_msgs' for CMake config files
[1.553s] DEBUG:colcon.colcon_core.event_handler.log_command:Invoked command in '/home/zaid/bumperbot_ws/src/build/bumperbot_msgs' returned '0': CMAKE_PREFIX_PATH=${CMAKE_PREFIX_PATH}:/opt/ros/jazzy DEBUGINFOD_URLS=https://debuginfod.ubuntu.com /usr/bin/cmake --install /home/zaid/bumperbot_ws/src/build/bumperbot_msgs
[1.554s] Level 1:colcon.colcon_core.shell:create_environment_hook('bumperbot_msgs', 'cmake_prefix_path')
[1.555s] INFO:colcon.colcon_core.shell:Creating environment hook '/home/zaid/bumperbot_ws/src/install/bumperbot_msgs/share/bumperbot_msgs/hook/cmake_prefix_path.ps1'
[1.556s] INFO:colcon.colcon_core.shell:Creating environment descriptor '/home/zaid/bumperbot_ws/src/install/bumperbot_msgs/share/bumperbot_msgs/hook/cmake_prefix_path.dsv'
[1.557s] INFO:colcon.colcon_core.shell:Creating environment hook '/home/zaid/bumperbot_ws/src/install/bumperbot_msgs/share/bumperbot_msgs/hook/cmake_prefix_path.sh'
[1.558s] Level 1:colcon.colcon_core.environment:checking '/home/zaid/bumperbot_ws/src/install/bumperbot_msgs/lib'
[1.559s] Level 1:colcon.colcon_core.shell:create_environment_hook('bumperbot_msgs', 'ld_library_path_lib')
[1.559s] INFO:colcon.colcon_core.shell:Creating environment hook '/home/zaid/bumperbot_ws/src/install/bumperbot_msgs/share/bumperbot_msgs/hook/ld_library_path_lib.ps1'
[1.560s] INFO:colcon.colcon_core.shell:Creating environment descriptor '/home/zaid/bumperbot_ws/src/install/bumperbot_msgs/share/bumperbot_msgs/hook/ld_library_path_lib.dsv'
[1.561s] INFO:colcon.colcon_core.shell:Creating environment hook '/home/zaid/bumperbot_ws/src/install/bumperbot_msgs/share/bumperbot_msgs/hook/ld_library_path_lib.sh'
[1.562s] Level 1:colcon.colcon_core.environment:checking '/home/zaid/bumperbot_ws/src/install/bumperbot_msgs/bin'
[1.562s] Level 1:colcon.colcon_core.environment:checking '/home/zaid/bumperbot_ws/src/install/bumperbot_msgs/lib/pkgconfig/bumperbot_msgs.pc'
[1.563s] Level 1:colcon.colcon_core.environment:checking '/home/zaid/bumperbot_ws/src/install/bumperbot_msgs/lib/python3.12/site-packages'
[1.563s] Level 1:colcon.colcon_core.shell:create_environment_hook('bumperbot_msgs', 'pythonpath')
[1.563s] INFO:colcon.colcon_core.shell:Creating environment hook '/home/zaid/bumperbot_ws/src/install/bumperbot_msgs/share/bumperbot_msgs/hook/pythonpath.ps1'
[1.564s] INFO:colcon.colcon_core.shell:Creating environment descriptor '/home/zaid/bumperbot_ws/src/install/bumperbot_msgs/share/bumperbot_msgs/hook/pythonpath.dsv'
[1.565s] INFO:colcon.colcon_core.shell:Creating environment hook '/home/zaid/bumperbot_ws/src/install/bumperbot_msgs/share/bumperbot_msgs/hook/pythonpath.sh'
[1.567s] Level 1:colcon.colcon_core.environment:checking '/home/zaid/bumperbot_ws/src/install/bumperbot_msgs/bin'
[1.568s] INFO:colcon.colcon_core.shell:Creating package script '/home/zaid/bumperbot_ws/src/install/bumperbot_msgs/share/bumperbot_msgs/package.ps1'
[1.569s] INFO:colcon.colcon_core.shell:Creating package descriptor '/home/zaid/bumperbot_ws/src/install/bumperbot_msgs/share/bumperbot_msgs/package.dsv'
[1.570s] INFO:colcon.colcon_core.shell:Creating package script '/home/zaid/bumperbot_ws/src/install/bumperbot_msgs/share/bumperbot_msgs/package.sh'
[1.572s] INFO:colcon.colcon_core.shell:Creating package script '/home/zaid/bumperbot_ws/src/install/bumperbot_msgs/share/bumperbot_msgs/package.bash'
[1.572s] INFO:colcon.colcon_core.shell:Creating package script '/home/zaid/bumperbot_ws/src/install/bumperbot_msgs/share/bumperbot_msgs/package.zsh'
[1.573s] Level 1:colcon.colcon_core.environment:create_file_with_runtime_dependencies(/home/zaid/bumperbot_ws/src/install/bumperbot_msgs/share/colcon-core/packages/bumperbot_msgs)
[1.574s] Level 1:colcon.colcon_core.environment:create_environment_scripts_only(bumperbot_msgs)
[1.575s] Level 1:colcon.colcon_core.environment:checking '/home/zaid/bumperbot_ws/src/install/bumperbot_msgs' for CMake module files
[1.576s] Level 1:colcon.colcon_core.environment:checking '/home/zaid/bumperbot_ws/src/install/bumperbot_msgs' for CMake config files
[1.577s] Level 1:colcon.colcon_core.shell:create_environment_hook('bumperbot_msgs', 'cmake_prefix_path')
[1.578s] INFO:colcon.colcon_core.shell:Creating environment hook '/home/zaid/bumperbot_ws/src/install/bumperbot_msgs/share/bumperbot_msgs/hook/cmake_prefix_path.ps1'
[1.579s] INFO:colcon.colcon_core.shell:Creating environment descriptor '/home/zaid/bumperbot_ws/src/install/bumperbot_msgs/share/bumperbot_msgs/hook/cmake_prefix_path.dsv'
[1.579s] INFO:colcon.colcon_core.shell:Creating environment hook '/home/zaid/bumperbot_ws/src/install/bumperbot_msgs/share/bumperbot_msgs/hook/cmake_prefix_path.sh'
[1.581s] Level 1:colcon.colcon_core.environment:checking '/home/zaid/bumperbot_ws/src/install/bumperbot_msgs/lib'
[1.581s] Level 1:colcon.colcon_core.shell:create_environment_hook('bumperbot_msgs', 'ld_library_path_lib')
[1.581s] INFO:colcon.colcon_core.shell:Creating environment hook '/home/zaid/bumperbot_ws/src/install/bumperbot_msgs/share/bumperbot_msgs/hook/ld_library_path_lib.ps1'
[1.582s] INFO:colcon.colcon_core.shell:Creating environment descriptor '/home/zaid/bumperbot_ws/src/install/bumperbot_msgs/share/bumperbot_msgs/hook/ld_library_path_lib.dsv'
[1.583s] INFO:colcon.colcon_core.shell:Creating environment hook '/home/zaid/bumperbot_ws/src/install/bumperbot_msgs/share/bumperbot_msgs/hook/ld_library_path_lib.sh'
[1.583s] Level 1:colcon.colcon_core.environment:checking '/home/zaid/bumperbot_ws/src/install/bumperbot_msgs/bin'
[1.584s] Level 1:colcon.colcon_core.environment:checking '/home/zaid/bumperbot_ws/src/install/bumperbot_msgs/lib/pkgconfig/bumperbot_msgs.pc'
[1.584s] Level 1:colcon.colcon_core.environment:checking '/home/zaid/bumperbot_ws/src/install/bumperbot_msgs/lib/python3.12/site-packages'
[1.585s] Level 1:colcon.colcon_core.shell:create_environment_hook('bumperbot_msgs', 'pythonpath')
[1.585s] INFO:colcon.colcon_core.shell:Creating environment hook '/home/zaid/bumperbot_ws/src/install/bumperbot_msgs/share/bumperbot_msgs/hook/pythonpath.ps1'
[1.586s] INFO:colcon.colcon_core.shell:Creating environment descriptor '/home/zaid/bumperbot_ws/src/install/bumperbot_msgs/share/bumperbot_msgs/hook/pythonpath.dsv'
[1.587s] INFO:colcon.colcon_core.shell:Creating environment hook '/home/zaid/bumperbot_ws/src/install/bumperbot_msgs/share/bumperbot_msgs/hook/pythonpath.sh'
[1.588s] Level 1:colcon.colcon_core.environment:checking '/home/zaid/bumperbot_ws/src/install/bumperbot_msgs/bin'
[1.589s] INFO:colcon.colcon_core.shell:Creating package script '/home/zaid/bumperbot_ws/src/install/bumperbot_msgs/share/bumperbot_msgs/package.ps1'
[1.591s] INFO:colcon.colcon_core.shell:Creating package descriptor '/home/zaid/bumperbot_ws/src/install/bumperbot_msgs/share/bumperbot_msgs/package.dsv'
[1.592s] INFO:colcon.colcon_core.shell:Creating package script '/home/zaid/bumperbot_ws/src/install/bumperbot_msgs/share/bumperbot_msgs/package.sh'
[1.593s] INFO:colcon.colcon_core.shell:Creating package script '/home/zaid/bumperbot_ws/src/install/bumperbot_msgs/share/bumperbot_msgs/package.bash'
[1.594s] INFO:colcon.colcon_core.shell:Creating package script '/home/zaid/bumperbot_ws/src/install/bumperbot_msgs/share/bumperbot_msgs/package.zsh'
[1.595s] Level 1:colcon.colcon_core.environment:create_file_with_runtime_dependencies(/home/zaid/bumperbot_ws/src/install/bumperbot_msgs/share/colcon-core/packages/bumperbot_msgs)
[1.596s] INFO:colcon.colcon_ros.task.ament_python.build:Building ROS package in '/home/zaid/bumperbot_ws/src/bumperbot_py_examples' with build type 'ament_python'
[1.596s] Level 1:colcon.colcon_core.shell:create_environment_hook('bumperbot_py_examples', 'ament_prefix_path')
[1.597s] INFO:colcon.colcon_core.shell:Creating environment hook '/home/zaid/bumperbot_ws/src/install/bumperbot_py_examples/share/bumperbot_py_examples/hook/ament_prefix_path.ps1'
[1.598s] INFO:colcon.colcon_core.shell:Creating environment descriptor '/home/zaid/bumperbot_ws/src/install/bumperbot_py_examples/share/bumperbot_py_examples/hook/ament_prefix_path.dsv'
[1.599s] INFO:colcon.colcon_core.shell:Creating environment hook '/home/zaid/bumperbot_ws/src/install/bumperbot_py_examples/share/bumperbot_py_examples/hook/ament_prefix_path.sh'
[1.601s] INFO:colcon.colcon_core.shell:Skip shell extension 'powershell' for command environment: Not usable outside of PowerShell
[1.601s] DEBUG:colcon.colcon_core.shell:Skip shell extension 'dsv' for command environment
[1.609s] Level 1:colcon.colcon_core.environment:create_environment_scripts_only(bumperbot_controller)
[1.609s] Level 1:colcon.colcon_core.environment:checking '/home/zaid/bumperbot_ws/src/install/bumperbot_controller' for CMake module files
[1.610s] DEBUG:colcon.colcon_core.event_handler.log_command:Invoked command in '/home/zaid/bumperbot_ws/src/build/bumperbot_controller' returned '0': CMAKE_PREFIX_PATH=${CMAKE_PREFIX_PATH}:/opt/ros/jazzy DEBUGINFOD_URLS=https://debuginfod.ubuntu.com /usr/bin/cmake --install /home/zaid/bumperbot_ws/src/build/bumperbot_controller
[1.611s] Level 1:colcon.colcon_core.environment:checking '/home/zaid/bumperbot_ws/src/install/bumperbot_controller' for CMake config files
[1.612s] Level 1:colcon.colcon_core.shell:create_environment_hook('bumperbot_controller', 'cmake_prefix_path')
[1.612s] INFO:colcon.colcon_core.shell:Creating environment hook '/home/zaid/bumperbot_ws/src/install/bumperbot_controller/share/bumperbot_controller/hook/cmake_prefix_path.ps1'
[1.613s] INFO:colcon.colcon_core.shell:Creating environment descriptor '/home/zaid/bumperbot_ws/src/install/bumperbot_controller/share/bumperbot_controller/hook/cmake_prefix_path.dsv'
[1.614s] INFO:colcon.colcon_core.shell:Creating environment hook '/home/zaid/bumperbot_ws/src/install/bumperbot_controller/share/bumperbot_controller/hook/cmake_prefix_path.sh'
[1.615s] Level 1:colcon.colcon_core.environment:checking '/home/zaid/bumperbot_ws/src/install/bumperbot_controller/lib'
[1.615s] Level 1:colcon.colcon_core.environment:checking '/home/zaid/bumperbot_ws/src/install/bumperbot_controller/bin'
[1.616s] Level 1:colcon.colcon_core.environment:checking '/home/zaid/bumperbot_ws/src/install/bumperbot_controller/lib/pkgconfig/bumperbot_controller.pc'
[1.616s] Level 1:colcon.colcon_core.environment:checking '/home/zaid/bumperbot_ws/src/install/bumperbot_controller/lib/python3.12/site-packages'
[1.617s] Level 1:colcon.colcon_core.shell:create_environment_hook('bumperbot_controller', 'pythonpath')
[1.617s] INFO:colcon.colcon_core.shell:Creating environment hook '/home/zaid/bumperbot_ws/src/install/bumperbot_controller/share/bumperbot_controller/hook/pythonpath.ps1'
[1.618s] INFO:colcon.colcon_core.shell:Creating environment descriptor '/home/zaid/bumperbot_ws/src/install/bumperbot_controller/share/bumperbot_controller/hook/pythonpath.dsv'
[1.619s] INFO:colcon.colcon_core.shell:Creating environment hook '/home/zaid/bumperbot_ws/src/install/bumperbot_controller/share/bumperbot_controller/hook/pythonpath.sh'
[1.620s] Level 1:colcon.colcon_core.environment:checking '/home/zaid/bumperbot_ws/src/install/bumperbot_controller/bin'
[1.621s] INFO:colcon.colcon_core.shell:Creating package script '/home/zaid/bumperbot_ws/src/install/bumperbot_controller/share/bumperbot_controller/package.ps1'
[1.622s] INFO:colcon.colcon_core.shell:Creating package descriptor '/home/zaid/bumperbot_ws/src/install/bumperbot_controller/share/bumperbot_controller/package.dsv'
[1.623s] INFO:colcon.colcon_core.shell:Creating package script '/home/zaid/bumperbot_ws/src/install/bumperbot_controller/share/bumperbot_controller/package.sh'
[1.624s] INFO:colcon.colcon_core.shell:Creating package script '/home/zaid/bumperbot_ws/src/install/bumperbot_controller/share/bumperbot_controller/package.bash'
[1.625s] INFO:colcon.colcon_core.shell:Creating package script '/home/zaid/bumperbot_ws/src/install/bumperbot_controller/share/bumperbot_controller/package.zsh'
[1.625s] Level 1:colcon.colcon_core.environment:create_file_with_runtime_dependencies(/home/zaid/bumperbot_ws/src/install/bumperbot_controller/share/colcon-core/packages/bumperbot_controller)
[1.626s] Level 1:colcon.colcon_core.environment:create_environment_scripts_only(bumperbot_controller)
[1.627s] Level 1:colcon.colcon_core.environment:checking '/home/zaid/bumperbot_ws/src/install/bumperbot_controller' for CMake module files
[1.628s] Level 1:colcon.colcon_core.environment:checking '/home/zaid/bumperbot_ws/src/install/bumperbot_controller' for CMake config files
[1.628s] Level 1:colcon.colcon_core.shell:create_environment_hook('bumperbot_controller', 'cmake_prefix_path')
[1.629s] INFO:colcon.colcon_core.shell:Creating environment hook '/home/zaid/bumperbot_ws/src/install/bumperbot_controller/share/bumperbot_controller/hook/cmake_prefix_path.ps1'
[1.630s] INFO:colcon.colcon_core.shell:Creating environment descriptor '/home/zaid/bumperbot_ws/src/install/bumperbot_controller/share/bumperbot_controller/hook/cmake_prefix_path.dsv'
[1.630s] INFO:colcon.colcon_core.shell:Creating environment hook '/home/zaid/bumperbot_ws/src/install/bumperbot_controller/share/bumperbot_controller/hook/cmake_prefix_path.sh'
[1.631s] Level 1:colcon.colcon_core.environment:checking '/home/zaid/bumperbot_ws/src/install/bumperbot_controller/lib'
[1.632s] Level 1:colcon.colcon_core.environment:checking '/home/zaid/bumperbot_ws/src/install/bumperbot_controller/bin'
[1.632s] Level 1:colcon.colcon_core.environment:checking '/home/zaid/bumperbot_ws/src/install/bumperbot_controller/lib/pkgconfig/bumperbot_controller.pc'
[1.632s] Level 1:colcon.colcon_core.environment:checking '/home/zaid/bumperbot_ws/src/install/bumperbot_controller/lib/python3.12/site-packages'
[1.633s] Level 1:colcon.colcon_core.shell:create_environment_hook('bumperbot_controller', 'pythonpath')
[1.633s] INFO:colcon.colcon_core.shell:Creating environment hook '/home/zaid/bumperbot_ws/src/install/bumperbot_controller/share/bumperbot_controller/hook/pythonpath.ps1'
[1.634s] INFO:colcon.colcon_core.shell:Creating environment descriptor '/home/zaid/bumperbot_ws/src/install/bumperbot_controller/share/bumperbot_controller/hook/pythonpath.dsv'
[1.634s] INFO:colcon.colcon_core.shell:Creating environment hook '/home/zaid/bumperbot_ws/src/install/bumperbot_controller/share/bumperbot_controller/hook/pythonpath.sh'
[1.636s] Level 1:colcon.colcon_core.environment:checking '/home/zaid/bumperbot_ws/src/install/bumperbot_controller/bin'
[1.636s] INFO:colcon.colcon_core.shell:Creating package script '/home/zaid/bumperbot_ws/src/install/bumperbot_controller/share/bumperbot_controller/package.ps1'
[1.638s] INFO:colcon.colcon_core.shell:Creating package descriptor '/home/zaid/bumperbot_ws/src/install/bumperbot_controller/share/bumperbot_controller/package.dsv'
[1.639s] INFO:colcon.colcon_core.shell:Creating package script '/home/zaid/bumperbot_ws/src/install/bumperbot_controller/share/bumperbot_controller/package.sh'
[1.640s] INFO:colcon.colcon_core.shell:Creating package script '/home/zaid/bumperbot_ws/src/install/bumperbot_controller/share/bumperbot_controller/package.bash'
[1.641s] INFO:colcon.colcon_core.shell:Creating package script '/home/zaid/bumperbot_ws/src/install/bumperbot_controller/share/bumperbot_controller/package.zsh'
[1.642s] Level 1:colcon.colcon_core.environment:create_file_with_runtime_dependencies(/home/zaid/bumperbot_ws/src/install/bumperbot_controller/share/colcon-core/packages/bumperbot_controller)
[2.120s] INFO:colcon.colcon_core.task.python.build:Building Python package in '/home/zaid/bumperbot_ws/src/bumperbot_py_examples'
[2.120s] INFO:colcon.colcon_core.shell:Skip shell extension 'powershell' for command environment: Not usable outside of PowerShell
[2.120s] DEBUG:colcon.colcon_core.shell:Skip shell extension 'dsv' for command environment
[2.444s] DEBUG:colcon.colcon_core.task.python.build:Available setuptools commands: dist_info, upload_docs, build_clib, bdist_wheel, install_scripts, install_headers, clean, alias, test, bdist_dumb, register, extract_messages, bdist_rpm, bdist, install_egg_info, check, build_scripts, bdist_egg, compile_catalog, setopt, editable_wheel, install, build_ext, saveopts, update_catalog, upload, ptr, install_data, egg_info, build_py, build, sdist, install_lib, init_catalog, develop, easy_install, rotate, symlink_data, pytest
[2.449s] DEBUG:colcon.colcon_core.event_handler.log_command:Invoking command in '/home/zaid/bumperbot_ws/src/bumperbot_utils': DEBUGINFOD_URLS=https://debuginfod.ubuntu.com PYTHONPATH=/home/zaid/bumperbot_ws/src/build/bumperbot_utils/prefix_override:/usr/lib/python3/dist-packages/colcon_core/task/python/colcon_distutils_commands:/home/zaid/bumperbot_ws/src/install/bumperbot_utils/lib/python3.12/site-packages:${PYTHONPATH} /usr/bin/python3 -W ignore:setup.py install is deprecated -W ignore:easy_install command is deprecated setup.py egg_info --egg-base ../build/bumperbot_utils build --build-base /home/zaid/bumperbot_ws/src/build/bumperbot_utils/build install --record /home/zaid/bumperbot_ws/src/build/bumperbot_utils/install.log --install-scripts $base/lib/bumperbot_utils --single-version-externally-managed install_data
[3.250s] DEBUG:colcon.colcon_core.task.python.build:Available setuptools commands: dist_info, upload_docs, build_clib, bdist_wheel, install_scripts, install_headers, clean, alias, test, bdist_dumb, register, extract_messages, bdist_rpm, bdist, install_egg_info, check, build_scripts, bdist_egg, compile_catalog, setopt, editable_wheel, install, build_ext, saveopts, update_catalog, upload, ptr, install_data, egg_info, build_py, build, sdist, install_lib, init_catalog, develop, easy_install, rotate, symlink_data, pytest
[3.253s] DEBUG:colcon.colcon_core.event_handler.log_command:Invoking command in '/home/zaid/bumperbot_ws/src/bumperbot_py_examples': AMENT_PREFIX_PATH=/home/zaid/bumperbot_ws/src/install/bumperbot_msgs:${AMENT_PREFIX_PATH} CMAKE_PREFIX_PATH=/home/zaid/bumperbot_ws/src/install/bumperbot_msgs:${CMAKE_PREFIX_PATH} DEBUGINFOD_URLS=https://debuginfod.ubuntu.com LD_LIBRARY_PATH=/home/zaid/bumperbot_ws/src/install/bumperbot_msgs/lib:${LD_LIBRARY_PATH} PYTHONPATH=/home/zaid/bumperbot_ws/src/build/bumperbot_py_examples/prefix_override:/usr/lib/python3/dist-packages/colcon_core/task/python/colcon_distutils_commands:/home/zaid/bumperbot_ws/src/install/bumperbot_py_examples/lib/python3.12/site-packages:/home/zaid/bumperbot_ws/src/install/bumperbot_msgs/lib/python3.12/site-packages:${PYTHONPATH} /usr/bin/python3 -W ignore:setup.py install is deprecated -W ignore:easy_install command is deprecated setup.py egg_info --egg-base ../build/bumperbot_py_examples build --build-base /home/zaid/bumperbot_ws/src/build/bumperbot_py_examples/build install --record /home/zaid/bumperbot_ws/src/build/bumperbot_py_examples/install.log --install-scripts $base/lib/bumperbot_py_examples --single-version-externally-managed install_data
[3.466s] Level 1:colcon.colcon_core.environment:checking '/home/zaid/bumperbot_ws/src/install/bumperbot_utils' for CMake module files
[3.466s] DEBUG:colcon.colcon_core.event_handler.log_command:Invoked command in '/home/zaid/bumperbot_ws/src/bumperbot_utils' returned '0': DEBUGINFOD_URLS=https://debuginfod.ubuntu.com PYTHONPATH=/home/zaid/bumperbot_ws/src/build/bumperbot_utils/prefix_override:/usr/lib/python3/dist-packages/colcon_core/task/python/colcon_distutils_commands:/home/zaid/bumperbot_ws/src/install/bumperbot_utils/lib/python3.12/site-packages:${PYTHONPATH} /usr/bin/python3 -W ignore:setup.py install is deprecated -W ignore:easy_install command is deprecated setup.py egg_info --egg-base ../build/bumperbot_utils build --build-base /home/zaid/bumperbot_ws/src/build/bumperbot_utils/build install --record /home/zaid/bumperbot_ws/src/build/bumperbot_utils/install.log --install-scripts $base/lib/bumperbot_utils --single-version-externally-managed install_data
[3.467s] Level 1:colcon.colcon_core.environment:checking '/home/zaid/bumperbot_ws/src/install/bumperbot_utils' for CMake config files
[3.468s] Level 1:colcon.colcon_core.environment:checking '/home/zaid/bumperbot_ws/src/install/bumperbot_utils/lib'
[3.468s] Level 1:colcon.colcon_core.environment:checking '/home/zaid/bumperbot_ws/src/install/bumperbot_utils/bin'
[3.468s] Level 1:colcon.colcon_core.environment:checking '/home/zaid/bumperbot_ws/src/install/bumperbot_utils/lib/pkgconfig/bumperbot_utils.pc'
[3.468s] Level 1:colcon.colcon_core.environment:checking '/home/zaid/bumperbot_ws/src/install/bumperbot_utils/lib/python3.12/site-packages'
[3.468s] Level 1:colcon.colcon_core.shell:create_environment_hook('bumperbot_utils', 'pythonpath')
[3.469s] INFO:colcon.colcon_core.shell:Creating environment hook '/home/zaid/bumperbot_ws/src/install/bumperbot_utils/share/bumperbot_utils/hook/pythonpath.ps1'
[3.469s] INFO:colcon.colcon_core.shell:Creating environment descriptor '/home/zaid/bumperbot_ws/src/install/bumperbot_utils/share/bumperbot_utils/hook/pythonpath.dsv'
[3.470s] INFO:colcon.colcon_core.shell:Creating environment hook '/home/zaid/bumperbot_ws/src/install/bumperbot_utils/share/bumperbot_utils/hook/pythonpath.sh'
[3.471s] Level 1:colcon.colcon_core.environment:checking '/home/zaid/bumperbot_ws/src/install/bumperbot_utils/bin'
[3.471s] Level 1:colcon.colcon_core.environment:create_environment_scripts_only(bumperbot_utils)
[3.471s] INFO:colcon.colcon_core.shell:Creating package script '/home/zaid/bumperbot_ws/src/install/bumperbot_utils/share/bumperbot_utils/package.ps1'
[3.472s] INFO:colcon.colcon_core.shell:Creating package descriptor '/home/zaid/bumperbot_ws/src/install/bumperbot_utils/share/bumperbot_utils/package.dsv'
[3.472s] INFO:colcon.colcon_core.shell:Creating package script '/home/zaid/bumperbot_ws/src/install/bumperbot_utils/share/bumperbot_utils/package.sh'
[3.473s] INFO:colcon.colcon_core.shell:Creating package script '/home/zaid/bumperbot_ws/src/install/bumperbot_utils/share/bumperbot_utils/package.bash'
[3.473s] INFO:colcon.colcon_core.shell:Creating package script '/home/zaid/bumperbot_ws/src/install/bumperbot_utils/share/bumperbot_utils/package.zsh'
[3.474s] Level 1:colcon.colcon_core.environment:create_file_with_runtime_dependencies(/home/zaid/bumperbot_ws/src/install/bumperbot_utils/share/colcon-core/packages/bumperbot_utils)
[4.041s] Level 1:colcon.colcon_core.environment:checking '/home/zaid/bumperbot_ws/src/install/bumperbot_py_examples' for CMake module files
[4.042s] DEBUG:colcon.colcon_core.event_handler.log_command:Invoked command in '/home/zaid/bumperbot_ws/src/bumperbot_py_examples' returned '0': AMENT_PREFIX_PATH=/home/zaid/bumperbot_ws/src/install/bumperbot_msgs:${AMENT_PREFIX_PATH} CMAKE_PREFIX_PATH=/home/zaid/bumperbot_ws/src/install/bumperbot_msgs:${CMAKE_PREFIX_PATH} DEBUGINFOD_URLS=https://debuginfod.ubuntu.com LD_LIBRARY_PATH=/home/zaid/bumperbot_ws/src/install/bumperbot_msgs/lib:${LD_LIBRARY_PATH} PYTHONPATH=/home/zaid/bumperbot_ws/src/build/bumperbot_py_examples/prefix_override:/usr/lib/python3/dist-packages/colcon_core/task/python/colcon_distutils_commands:/home/zaid/bumperbot_ws/src/install/bumperbot_py_examples/lib/python3.12/site-packages:/home/zaid/bumperbot_ws/src/install/bumperbot_msgs/lib/python3.12/site-packages:${PYTHONPATH} /usr/bin/python3 -W ignore:setup.py install is deprecated -W ignore:easy_install command is deprecated setup.py egg_info --egg-base ../build/bumperbot_py_examples build --build-base /home/zaid/bumperbot_ws/src/build/bumperbot_py_examples/build install --record /home/zaid/bumperbot_ws/src/build/bumperbot_py_examples/install.log --install-scripts $base/lib/bumperbot_py_examples --single-version-externally-managed install_data
[4.042s] Level 1:colcon.colcon_core.environment:checking '/home/zaid/bumperbot_ws/src/install/bumperbot_py_examples' for CMake config files
[4.043s] Level 1:colcon.colcon_core.environment:checking '/home/zaid/bumperbot_ws/src/install/bumperbot_py_examples/lib'
[4.043s] Level 1:colcon.colcon_core.environment:checking '/home/zaid/bumperbot_ws/src/install/bumperbot_py_examples/bin'
[4.043s] Level 1:colcon.colcon_core.environment:checking '/home/zaid/bumperbot_ws/src/install/bumperbot_py_examples/lib/pkgconfig/bumperbot_py_examples.pc'
[4.043s] Level 1:colcon.colcon_core.environment:checking '/home/zaid/bumperbot_ws/src/install/bumperbot_py_examples/lib/python3.12/site-packages'
[4.044s] Level 1:colcon.colcon_core.shell:create_environment_hook('bumperbot_py_examples', 'pythonpath')
[4.044s] INFO:colcon.colcon_core.shell:Creating environment hook '/home/zaid/bumperbot_ws/src/install/bumperbot_py_examples/share/bumperbot_py_examples/hook/pythonpath.ps1'
[4.044s] INFO:colcon.colcon_core.shell:Creating environment descriptor '/home/zaid/bumperbot_ws/src/install/bumperbot_py_examples/share/bumperbot_py_examples/hook/pythonpath.dsv'
[4.045s] INFO:colcon.colcon_core.shell:Creating environment hook '/home/zaid/bumperbot_ws/src/install/bumperbot_py_examples/share/bumperbot_py_examples/hook/pythonpath.sh'
[4.046s] Level 1:colcon.colcon_core.environment:checking '/home/zaid/bumperbot_ws/src/install/bumperbot_py_examples/bin'
[4.046s] Level 1:colcon.colcon_core.environment:create_environment_scripts_only(bumperbot_py_examples)
[4.046s] INFO:colcon.colcon_core.shell:Creating package script '/home/zaid/bumperbot_ws/src/install/bumperbot_py_examples/share/bumperbot_py_examples/package.ps1'
[4.047s] INFO:colcon.colcon_core.shell:Creating package descriptor '/home/zaid/bumperbot_ws/src/install/bumperbot_py_examples/share/bumperbot_py_examples/package.dsv'
[4.047s] INFO:colcon.colcon_core.shell:Creating package script '/home/zaid/bumperbot_ws/src/install/bumperbot_py_examples/share/bumperbot_py_examples/package.sh'
[4.048s] INFO:colcon.colcon_core.shell:Creating package script '/home/zaid/bumperbot_ws/src/install/bumperbot_py_examples/share/bumperbot_py_examples/package.bash'
[4.048s] INFO:colcon.colcon_core.shell:Creating package script '/home/zaid/bumperbot_ws/src/install/bumperbot_py_examples/share/bumperbot_py_examples/package.zsh'
[4.048s] Level 1:colcon.colcon_core.environment:create_file_with_runtime_dependencies(/home/zaid/bumperbot_ws/src/install/bumperbot_py_examples/share/colcon-core/packages/bumperbot_py_examples)
[4.049s] DEBUG:colcon.colcon_parallel_executor.executor.parallel:closing loop
[4.049s] DEBUG:colcon.colcon_parallel_executor.executor.parallel:loop closed
[4.049s] DEBUG:colcon.colcon_parallel_executor.executor.parallel:run_until_complete finished with '0'
[4.049s] DEBUG:colcon.colcon_core.event_reactor:joining thread
[4.057s] INFO:colcon.colcon_core.plugin_system:Skipping extension 'colcon_notification.desktop_notification.terminal_notifier': Not used on non-Darwin systems
[4.057s] INFO:colcon.colcon_core.plugin_system:Skipping extension 'colcon_notification.desktop_notification.win32': Not used on non-Windows systems
[4.057s] INFO:colcon.colcon_notification.desktop_notification:Sending desktop notification using 'notify2'
[4.076s] DEBUG:colcon.colcon_core.event_reactor:joined thread
[4.077s] INFO:colcon.colcon_core.shell:Creating prefix script '/home/zaid/bumperbot_ws/src/install/local_setup.ps1'
[4.078s] INFO:colcon.colcon_core.shell:Creating prefix util module '/home/zaid/bumperbot_ws/src/install/_local_setup_util_ps1.py'
[4.079s] INFO:colcon.colcon_core.shell:Creating prefix chain script '/home/zaid/bumperbot_ws/src/install/setup.ps1'
[4.080s] INFO:colcon.colcon_core.shell:Creating prefix script '/home/zaid/bumperbot_ws/src/install/local_setup.sh'
[4.081s] INFO:colcon.colcon_core.shell:Creating prefix util module '/home/zaid/bumperbot_ws/src/install/_local_setup_util_sh.py'
[4.081s] INFO:colcon.colcon_core.shell:Creating prefix chain script '/home/zaid/bumperbot_ws/src/install/setup.sh'
[4.082s] INFO:colcon.colcon_core.shell:Creating prefix script '/home/zaid/bumperbot_ws/src/install/local_setup.bash'
[4.083s] INFO:colcon.colcon_core.shell:Creating prefix chain script '/home/zaid/bumperbot_ws/src/install/setup.bash'
[4.084s] INFO:colcon.colcon_core.shell:Creating prefix script '/home/zaid/bumperbot_ws/src/install/local_setup.zsh'
[4.084s] INFO:colcon.colcon_core.shell:Creating prefix chain script '/home/zaid/bumperbot_ws/src/install/setup.zsh'
