[0.064s] Invoking command in '/home/zaid/bumperbot_ws/src/build/bumperbot_controller': CMAKE_PREFIX_PATH=${CMAKE_PREFIX_PATH}:/opt/ros/jazzy DEBUGINFOD_URLS=https://debuginfod.ubuntu.com /usr/bin/cmake --build /home/zaid/bumperbot_ws/src/build/bumperbot_controller -- -j28 -l28
[0.239s] Built target ament_cmake_python_copy_bumperbot_controller
[0.987s] running egg_info
[1.063s] writing bumperbot_controller.egg-info/PKG-INFO
[1.063s] writing dependency_links to bumperbot_controller.egg-info/dependency_links.txt
[1.064s] writing top-level names to bumperbot_controller.egg-info/top_level.txt
[1.260s] reading manifest file 'bumperbot_controller.egg-info/SOURCES.txt'
[1.262s] writing manifest file 'bumperbot_controller.egg-info/SOURCES.txt'
[1.345s] Built target ament_cmake_python_build_bumperbot_controller_egg
[1.381s] Invoked command in '/home/zaid/bumperbot_ws/src/build/bumperbot_controller' returned '0': CMAKE_PREFIX_PATH=${CMAKE_PREFIX_PATH}:/opt/ros/jazzy DEBUGINFOD_URLS=https://debuginfod.ubuntu.com /usr/bin/cmake --build /home/zaid/bumperbot_ws/src/build/bumperbot_controller -- -j28 -l28
[1.385s] Invoking command in '/home/zaid/bumperbot_ws/src/build/bumperbot_controller': CMAKE_PREFIX_PATH=${CMAKE_PREFIX_PATH}:/opt/ros/jazzy DEBUGINFOD_URLS=https://debuginfod.ubuntu.com /usr/bin/cmake --install /home/zaid/bumperbot_ws/src/build/bumperbot_controller
[1.411s] -- Install configuration: ""
[1.412s] -- Up-to-date: /home/zaid/bumperbot_ws/src/install/bumperbot_controller/share/bumperbot_controller/environment/pythonpath.sh
[1.412s] -- Up-to-date: /home/zaid/bumperbot_ws/src/install/bumperbot_controller/share/bumperbot_controller/environment/pythonpath.dsv
[1.413s] -- Up-to-date: /home/zaid/bumperbot_ws/src/install/bumperbot_controller/lib/python3.12/site-packages/bumperbot_controller-0.0.0-py3.12.egg-info
[1.414s] -- Installing: /home/zaid/bumperbot_ws/src/install/bumperbot_controller/lib/python3.12/site-packages/bumperbot_controller-0.0.0-py3.12.egg-info/PKG-INFO
[1.414s] -- Installing: /home/zaid/bumperbot_ws/src/install/bumperbot_controller/lib/python3.12/site-packages/bumperbot_controller-0.0.0-py3.12.egg-info/top_level.txt
[1.414s] -- Installing: /home/zaid/bumperbot_ws/src/install/bumperbot_controller/lib/python3.12/site-packages/bumperbot_controller-0.0.0-py3.12.egg-info/SOURCES.txt
[1.415s] -- Installing: /home/zaid/bumperbot_ws/src/install/bumperbot_controller/lib/python3.12/site-packages/bumperbot_controller-0.0.0-py3.12.egg-info/dependency_links.txt
[1.415s] -- Up-to-date: /home/zaid/bumperbot_ws/src/install/bumperbot_controller/lib/python3.12/site-packages/bumperbot_controller
[1.415s] -- Up-to-date: /home/zaid/bumperbot_ws/src/install/bumperbot_controller/lib/python3.12/site-packages/bumperbot_controller/__init__.py
[1.415s] -- Up-to-date: /home/zaid/bumperbot_ws/src/install/bumperbot_controller/lib/python3.12/site-packages/bumperbot_controller/simple_controller.py
[1.531s] Listing '/home/zaid/bumperbot_ws/src/install/bumperbot_controller/lib/python3.12/site-packages/bumperbot_controller'...
[1.549s] -- Up-to-date: /home/zaid/bumperbot_ws/src/install/bumperbot_controller/share/bumperbot_controller/config
[1.550s] -- Installing: /home/zaid/bumperbot_ws/src/install/bumperbot_controller/share/bumperbot_controller/config/bumperbot_controllers.yaml
[1.551s] -- Up-to-date: /home/zaid/bumperbot_ws/src/install/bumperbot_controller/share/bumperbot_controller/config/joy_config.yaml
[1.551s] -- Up-to-date: /home/zaid/bumperbot_ws/src/install/bumperbot_controller/share/bumperbot_controller/config/joy_teleop.yaml
[1.552s] -- Up-to-date: /home/zaid/bumperbot_ws/src/install/bumperbot_controller/share/bumperbot_controller/launch
[1.552s] -- Up-to-date: /home/zaid/bumperbot_ws/src/install/bumperbot_controller/share/bumperbot_controller/launch/joystick_teleop.launch.py
[1.553s] -- Up-to-date: /home/zaid/bumperbot_ws/src/install/bumperbot_controller/share/bumperbot_controller/launch/controller.launch.py
[1.553s] -- Up-to-date: /home/zaid/bumperbot_ws/src/install/bumperbot_controller/lib/bumperbot_controller/simple_controller.py
[1.553s] -- Up-to-date: /home/zaid/bumperbot_ws/src/install/bumperbot_controller/share/ament_index/resource_index/package_run_dependencies/bumperbot_controller
[1.554s] -- Up-to-date: /home/zaid/bumperbot_ws/src/install/bumperbot_controller/share/ament_index/resource_index/parent_prefix_path/bumperbot_controller
[1.554s] -- Up-to-date: /home/zaid/bumperbot_ws/src/install/bumperbot_controller/share/bumperbot_controller/environment/ament_prefix_path.sh
[1.554s] -- Up-to-date: /home/zaid/bumperbot_ws/src/install/bumperbot_controller/share/bumperbot_controller/environment/ament_prefix_path.dsv
[1.554s] -- Up-to-date: /home/zaid/bumperbot_ws/src/install/bumperbot_controller/share/bumperbot_controller/environment/path.sh
[1.555s] -- Up-to-date: /home/zaid/bumperbot_ws/src/install/bumperbot_controller/share/bumperbot_controller/environment/path.dsv
[1.555s] -- Up-to-date: /home/zaid/bumperbot_ws/src/install/bumperbot_controller/share/bumperbot_controller/local_setup.bash
[1.555s] -- Up-to-date: /home/zaid/bumperbot_ws/src/install/bumperbot_controller/share/bumperbot_controller/local_setup.sh
[1.555s] -- Up-to-date: /home/zaid/bumperbot_ws/src/install/bumperbot_controller/share/bumperbot_controller/local_setup.zsh
[1.555s] -- Up-to-date: /home/zaid/bumperbot_ws/src/install/bumperbot_controller/share/bumperbot_controller/local_setup.dsv
[1.556s] -- Installing: /home/zaid/bumperbot_ws/src/install/bumperbot_controller/share/bumperbot_controller/package.dsv
[1.557s] -- Up-to-date: /home/zaid/bumperbot_ws/src/install/bumperbot_controller/share/ament_index/resource_index/packages/bumperbot_controller
[1.558s] -- Up-to-date: /home/zaid/bumperbot_ws/src/install/bumperbot_controller/share/bumperbot_controller/cmake/bumperbot_controllerConfig.cmake
[1.559s] -- Up-to-date: /home/zaid/bumperbot_ws/src/install/bumperbot_controller/share/bumperbot_controller/cmake/bumperbot_controllerConfig-version.cmake
[1.559s] -- Up-to-date: /home/zaid/bumperbot_ws/src/install/bumperbot_controller/share/bumperbot_controller/package.xml
[1.560s] Invoked command in '/home/zaid/bumperbot_ws/src/build/bumperbot_controller' returned '0': CMAKE_PREFIX_PATH=${CMAKE_PREFIX_PATH}:/opt/ros/jazzy DEBUGINFOD_URLS=https://debuginfod.ubuntu.com /usr/bin/cmake --install /home/zaid/bumperbot_ws/src/build/bumperbot_controller
