[0.047s] Invoking command in '/home/zaid/bumperbot_ws/src/build/bumperbot_description': CMAKE_PREFIX_PATH=${CMAKE_PREFIX_PATH}:/opt/ros/jazzy DEBUGINFOD_URLS=https://debuginfod.ubuntu.com /usr/bin/cmake /home/zaid/bumperbot_ws/src/bumperbot_description -DCMAKE_INSTALL_PREFIX=/home/zaid/bumperbot_ws/src/install/bumperbot_description
[0.198s] -- The C compiler identification is GNU 13.3.0
[0.377s] -- The CXX compiler identification is GNU 13.3.0
[0.428s] -- Detecting C compiler ABI info
[0.673s] -- Detecting C compiler ABI info - done
[0.704s] -- Check for working C compiler: /usr/bin/cc - skipped
[0.705s] -- Detecting C compile features
[0.706s] -- Detecting C compile features - done
[0.733s] -- Detecting CXX compiler ABI info
[1.015s] -- Detecting CXX compiler ABI info - done
[1.053s] -- Check for working CXX compiler: /usr/bin/c++ - skipped
[1.054s] -- Detecting CXX compile features
[1.055s] -- Detecting CXX compile features - done
[1.062s] -- Found ament_cmake: 2.5.6 (/opt/ros/jazzy/share/ament_cmake/cmake)
[1.344s] -- Found Python3: /usr/bin/python3 (found version "3.12.3") found components: Interpreter 
[1.568s] -- Found urdf: 2.10.1 (/opt/ros/jazzy/share/urdf/cmake)
[1.659s] -- Found TinyXML2 via Config file: /usr/lib/x86_64-linux-gnu/cmake/tinyxml2
[1.687s] -- Found ament_lint_auto: 0.17.5 (/opt/ros/jazzy/share/ament_lint_auto/cmake)
[1.938s] -- Added test 'copyright' to check source files copyright and LICENSE
[1.942s] -- Added test 'flake8' to check Python code syntax and style conventions
[1.942s] -- Configured 'flake8' exclude dirs and/or files: 
[1.943s] -- Added test 'lint_cmake' to check CMake code style
[1.945s] -- Added test 'pep257' to check Python code against some of the docstring style conventions in PEP 257
[1.947s] -- Added test 'xmllint' to check XML markup files
[1.951s] -- Configuring done (1.9s)
[1.956s] -- Generating done (0.0s)
[1.960s] -- Build files have been written to: /home/zaid/bumperbot_ws/src/build/bumperbot_description
[1.976s] Invoked command in '/home/zaid/bumperbot_ws/src/build/bumperbot_description' returned '0': CMAKE_PREFIX_PATH=${CMAKE_PREFIX_PATH}:/opt/ros/jazzy DEBUGINFOD_URLS=https://debuginfod.ubuntu.com /usr/bin/cmake /home/zaid/bumperbot_ws/src/bumperbot_description -DCMAKE_INSTALL_PREFIX=/home/zaid/bumperbot_ws/src/install/bumperbot_description
[1.980s] Invoking command in '/home/zaid/bumperbot_ws/src/build/bumperbot_description': CMAKE_PREFIX_PATH=${CMAKE_PREFIX_PATH}:/opt/ros/jazzy DEBUGINFOD_URLS=https://debuginfod.ubuntu.com /usr/bin/cmake --build /home/zaid/bumperbot_ws/src/build/bumperbot_description -- -j28 -l28
[2.064s] Invoked command in '/home/zaid/bumperbot_ws/src/build/bumperbot_description' returned '0': CMAKE_PREFIX_PATH=${CMAKE_PREFIX_PATH}:/opt/ros/jazzy DEBUGINFOD_URLS=https://debuginfod.ubuntu.com /usr/bin/cmake --build /home/zaid/bumperbot_ws/src/build/bumperbot_description -- -j28 -l28
[2.088s] Invoking command in '/home/zaid/bumperbot_ws/src/build/bumperbot_description': CMAKE_PREFIX_PATH=${CMAKE_PREFIX_PATH}:/opt/ros/jazzy DEBUGINFOD_URLS=https://debuginfod.ubuntu.com /usr/bin/cmake --install /home/zaid/bumperbot_ws/src/build/bumperbot_description
[2.113s] -- Install configuration: ""
[2.113s] -- Installing: /home/zaid/bumperbot_ws/src/install/bumperbot_description/share/bumperbot_description/launch
[2.114s] -- Installing: /home/zaid/bumperbot_ws/src/install/bumperbot_description/share/bumperbot_description/launch/display.launch.py
[2.114s] -- Installing: /home/zaid/bumperbot_ws/src/install/bumperbot_description/share/bumperbot_description/launch/gazebo.launch.py
[2.115s] -- Installing: /home/zaid/bumperbot_ws/src/install/bumperbot_description/share/bumperbot_description/meshes
[2.115s] -- Installing: /home/zaid/bumperbot_ws/src/install/bumperbot_description/share/bumperbot_description/meshes/base_link.STL
[2.146s] -- Installing: /home/zaid/bumperbot_ws/src/install/bumperbot_description/share/bumperbot_description/meshes/wheel_right_link.STL
[2.148s] -- Installing: /home/zaid/bumperbot_ws/src/install/bumperbot_description/share/bumperbot_description/meshes/caster_rear_link.STL
[2.150s] -- Installing: /home/zaid/bumperbot_ws/src/install/bumperbot_description/share/bumperbot_description/meshes/imu_link.STL
[2.151s] -- Installing: /home/zaid/bumperbot_ws/src/install/bumperbot_description/share/bumperbot_description/meshes/wheel_left_link.STL
[2.153s] -- Installing: /home/zaid/bumperbot_ws/src/install/bumperbot_description/share/bumperbot_description/meshes/caster_front_link.STL
[2.154s] -- Installing: /home/zaid/bumperbot_ws/src/install/bumperbot_description/share/bumperbot_description/urdf
[2.154s] -- Installing: /home/zaid/bumperbot_ws/src/install/bumperbot_description/share/bumperbot_description/urdf/bumperbot_ros2_control.xacro
[2.155s] -- Installing: /home/zaid/bumperbot_ws/src/install/bumperbot_description/share/bumperbot_description/urdf/bumperbot.urdf.xacro
[2.155s] -- Installing: /home/zaid/bumperbot_ws/src/install/bumperbot_description/share/bumperbot_description/urdf/bumperbot_gazebo.xacro
[2.156s] -- Installing: /home/zaid/bumperbot_ws/src/install/bumperbot_description/share/bumperbot_description/rviz
[2.156s] -- Installing: /home/zaid/bumperbot_ws/src/install/bumperbot_description/share/bumperbot_description/rviz/display.rviz
[2.156s] -- Installing: /home/zaid/bumperbot_ws/src/install/bumperbot_description/share/ament_index/resource_index/package_run_dependencies/bumperbot_description
[2.156s] -- Installing: /home/zaid/bumperbot_ws/src/install/bumperbot_description/share/ament_index/resource_index/parent_prefix_path/bumperbot_description
[2.157s] -- Installing: /home/zaid/bumperbot_ws/src/install/bumperbot_description/share/bumperbot_description/environment/ament_prefix_path.sh
[2.157s] -- Installing: /home/zaid/bumperbot_ws/src/install/bumperbot_description/share/bumperbot_description/environment/ament_prefix_path.dsv
[2.157s] -- Installing: /home/zaid/bumperbot_ws/src/install/bumperbot_description/share/bumperbot_description/environment/path.sh
[2.157s] -- Installing: /home/zaid/bumperbot_ws/src/install/bumperbot_description/share/bumperbot_description/environment/path.dsv
[2.157s] -- Installing: /home/zaid/bumperbot_ws/src/install/bumperbot_description/share/bumperbot_description/local_setup.bash
[2.158s] -- Installing: /home/zaid/bumperbot_ws/src/install/bumperbot_description/share/bumperbot_description/local_setup.sh
[2.158s] -- Installing: /home/zaid/bumperbot_ws/src/install/bumperbot_description/share/bumperbot_description/local_setup.zsh
[2.158s] -- Installing: /home/zaid/bumperbot_ws/src/install/bumperbot_description/share/bumperbot_description/local_setup.dsv
[2.158s] -- Installing: /home/zaid/bumperbot_ws/src/install/bumperbot_description/share/bumperbot_description/package.dsv
[2.159s] -- Installing: /home/zaid/bumperbot_ws/src/install/bumperbot_description/share/ament_index/resource_index/packages/bumperbot_description
[2.159s] -- Installing: /home/zaid/bumperbot_ws/src/install/bumperbot_description/share/bumperbot_description/cmake/bumperbot_descriptionConfig.cmake
[2.159s] -- Installing: /home/zaid/bumperbot_ws/src/install/bumperbot_description/share/bumperbot_description/cmake/bumperbot_descriptionConfig-version.cmake
[2.159s] -- Installing: /home/zaid/bumperbot_ws/src/install/bumperbot_description/share/bumperbot_description/package.xml
[2.163s] Invoked command in '/home/zaid/bumperbot_ws/src/build/bumperbot_description' returned '0': CMAKE_PREFIX_PATH=${CMAKE_PREFIX_PATH}:/opt/ros/jazzy DEBUGINFOD_URLS=https://debuginfod.ubuntu.com /usr/bin/cmake --install /home/zaid/bumperbot_ws/src/build/bumperbot_description
