/home/zaid/bumperbot_ws/src/install/bumperbot_py_examples/lib/python3.12/site-packages/bumperbot_py_examples/simple_publisher.py
/home/zaid/bumperbot_ws/src/install/bumperbot_py_examples/lib/python3.12/site-packages/bumperbot_py_examples/__init__.py
/home/zaid/bumperbot_ws/src/install/bumperbot_py_examples/lib/python3.12/site-packages/bumperbot_py_examples/simple_service_server.py
/home/zaid/bumperbot_ws/src/install/bumperbot_py_examples/lib/python3.12/site-packages/bumperbot_py_examples/simple_parameter.py
/home/zaid/bumperbot_ws/src/install/bumperbot_py_examples/lib/python3.12/site-packages/bumperbot_py_examples/simple_subscriber.py
/home/zaid/bumperbot_ws/src/install/bumperbot_py_examples/lib/python3.12/site-packages/bumperbot_py_examples/simple_tf_kinematics.py
/home/zaid/bumperbot_ws/src/install/bumperbot_py_examples/lib/python3.12/site-packages/bumperbot_py_examples/simple_service_client.py
/home/zaid/bumperbot_ws/src/install/bumperbot_py_examples/lib/python3.12/site-packages/bumperbot_py_examples/simple_turtlesim_kinematics.py
/home/zaid/bumperbot_ws/src/install/bumperbot_py_examples/lib/python3.12/site-packages/bumperbot_py_examples/__pycache__/simple_publisher.cpython-312.pyc
/home/zaid/bumperbot_ws/src/install/bumperbot_py_examples/lib/python3.12/site-packages/bumperbot_py_examples/__pycache__/__init__.cpython-312.pyc
/home/zaid/bumperbot_ws/src/install/bumperbot_py_examples/lib/python3.12/site-packages/bumperbot_py_examples/__pycache__/simple_service_server.cpython-312.pyc
/home/zaid/bumperbot_ws/src/install/bumperbot_py_examples/lib/python3.12/site-packages/bumperbot_py_examples/__pycache__/simple_parameter.cpython-312.pyc
/home/zaid/bumperbot_ws/src/install/bumperbot_py_examples/lib/python3.12/site-packages/bumperbot_py_examples/__pycache__/simple_subscriber.cpython-312.pyc
/home/zaid/bumperbot_ws/src/install/bumperbot_py_examples/lib/python3.12/site-packages/bumperbot_py_examples/__pycache__/simple_tf_kinematics.cpython-312.pyc
/home/zaid/bumperbot_ws/src/install/bumperbot_py_examples/lib/python3.12/site-packages/bumperbot_py_examples/__pycache__/simple_service_client.cpython-312.pyc
/home/zaid/bumperbot_ws/src/install/bumperbot_py_examples/lib/python3.12/site-packages/bumperbot_py_examples/__pycache__/simple_turtlesim_kinematics.cpython-312.pyc
/home/zaid/bumperbot_ws/src/install/bumperbot_py_examples/share/ament_index/resource_index/packages/bumperbot_py_examples
/home/zaid/bumperbot_ws/src/install/bumperbot_py_examples/share/bumperbot_py_examples/package.xml
/home/zaid/bumperbot_ws/src/install/bumperbot_py_examples/lib/python3.12/site-packages/bumperbot_py_examples-0.0.0-py3.12.egg-info/PKG-INFO
/home/zaid/bumperbot_ws/src/install/bumperbot_py_examples/lib/python3.12/site-packages/bumperbot_py_examples-0.0.0-py3.12.egg-info/top_level.txt
/home/zaid/bumperbot_ws/src/install/bumperbot_py_examples/lib/python3.12/site-packages/bumperbot_py_examples-0.0.0-py3.12.egg-info/SOURCES.txt
/home/zaid/bumperbot_ws/src/install/bumperbot_py_examples/lib/python3.12/site-packages/bumperbot_py_examples-0.0.0-py3.12.egg-info/zip-safe
/home/zaid/bumperbot_ws/src/install/bumperbot_py_examples/lib/python3.12/site-packages/bumperbot_py_examples-0.0.0-py3.12.egg-info/requires.txt
/home/zaid/bumperbot_ws/src/install/bumperbot_py_examples/lib/python3.12/site-packages/bumperbot_py_examples-0.0.0-py3.12.egg-info/entry_points.txt
/home/zaid/bumperbot_ws/src/install/bumperbot_py_examples/lib/python3.12/site-packages/bumperbot_py_examples-0.0.0-py3.12.egg-info/dependency_links.txt
/home/zaid/bumperbot_ws/src/install/bumperbot_py_examples/lib/bumperbot_py_examples/simple_parameter
/home/zaid/bumperbot_ws/src/install/bumperbot_py_examples/lib/bumperbot_py_examples/simple_publisher
/home/zaid/bumperbot_ws/src/install/bumperbot_py_examples/lib/bumperbot_py_examples/simple_service_client
/home/zaid/bumperbot_ws/src/install/bumperbot_py_examples/lib/bumperbot_py_examples/simple_service_server
/home/zaid/bumperbot_ws/src/install/bumperbot_py_examples/lib/bumperbot_py_examples/simple_subscriber
/home/zaid/bumperbot_ws/src/install/bumperbot_py_examples/lib/bumperbot_py_examples/simple_tf_kinematics
/home/zaid/bumperbot_ws/src/install/bumperbot_py_examples/lib/bumperbot_py_examples/simple_turtlesim_kinematics
