[1.951s] Invoking command in '/home/zaid/bumperbot_ws/src/bumperbot_utils': DEBUGINFOD_URLS=https://debuginfod.ubuntu.com PYTHONPATH=/home/zaid/bumperbot_ws/src/build/bumperbot_utils/prefix_override:/usr/lib/python3/dist-packages/colcon_core/task/python/colcon_distutils_commands:/home/zaid/bumperbot_ws/src/install/bumperbot_utils/lib/python3.12/site-packages:${PYTHONPATH} /usr/bin/python3 -W ignore:setup.py install is deprecated -W ignore:easy_install command is deprecated setup.py egg_info --egg-base ../build/bumperbot_utils build --build-base /home/zaid/bumperbot_ws/src/build/bumperbot_utils/build install --record /home/zaid/bumperbot_ws/src/build/bumperbot_utils/install.log --install-scripts $base/lib/bumperbot_utils --single-version-externally-managed install_data
[2.609s] running egg_info
[2.632s] writing ../build/bumperbot_utils/bumperbot_utils.egg-info/PKG-INFO
[2.632s] writing dependency_links to ../build/bumperbot_utils/bumperbot_utils.egg-info/dependency_links.txt
[2.632s] writing entry points to ../build/bumperbot_utils/bumperbot_utils.egg-info/entry_points.txt
[2.632s] writing requirements to ../build/bumperbot_utils/bumperbot_utils.egg-info/requires.txt
[2.632s] writing top-level names to ../build/bumperbot_utils/bumperbot_utils.egg-info/top_level.txt
[2.681s] reading manifest file '../build/bumperbot_utils/bumperbot_utils.egg-info/SOURCES.txt'
[2.682s] writing manifest file '../build/bumperbot_utils/bumperbot_utils.egg-info/SOURCES.txt'
[2.682s] running build
[2.682s] running build_py
[2.683s] running install
[2.691s] running install_lib
[2.715s] running install_data
[2.715s] running install_egg_info
[2.740s] removing '/home/zaid/bumperbot_ws/src/install/bumperbot_utils/lib/python3.12/site-packages/bumperbot_utils-0.0.0-py3.12.egg-info' (and everything under it)
[2.740s] Copying ../build/bumperbot_utils/bumperbot_utils.egg-info to /home/zaid/bumperbot_ws/src/install/bumperbot_utils/lib/python3.12/site-packages/bumperbot_utils-0.0.0-py3.12.egg-info
[2.741s] running install_scripts
[2.929s] Installing trajectory_plotter script to /home/zaid/bumperbot_ws/src/install/bumperbot_utils/lib/bumperbot_utils
[2.930s] writing list of installed files to '/home/zaid/bumperbot_ws/src/build/bumperbot_utils/install.log'
[2.968s] Invoked command in '/home/zaid/bumperbot_ws/src/bumperbot_utils' returned '0': DEBUGINFOD_URLS=https://debuginfod.ubuntu.com PYTHONPATH=/home/zaid/bumperbot_ws/src/build/bumperbot_utils/prefix_override:/usr/lib/python3/dist-packages/colcon_core/task/python/colcon_distutils_commands:/home/zaid/bumperbot_ws/src/install/bumperbot_utils/lib/python3.12/site-packages:${PYTHONPATH} /usr/bin/python3 -W ignore:setup.py install is deprecated -W ignore:easy_install command is deprecated setup.py egg_info --egg-base ../build/bumperbot_utils build --build-base /home/zaid/bumperbot_ws/src/build/bumperbot_utils/build install --record /home/zaid/bumperbot_ws/src/build/bumperbot_utils/install.log --install-scripts $base/lib/bumperbot_utils --single-version-externally-managed install_data
