[0.036s] Invoking command in '/home/zaid/bumperbot_ws/src/build/bumperbot_cpp_examples': CMAKE_PREFIX_PATH=${CMAKE_PREFIX_PATH}:/opt/ros/jazzy DEBUGINFOD_URLS=https://debuginfod.ubuntu.com /usr/bin/cmake --build /home/zaid/bumperbot_ws/src/build/bumperbot_cpp_examples -- -j28 -l28
[0.139s] [ 33%] Built target simple_subscriber
[0.140s] [ 66%] Built target simple_publisher
[0.141s] [100%] Built target simple_parameter
[0.394s] Invoked command in '/home/zaid/bumperbot_ws/src/build/bumperbot_cpp_examples' returned '0': CMAKE_PREFIX_PATH=${CMAKE_PREFIX_PATH}:/opt/ros/jazzy DEBUGINFOD_URLS=https://debuginfod.ubuntu.com /usr/bin/cmake --build /home/zaid/bumperbot_ws/src/build/bumperbot_cpp_examples -- -j28 -l28
[0.396s] Invoking command in '/home/zaid/bumperbot_ws/src/build/bumperbot_cpp_examples': CMAKE_PREFIX_PATH=${CMAKE_PREFIX_PATH}:/opt/ros/jazzy DEBUGINFOD_URLS=https://debuginfod.ubuntu.com /usr/bin/cmake --install /home/zaid/bumperbot_ws/src/build/bumperbot_cpp_examples
[0.411s] -- Install configuration: ""
[0.412s] -- Up-to-date: /home/zaid/bumperbot_ws/src/install/bumperbot_cpp_examples/lib/bumperbot_cpp_examples/simple_publisher
[0.412s] -- Up-to-date: /home/zaid/bumperbot_ws/src/install/bumperbot_cpp_examples/lib/bumperbot_cpp_examples/simple_subscriber
[0.413s] -- Up-to-date: /home/zaid/bumperbot_ws/src/install/bumperbot_cpp_examples/lib/bumperbot_cpp_examples/simple_parameter
[0.413s] -- Up-to-date: /home/zaid/bumperbot_ws/src/install/bumperbot_cpp_examples/share/ament_index/resource_index/package_run_dependencies/bumperbot_cpp_examples
[0.413s] -- Up-to-date: /home/zaid/bumperbot_ws/src/install/bumperbot_cpp_examples/share/ament_index/resource_index/parent_prefix_path/bumperbot_cpp_examples
[0.413s] -- Up-to-date: /home/zaid/bumperbot_ws/src/install/bumperbot_cpp_examples/share/bumperbot_cpp_examples/environment/ament_prefix_path.sh
[0.413s] -- Up-to-date: /home/zaid/bumperbot_ws/src/install/bumperbot_cpp_examples/share/bumperbot_cpp_examples/environment/ament_prefix_path.dsv
[0.413s] -- Up-to-date: /home/zaid/bumperbot_ws/src/install/bumperbot_cpp_examples/share/bumperbot_cpp_examples/environment/path.sh
[0.413s] -- Up-to-date: /home/zaid/bumperbot_ws/src/install/bumperbot_cpp_examples/share/bumperbot_cpp_examples/environment/path.dsv
[0.413s] -- Up-to-date: /home/zaid/bumperbot_ws/src/install/bumperbot_cpp_examples/share/bumperbot_cpp_examples/local_setup.bash
[0.413s] -- Up-to-date: /home/zaid/bumperbot_ws/src/install/bumperbot_cpp_examples/share/bumperbot_cpp_examples/local_setup.sh
[0.414s] -- Up-to-date: /home/zaid/bumperbot_ws/src/install/bumperbot_cpp_examples/share/bumperbot_cpp_examples/local_setup.zsh
[0.414s] -- Up-to-date: /home/zaid/bumperbot_ws/src/install/bumperbot_cpp_examples/share/bumperbot_cpp_examples/local_setup.dsv
[0.414s] -- Installing: /home/zaid/bumperbot_ws/src/install/bumperbot_cpp_examples/share/bumperbot_cpp_examples/package.dsv
[0.414s] -- Up-to-date: /home/zaid/bumperbot_ws/src/install/bumperbot_cpp_examples/share/ament_index/resource_index/packages/bumperbot_cpp_examples
[0.414s] -- Up-to-date: /home/zaid/bumperbot_ws/src/install/bumperbot_cpp_examples/share/bumperbot_cpp_examples/cmake/bumperbot_cpp_examplesConfig.cmake
[0.414s] -- Up-to-date: /home/zaid/bumperbot_ws/src/install/bumperbot_cpp_examples/share/bumperbot_cpp_examples/cmake/bumperbot_cpp_examplesConfig-version.cmake
[0.414s] -- Up-to-date: /home/zaid/bumperbot_ws/src/install/bumperbot_cpp_examples/share/bumperbot_cpp_examples/package.xml
[0.450s] Invoked command in '/home/zaid/bumperbot_ws/src/build/bumperbot_cpp_examples' returned '0': CMAKE_PREFIX_PATH=${CMAKE_PREFIX_PATH}:/opt/ros/jazzy DEBUGINFOD_URLS=https://debuginfod.ubuntu.com /usr/bin/cmake --install /home/zaid/bumperbot_ws/src/build/bumperbot_cpp_examples
