-- The C compiler identification is GNU 13.3.0
-- The CXX compiler identification is GNU 13.3.0
-- Detecting C compiler ABI info
-- Detecting C compiler ABI info - done
-- Check for working C compiler: /usr/bin/cc - skipped
-- Detecting C compile features
-- Detecting C compile features - done
-- Detecting CXX compiler ABI info
-- Detecting CXX compiler ABI info - done
-- Check for working CXX compiler: /usr/bin/c++ - skipped
-- Detecting CXX compile features
-- Detecting CXX compile features - done
-- Found ament_cmake: 2.5.6 (/opt/ros/jazzy/share/ament_cmake/cmake)
-- Found Python3: /usr/bin/python3 (found version "3.12.3") found components: Interpreter 
-- Found std_msgs: 5.3.8 (/opt/ros/jazzy/share/std_msgs/cmake)
-- Found rosidl_generator_c: 4.6.9 (/opt/ros/jazzy/share/rosidl_generator_c/cmake)
-- Found rosidl_generator_cpp: 4.6.9 (/opt/ros/jazzy/share/rosidl_generator_cpp/cmake)
-- Using all available rosidl_typesupport_c: rosidl_typesupport_fastrtps_c;rosidl_typesupport_introspection_c
-- Using all available rosidl_typesupport_cpp: rosidl_typesupport_fastrtps_cpp;rosidl_typesupport_introspection_cpp
-- Found geometry_msgs: 5.3.8 (/opt/ros/jazzy/share/geometry_msgs/cmake)
-- Found rosidl_default_generators: 1.6.1 (/opt/ros/jazzy/share/rosidl_default_generators/cmake)
-- Found rosidl_adapter: 4.6.9 (/opt/ros/jazzy/share/rosidl_adapter/cmake)
-- Found ament_cmake_ros: 0.12.1 (/opt/ros/jazzy/share/ament_cmake_ros/cmake)
-- Using all available rosidl_typesupport_c: rosidl_typesupport_fastrtps_c;rosidl_typesupport_introspection_c
-- Using all available rosidl_typesupport_cpp: rosidl_typesupport_fastrtps_cpp;rosidl_typesupport_introspection_cpp
-- Found python_cmake_module: 0.11.1 (/opt/ros/jazzy/share/python_cmake_module/cmake)
-- Found PythonExtra: /usr/bin/python3  
-- Found Python3: /usr/bin/python3 (found version "3.12.3") found components: Interpreter Development NumPy Development.Module Development.Embed 
-- Found Python3: /usr/bin/python3 (found version "3.12.3") found components: Interpreter 
-- Found ament_lint_auto: 0.17.5 (/opt/ros/jazzy/share/ament_lint_auto/cmake)
-- Added test 'lint_cmake' to check CMake code style
-- Added test 'xmllint' to check XML markup files
-- Configuring done (6.1s)
-- Generating done (0.0s)
-- Build files have been written to: /home/zaid/bumperbot_ws/src/build/bumperbot_msgs
[  2%] [34m[1mGenerating type hashes for ROS interfaces[0m
[  4%] [34m[1mGenerating Rust code for ROS interfaces[0m
[  4%] Built target ament_cmake_python_copy_bumperbot_msgs
running egg_info
creating bumperbot_msgs.egg-info
[  4%] Built target bumperbot_msgs__rosidl_generator_type_description
writing bumperbot_msgs.egg-info/PKG-INFO
writing dependency_links to bumperbot_msgs.egg-info/dependency_links.txt
writing top-level names to bumperbot_msgs.egg-info/top_level.txt
writing manifest file 'bumperbot_msgs.egg-info/SOURCES.txt'
[  6%] [34m[1mGenerating C code for ROS interfaces[0m
[  6%] Built target bumperbot_msgs__rs
[  8%] [34m[1mGenerating C++ code for ROS interfaces[0m
reading manifest file 'bumperbot_msgs.egg-info/SOURCES.txt'
writing manifest file 'bumperbot_msgs.egg-info/SOURCES.txt'
[  8%] Built target ament_cmake_python_build_bumperbot_msgs_egg
[  8%] Built target bumperbot_msgs__cpp
[ 11%] [32mBuilding C object CMakeFiles/bumperbot_msgs__rosidl_generator_c.dir/rosidl_generator_c/bumperbot_msgs/srv/detail/add_two_ints__functions.c.o[0m
[ 13%] [32mBuilding C object CMakeFiles/bumperbot_msgs__rosidl_generator_c.dir/rosidl_generator_c/bumperbot_msgs/srv/detail/add_two_ints__description.c.o[0m
[ 20%] [32mBuilding C object CMakeFiles/bumperbot_msgs__rosidl_generator_c.dir/rosidl_generator_c/bumperbot_msgs/srv/detail/get_transform__description.c.o[0m
[ 20%] [32mBuilding C object CMakeFiles/bumperbot_msgs__rosidl_generator_c.dir/rosidl_generator_c/bumperbot_msgs/srv/detail/add_two_ints__type_support.c.o[0m
[ 20%] [32mBuilding C object CMakeFiles/bumperbot_msgs__rosidl_generator_c.dir/rosidl_generator_c/bumperbot_msgs/srv/detail/get_transform__functions.c.o[0m
[ 22%] [32mBuilding C object CMakeFiles/bumperbot_msgs__rosidl_generator_c.dir/rosidl_generator_c/bumperbot_msgs/srv/detail/get_transform__type_support.c.o[0m
[ 24%] [32m[1mLinking C shared library libbumperbot_msgs__rosidl_generator_c.so[0m
[ 24%] Built target bumperbot_msgs__rosidl_generator_c
[ 26%] [34m[1mGenerating C++ type support for eProsima Fast-RTPS[0m
[ 28%] [34m[1mGenerating C++ introspection for ROS interfaces[0m
[ 31%] [34m[1mGenerating C type support for eProsima Fast-RTPS[0m
[ 35%] [34m[1mGenerating C type support dispatch for ROS interfaces[0m
[ 35%] [34m[1mGenerating C introspection for ROS interfaces[0m
[ 37%] [34m[1mGenerating C++ type support dispatch for ROS interfaces[0m
[ 40%] [32mBuilding CXX object CMakeFiles/bumperbot_msgs__rosidl_typesupport_c.dir/rosidl_typesupport_c/bumperbot_msgs/srv/add_two_ints__type_support.cpp.o[0m
[ 42%] [32mBuilding CXX object CMakeFiles/bumperbot_msgs__rosidl_typesupport_c.dir/rosidl_typesupport_c/bumperbot_msgs/srv/get_transform__type_support.cpp.o[0m
[ 44%] [32mBuilding CXX object CMakeFiles/bumperbot_msgs__rosidl_typesupport_cpp.dir/rosidl_typesupport_cpp/bumperbot_msgs/srv/add_two_ints__type_support.cpp.o[0m
[ 46%] [32mBuilding CXX object CMakeFiles/bumperbot_msgs__rosidl_typesupport_cpp.dir/rosidl_typesupport_cpp/bumperbot_msgs/srv/get_transform__type_support.cpp.o[0m
[ 48%] [32mBuilding C object CMakeFiles/bumperbot_msgs__rosidl_typesupport_introspection_c.dir/rosidl_typesupport_introspection_c/bumperbot_msgs/srv/detail/add_two_ints__type_support.c.o[0m
[ 51%] [32mBuilding C object CMakeFiles/bumperbot_msgs__rosidl_typesupport_introspection_c.dir/rosidl_typesupport_introspection_c/bumperbot_msgs/srv/detail/get_transform__type_support.c.o[0m
[ 53%] [32m[1mLinking CXX shared library libbumperbot_msgs__rosidl_typesupport_c.so[0m
[ 55%] [32mBuilding CXX object CMakeFiles/bumperbot_msgs__rosidl_typesupport_introspection_cpp.dir/rosidl_typesupport_introspection_cpp/bumperbot_msgs/srv/detail/get_transform__type_support.cpp.o[0m
[ 57%] [32mBuilding CXX object CMakeFiles/bumperbot_msgs__rosidl_typesupport_introspection_cpp.dir/rosidl_typesupport_introspection_cpp/bumperbot_msgs/srv/detail/add_two_ints__type_support.cpp.o[0m
[ 60%] [32m[1mLinking C shared library libbumperbot_msgs__rosidl_typesupport_introspection_c.so[0m
[ 62%] [32mBuilding CXX object CMakeFiles/bumperbot_msgs__rosidl_typesupport_fastrtps_cpp.dir/rosidl_typesupport_fastrtps_cpp/bumperbot_msgs/srv/detail/dds_fastrtps/add_two_ints__type_support.cpp.o[0m
[ 64%] [32mBuilding CXX object CMakeFiles/bumperbot_msgs__rosidl_typesupport_fastrtps_cpp.dir/rosidl_typesupport_fastrtps_cpp/bumperbot_msgs/srv/detail/dds_fastrtps/get_transform__type_support.cpp.o[0m
[ 64%] Built target bumperbot_msgs__rosidl_typesupport_c
[ 66%] [32mBuilding CXX object CMakeFiles/bumperbot_msgs__rosidl_typesupport_fastrtps_c.dir/rosidl_typesupport_fastrtps_c/bumperbot_msgs/srv/detail/add_two_ints__type_support_c.cpp.o[0m
[ 68%] [32mBuilding CXX object CMakeFiles/bumperbot_msgs__rosidl_typesupport_fastrtps_c.dir/rosidl_typesupport_fastrtps_c/bumperbot_msgs/srv/detail/get_transform__type_support_c.cpp.o[0m
[ 68%] Built target bumperbot_msgs__rosidl_typesupport_introspection_c
[ 71%] [32m[1mLinking CXX shared library libbumperbot_msgs__rosidl_typesupport_cpp.so[0m
[ 71%] Built target bumperbot_msgs__rosidl_typesupport_cpp
[ 73%] [32m[1mLinking CXX shared library libbumperbot_msgs__rosidl_typesupport_fastrtps_c.so[0m
[ 75%] [32m[1mLinking CXX shared library libbumperbot_msgs__rosidl_typesupport_introspection_cpp.so[0m
[ 75%] Built target bumperbot_msgs__rosidl_typesupport_fastrtps_c
[ 75%] Built target bumperbot_msgs__rosidl_typesupport_introspection_cpp
[ 77%] [32m[1mLinking CXX shared library libbumperbot_msgs__rosidl_typesupport_fastrtps_cpp.so[0m
[ 77%] Built target bumperbot_msgs__rosidl_typesupport_fastrtps_cpp
[ 77%] Built target bumperbot_msgs
[ 80%] [34m[1mGenerating Python code for ROS interfaces[0m
[ 80%] Built target bumperbot_msgs__py
[ 82%] [32mBuilding C object CMakeFiles/bumperbot_msgs__rosidl_generator_py.dir/rosidl_generator_py/bumperbot_msgs/srv/_get_transform_s.c.o[0m
[ 84%] [32mBuilding C object CMakeFiles/bumperbot_msgs__rosidl_generator_py.dir/rosidl_generator_py/bumperbot_msgs/srv/_add_two_ints_s.c.o[0m
[ 86%] [32m[1mLinking C shared library libbumperbot_msgs__rosidl_generator_py.so[0m
[ 86%] Built target bumperbot_msgs__rosidl_generator_py
[ 88%] [32mBuilding C object CMakeFiles/bumperbot_msgs_s__rosidl_typesupport_c.dir/rosidl_generator_py/bumperbot_msgs/_bumperbot_msgs_s.ep.rosidl_typesupport_c.c.o[0m
[ 91%] [32mBuilding C object CMakeFiles/bumperbot_msgs_s__rosidl_typesupport_fastrtps_c.dir/rosidl_generator_py/bumperbot_msgs/_bumperbot_msgs_s.ep.rosidl_typesupport_fastrtps_c.c.o[0m
[ 93%] [32mBuilding C object CMakeFiles/bumperbot_msgs_s__rosidl_typesupport_introspection_c.dir/rosidl_generator_py/bumperbot_msgs/_bumperbot_msgs_s.ep.rosidl_typesupport_introspection_c.c.o[0m
[ 95%] [32m[1mLinking C shared module rosidl_generator_py/bumperbot_msgs/bumperbot_msgs_s__rosidl_typesupport_c.so[0m
[ 97%] [32m[1mLinking C shared module rosidl_generator_py/bumperbot_msgs/bumperbot_msgs_s__rosidl_typesupport_fastrtps_c.so[0m
[100%] [32m[1mLinking C shared module rosidl_generator_py/bumperbot_msgs/bumperbot_msgs_s__rosidl_typesupport_introspection_c.so[0m
[100%] Built target bumperbot_msgs_s__rosidl_typesupport_c
[100%] Built target bumperbot_msgs_s__rosidl_typesupport_fastrtps_c
[100%] Built target bumperbot_msgs_s__rosidl_typesupport_introspection_c
-- Install configuration: ""
-- Installing: /home/zaid/bumperbot_ws/src/install/bumperbot_msgs/share/ament_index/resource_index/rosidl_interfaces/bumperbot_msgs
-- Installing: /home/zaid/bumperbot_ws/src/install/bumperbot_msgs/share/bumperbot_msgs/srv/AddTwoInts.json
-- Installing: /home/zaid/bumperbot_ws/src/install/bumperbot_msgs/share/bumperbot_msgs/srv/GetTransform.json
-- Installing: /home/zaid/bumperbot_ws/src/install/bumperbot_msgs/include/bumperbot_msgs/bumperbot_msgs
-- Installing: /home/zaid/bumperbot_ws/src/install/bumperbot_msgs/include/bumperbot_msgs/bumperbot_msgs/msg
-- Installing: /home/zaid/bumperbot_ws/src/install/bumperbot_msgs/include/bumperbot_msgs/bumperbot_msgs/msg/rosidl_generator_c__visibility_control.h
-- Installing: /home/zaid/bumperbot_ws/src/install/bumperbot_msgs/include/bumperbot_msgs/bumperbot_msgs/srv
-- Installing: /home/zaid/bumperbot_ws/src/install/bumperbot_msgs/include/bumperbot_msgs/bumperbot_msgs/srv/get_transform.h
-- Installing: /home/zaid/bumperbot_ws/src/install/bumperbot_msgs/include/bumperbot_msgs/bumperbot_msgs/srv/add_two_ints.h
-- Installing: /home/zaid/bumperbot_ws/src/install/bumperbot_msgs/include/bumperbot_msgs/bumperbot_msgs/srv/detail
-- Installing: /home/zaid/bumperbot_ws/src/install/bumperbot_msgs/include/bumperbot_msgs/bumperbot_msgs/srv/detail/add_two_ints__type_support.h
-- Installing: /home/zaid/bumperbot_ws/src/install/bumperbot_msgs/include/bumperbot_msgs/bumperbot_msgs/srv/detail/get_transform__functions.h
-- Installing: /home/zaid/bumperbot_ws/src/install/bumperbot_msgs/include/bumperbot_msgs/bumperbot_msgs/srv/detail/add_two_ints__description.c
-- Installing: /home/zaid/bumperbot_ws/src/install/bumperbot_msgs/include/bumperbot_msgs/bumperbot_msgs/srv/detail/get_transform__type_support.c
-- Installing: /home/zaid/bumperbot_ws/src/install/bumperbot_msgs/include/bumperbot_msgs/bumperbot_msgs/srv/detail/get_transform__functions.c
-- Installing: /home/zaid/bumperbot_ws/src/install/bumperbot_msgs/include/bumperbot_msgs/bumperbot_msgs/srv/detail/add_two_ints__functions.c
-- Installing: /home/zaid/bumperbot_ws/src/install/bumperbot_msgs/include/bumperbot_msgs/bumperbot_msgs/srv/detail/add_two_ints__struct.h
-- Installing: /home/zaid/bumperbot_ws/src/install/bumperbot_msgs/include/bumperbot_msgs/bumperbot_msgs/srv/detail/get_transform__struct.h
-- Installing: /home/zaid/bumperbot_ws/src/install/bumperbot_msgs/include/bumperbot_msgs/bumperbot_msgs/srv/detail/get_transform__type_support.h
-- Installing: /home/zaid/bumperbot_ws/src/install/bumperbot_msgs/include/bumperbot_msgs/bumperbot_msgs/srv/detail/add_two_ints__functions.h
-- Installing: /home/zaid/bumperbot_ws/src/install/bumperbot_msgs/include/bumperbot_msgs/bumperbot_msgs/srv/detail/get_transform__description.c
-- Installing: /home/zaid/bumperbot_ws/src/install/bumperbot_msgs/include/bumperbot_msgs/bumperbot_msgs/srv/detail/add_two_ints__type_support.c
-- Installing: /home/zaid/bumperbot_ws/src/install/bumperbot_msgs/share/bumperbot_msgs/environment/library_path.sh
-- Installing: /home/zaid/bumperbot_ws/src/install/bumperbot_msgs/share/bumperbot_msgs/environment/library_path.dsv
-- Installing: /home/zaid/bumperbot_ws/src/install/bumperbot_msgs/lib/libbumperbot_msgs__rosidl_generator_c.so
-- Set non-toolchain portion of runtime path of "/home/zaid/bumperbot_ws/src/install/bumperbot_msgs/lib/libbumperbot_msgs__rosidl_generator_c.so" to ""
-- Up-to-date: /home/zaid/bumperbot_ws/src/install/bumperbot_msgs/include/bumperbot_msgs/bumperbot_msgs
-- Up-to-date: /home/zaid/bumperbot_ws/src/install/bumperbot_msgs/include/bumperbot_msgs/bumperbot_msgs/msg
-- Installing: /home/zaid/bumperbot_ws/src/install/bumperbot_msgs/include/bumperbot_msgs/bumperbot_msgs/msg/rosidl_typesupport_fastrtps_c__visibility_control.h
-- Up-to-date: /home/zaid/bumperbot_ws/src/install/bumperbot_msgs/include/bumperbot_msgs/bumperbot_msgs/srv
-- Up-to-date: /home/zaid/bumperbot_ws/src/install/bumperbot_msgs/include/bumperbot_msgs/bumperbot_msgs/srv/detail
-- Installing: /home/zaid/bumperbot_ws/src/install/bumperbot_msgs/include/bumperbot_msgs/bumperbot_msgs/srv/detail/get_transform__rosidl_typesupport_fastrtps_c.h
-- Installing: /home/zaid/bumperbot_ws/src/install/bumperbot_msgs/include/bumperbot_msgs/bumperbot_msgs/srv/detail/add_two_ints__rosidl_typesupport_fastrtps_c.h
-- Installing: /home/zaid/bumperbot_ws/src/install/bumperbot_msgs/lib/libbumperbot_msgs__rosidl_typesupport_fastrtps_c.so
-- Set non-toolchain portion of runtime path of "/home/zaid/bumperbot_ws/src/install/bumperbot_msgs/lib/libbumperbot_msgs__rosidl_typesupport_fastrtps_c.so" to ""
-- Up-to-date: /home/zaid/bumperbot_ws/src/install/bumperbot_msgs/include/bumperbot_msgs/bumperbot_msgs
-- Up-to-date: /home/zaid/bumperbot_ws/src/install/bumperbot_msgs/include/bumperbot_msgs/bumperbot_msgs/msg
-- Installing: /home/zaid/bumperbot_ws/src/install/bumperbot_msgs/include/bumperbot_msgs/bumperbot_msgs/msg/rosidl_generator_cpp__visibility_control.hpp
-- Up-to-date: /home/zaid/bumperbot_ws/src/install/bumperbot_msgs/include/bumperbot_msgs/bumperbot_msgs/srv
-- Installing: /home/zaid/bumperbot_ws/src/install/bumperbot_msgs/include/bumperbot_msgs/bumperbot_msgs/srv/add_two_ints.hpp
-- Up-to-date: /home/zaid/bumperbot_ws/src/install/bumperbot_msgs/include/bumperbot_msgs/bumperbot_msgs/srv/detail
-- Installing: /home/zaid/bumperbot_ws/src/install/bumperbot_msgs/include/bumperbot_msgs/bumperbot_msgs/srv/detail/add_two_ints__traits.hpp
-- Installing: /home/zaid/bumperbot_ws/src/install/bumperbot_msgs/include/bumperbot_msgs/bumperbot_msgs/srv/detail/get_transform__struct.hpp
-- Installing: /home/zaid/bumperbot_ws/src/install/bumperbot_msgs/include/bumperbot_msgs/bumperbot_msgs/srv/detail/get_transform__traits.hpp
-- Installing: /home/zaid/bumperbot_ws/src/install/bumperbot_msgs/include/bumperbot_msgs/bumperbot_msgs/srv/detail/get_transform__type_support.hpp
-- Installing: /home/zaid/bumperbot_ws/src/install/bumperbot_msgs/include/bumperbot_msgs/bumperbot_msgs/srv/detail/add_two_ints__struct.hpp
-- Installing: /home/zaid/bumperbot_ws/src/install/bumperbot_msgs/include/bumperbot_msgs/bumperbot_msgs/srv/detail/add_two_ints__type_support.hpp
-- Installing: /home/zaid/bumperbot_ws/src/install/bumperbot_msgs/include/bumperbot_msgs/bumperbot_msgs/srv/detail/add_two_ints__builder.hpp
-- Installing: /home/zaid/bumperbot_ws/src/install/bumperbot_msgs/include/bumperbot_msgs/bumperbot_msgs/srv/detail/get_transform__builder.hpp
-- Installing: /home/zaid/bumperbot_ws/src/install/bumperbot_msgs/include/bumperbot_msgs/bumperbot_msgs/srv/get_transform.hpp
-- Up-to-date: /home/zaid/bumperbot_ws/src/install/bumperbot_msgs/include/bumperbot_msgs/bumperbot_msgs
-- Up-to-date: /home/zaid/bumperbot_ws/src/install/bumperbot_msgs/include/bumperbot_msgs/bumperbot_msgs/msg
-- Installing: /home/zaid/bumperbot_ws/src/install/bumperbot_msgs/include/bumperbot_msgs/bumperbot_msgs/msg/rosidl_typesupport_fastrtps_cpp__visibility_control.h
-- Up-to-date: /home/zaid/bumperbot_ws/src/install/bumperbot_msgs/include/bumperbot_msgs/bumperbot_msgs/srv
-- Up-to-date: /home/zaid/bumperbot_ws/src/install/bumperbot_msgs/include/bumperbot_msgs/bumperbot_msgs/srv/detail
-- Installing: /home/zaid/bumperbot_ws/src/install/bumperbot_msgs/include/bumperbot_msgs/bumperbot_msgs/srv/detail/dds_fastrtps
-- Installing: /home/zaid/bumperbot_ws/src/install/bumperbot_msgs/include/bumperbot_msgs/bumperbot_msgs/srv/detail/get_transform__rosidl_typesupport_fastrtps_cpp.hpp
-- Installing: /home/zaid/bumperbot_ws/src/install/bumperbot_msgs/include/bumperbot_msgs/bumperbot_msgs/srv/detail/add_two_ints__rosidl_typesupport_fastrtps_cpp.hpp
-- Installing: /home/zaid/bumperbot_ws/src/install/bumperbot_msgs/lib/libbumperbot_msgs__rosidl_typesupport_fastrtps_cpp.so
-- Set non-toolchain portion of runtime path of "/home/zaid/bumperbot_ws/src/install/bumperbot_msgs/lib/libbumperbot_msgs__rosidl_typesupport_fastrtps_cpp.so" to ""
-- Up-to-date: /home/zaid/bumperbot_ws/src/install/bumperbot_msgs/include/bumperbot_msgs/bumperbot_msgs
-- Up-to-date: /home/zaid/bumperbot_ws/src/install/bumperbot_msgs/include/bumperbot_msgs/bumperbot_msgs/msg
-- Installing: /home/zaid/bumperbot_ws/src/install/bumperbot_msgs/include/bumperbot_msgs/bumperbot_msgs/msg/rosidl_typesupport_introspection_c__visibility_control.h
-- Up-to-date: /home/zaid/bumperbot_ws/src/install/bumperbot_msgs/include/bumperbot_msgs/bumperbot_msgs/srv
-- Up-to-date: /home/zaid/bumperbot_ws/src/install/bumperbot_msgs/include/bumperbot_msgs/bumperbot_msgs/srv/detail
-- Installing: /home/zaid/bumperbot_ws/src/install/bumperbot_msgs/include/bumperbot_msgs/bumperbot_msgs/srv/detail/get_transform__type_support.c
-- Installing: /home/zaid/bumperbot_ws/src/install/bumperbot_msgs/include/bumperbot_msgs/bumperbot_msgs/srv/detail/add_two_ints__rosidl_typesupport_introspection_c.h
-- Installing: /home/zaid/bumperbot_ws/src/install/bumperbot_msgs/include/bumperbot_msgs/bumperbot_msgs/srv/detail/get_transform__rosidl_typesupport_introspection_c.h
-- Installing: /home/zaid/bumperbot_ws/src/install/bumperbot_msgs/include/bumperbot_msgs/bumperbot_msgs/srv/detail/add_two_ints__type_support.c
-- Installing: /home/zaid/bumperbot_ws/src/install/bumperbot_msgs/lib/libbumperbot_msgs__rosidl_typesupport_introspection_c.so
-- Set non-toolchain portion of runtime path of "/home/zaid/bumperbot_ws/src/install/bumperbot_msgs/lib/libbumperbot_msgs__rosidl_typesupport_introspection_c.so" to ""
-- Installing: /home/zaid/bumperbot_ws/src/install/bumperbot_msgs/lib/libbumperbot_msgs__rosidl_typesupport_c.so
-- Set non-toolchain portion of runtime path of "/home/zaid/bumperbot_ws/src/install/bumperbot_msgs/lib/libbumperbot_msgs__rosidl_typesupport_c.so" to ""
-- Up-to-date: /home/zaid/bumperbot_ws/src/install/bumperbot_msgs/include/bumperbot_msgs/bumperbot_msgs
-- Up-to-date: /home/zaid/bumperbot_ws/src/install/bumperbot_msgs/include/bumperbot_msgs/bumperbot_msgs/srv
-- Up-to-date: /home/zaid/bumperbot_ws/src/install/bumperbot_msgs/include/bumperbot_msgs/bumperbot_msgs/srv/detail
-- Installing: /home/zaid/bumperbot_ws/src/install/bumperbot_msgs/include/bumperbot_msgs/bumperbot_msgs/srv/detail/add_two_ints__rosidl_typesupport_introspection_cpp.hpp
-- Installing: /home/zaid/bumperbot_ws/src/install/bumperbot_msgs/include/bumperbot_msgs/bumperbot_msgs/srv/detail/get_transform__rosidl_typesupport_introspection_cpp.hpp
-- Installing: /home/zaid/bumperbot_ws/src/install/bumperbot_msgs/include/bumperbot_msgs/bumperbot_msgs/srv/detail/get_transform__type_support.cpp
-- Installing: /home/zaid/bumperbot_ws/src/install/bumperbot_msgs/include/bumperbot_msgs/bumperbot_msgs/srv/detail/add_two_ints__type_support.cpp
-- Installing: /home/zaid/bumperbot_ws/src/install/bumperbot_msgs/lib/libbumperbot_msgs__rosidl_typesupport_introspection_cpp.so
-- Set non-toolchain portion of runtime path of "/home/zaid/bumperbot_ws/src/install/bumperbot_msgs/lib/libbumperbot_msgs__rosidl_typesupport_introspection_cpp.so" to ""
-- Installing: /home/zaid/bumperbot_ws/src/install/bumperbot_msgs/lib/libbumperbot_msgs__rosidl_typesupport_cpp.so
-- Set non-toolchain portion of runtime path of "/home/zaid/bumperbot_ws/src/install/bumperbot_msgs/lib/libbumperbot_msgs__rosidl_typesupport_cpp.so" to ""
-- Installing: /home/zaid/bumperbot_ws/src/install/bumperbot_msgs/share/bumperbot_msgs/environment/pythonpath.sh
-- Installing: /home/zaid/bumperbot_ws/src/install/bumperbot_msgs/share/bumperbot_msgs/environment/pythonpath.dsv
-- Installing: /home/zaid/bumperbot_ws/src/install/bumperbot_msgs/lib/python3.12/site-packages/bumperbot_msgs-0.0.0-py3.12.egg-info
-- Installing: /home/zaid/bumperbot_ws/src/install/bumperbot_msgs/lib/python3.12/site-packages/bumperbot_msgs-0.0.0-py3.12.egg-info/PKG-INFO
-- Installing: /home/zaid/bumperbot_ws/src/install/bumperbot_msgs/lib/python3.12/site-packages/bumperbot_msgs-0.0.0-py3.12.egg-info/top_level.txt
-- Installing: /home/zaid/bumperbot_ws/src/install/bumperbot_msgs/lib/python3.12/site-packages/bumperbot_msgs-0.0.0-py3.12.egg-info/SOURCES.txt
-- Installing: /home/zaid/bumperbot_ws/src/install/bumperbot_msgs/lib/python3.12/site-packages/bumperbot_msgs-0.0.0-py3.12.egg-info/dependency_links.txt
-- Installing: /home/zaid/bumperbot_ws/src/install/bumperbot_msgs/lib/python3.12/site-packages/bumperbot_msgs
-- Installing: /home/zaid/bumperbot_ws/src/install/bumperbot_msgs/lib/python3.12/site-packages/bumperbot_msgs/__init__.py
-- Installing: /home/zaid/bumperbot_ws/src/install/bumperbot_msgs/lib/python3.12/site-packages/bumperbot_msgs/bumperbot_msgs_s__rosidl_typesupport_introspection_c.so
-- Installing: /home/zaid/bumperbot_ws/src/install/bumperbot_msgs/lib/python3.12/site-packages/bumperbot_msgs/_bumperbot_msgs_s.ep.rosidl_typesupport_fastrtps_c.c
-- Installing: /home/zaid/bumperbot_ws/src/install/bumperbot_msgs/lib/python3.12/site-packages/bumperbot_msgs/_bumperbot_msgs_s.ep.rosidl_typesupport_c.c
-- Installing: /home/zaid/bumperbot_ws/src/install/bumperbot_msgs/lib/python3.12/site-packages/bumperbot_msgs/bumperbot_msgs_s__rosidl_typesupport_c.so
-- Installing: /home/zaid/bumperbot_ws/src/install/bumperbot_msgs/lib/python3.12/site-packages/bumperbot_msgs/bumperbot_msgs_s__rosidl_typesupport_fastrtps_c.so
-- Installing: /home/zaid/bumperbot_ws/src/install/bumperbot_msgs/lib/python3.12/site-packages/bumperbot_msgs/srv
-- Installing: /home/zaid/bumperbot_ws/src/install/bumperbot_msgs/lib/python3.12/site-packages/bumperbot_msgs/srv/_add_two_ints_s.c
-- Installing: /home/zaid/bumperbot_ws/src/install/bumperbot_msgs/lib/python3.12/site-packages/bumperbot_msgs/srv/_get_transform_s.c
-- Installing: /home/zaid/bumperbot_ws/src/install/bumperbot_msgs/lib/python3.12/site-packages/bumperbot_msgs/srv/__init__.py
-- Installing: /home/zaid/bumperbot_ws/src/install/bumperbot_msgs/lib/python3.12/site-packages/bumperbot_msgs/srv/_add_two_ints.py
-- Installing: /home/zaid/bumperbot_ws/src/install/bumperbot_msgs/lib/python3.12/site-packages/bumperbot_msgs/srv/_get_transform.py
-- Installing: /home/zaid/bumperbot_ws/src/install/bumperbot_msgs/lib/python3.12/site-packages/bumperbot_msgs/_bumperbot_msgs_s.ep.rosidl_typesupport_introspection_c.c
Listing '/home/zaid/bumperbot_ws/src/install/bumperbot_msgs/lib/python3.12/site-packages/bumperbot_msgs'...
Compiling '/home/zaid/bumperbot_ws/src/install/bumperbot_msgs/lib/python3.12/site-packages/bumperbot_msgs/__init__.py'...
Listing '/home/zaid/bumperbot_ws/src/install/bumperbot_msgs/lib/python3.12/site-packages/bumperbot_msgs/srv'...
Compiling '/home/zaid/bumperbot_ws/src/install/bumperbot_msgs/lib/python3.12/site-packages/bumperbot_msgs/srv/__init__.py'...
Compiling '/home/zaid/bumperbot_ws/src/install/bumperbot_msgs/lib/python3.12/site-packages/bumperbot_msgs/srv/_add_two_ints.py'...
Compiling '/home/zaid/bumperbot_ws/src/install/bumperbot_msgs/lib/python3.12/site-packages/bumperbot_msgs/srv/_get_transform.py'...
-- Installing: /home/zaid/bumperbot_ws/src/install/bumperbot_msgs/lib/python3.12/site-packages/bumperbot_msgs/bumperbot_msgs_s__rosidl_typesupport_fastrtps_c.so
-- Set non-toolchain portion of runtime path of "/home/zaid/bumperbot_ws/src/install/bumperbot_msgs/lib/python3.12/site-packages/bumperbot_msgs/bumperbot_msgs_s__rosidl_typesupport_fastrtps_c.so" to ""
-- Installing: /home/zaid/bumperbot_ws/src/install/bumperbot_msgs/lib/python3.12/site-packages/bumperbot_msgs/bumperbot_msgs_s__rosidl_typesupport_introspection_c.so
-- Set non-toolchain portion of runtime path of "/home/zaid/bumperbot_ws/src/install/bumperbot_msgs/lib/python3.12/site-packages/bumperbot_msgs/bumperbot_msgs_s__rosidl_typesupport_introspection_c.so" to ""
-- Installing: /home/zaid/bumperbot_ws/src/install/bumperbot_msgs/lib/python3.12/site-packages/bumperbot_msgs/bumperbot_msgs_s__rosidl_typesupport_c.so
-- Set non-toolchain portion of runtime path of "/home/zaid/bumperbot_ws/src/install/bumperbot_msgs/lib/python3.12/site-packages/bumperbot_msgs/bumperbot_msgs_s__rosidl_typesupport_c.so" to ""
-- Installing: /home/zaid/bumperbot_ws/src/install/bumperbot_msgs/lib/libbumperbot_msgs__rosidl_generator_py.so
-- Set non-toolchain portion of runtime path of "/home/zaid/bumperbot_ws/src/install/bumperbot_msgs/lib/libbumperbot_msgs__rosidl_generator_py.so" to ""
-- Installing: /home/zaid/bumperbot_ws/src/install/bumperbot_msgs/share/ament_index/resource_index/rust_packages/bumperbot_msgs
-- Installing: /home/zaid/bumperbot_ws/src/install/bumperbot_msgs/share/bumperbot_msgs/rust
-- Installing: /home/zaid/bumperbot_ws/src/install/bumperbot_msgs/share/bumperbot_msgs/rust/Cargo.toml
-- Installing: /home/zaid/bumperbot_ws/src/install/bumperbot_msgs/share/bumperbot_msgs/rust/build.rs
-- Installing: /home/zaid/bumperbot_ws/src/install/bumperbot_msgs/share/bumperbot_msgs/rust/src
-- Installing: /home/zaid/bumperbot_ws/src/install/bumperbot_msgs/share/bumperbot_msgs/rust/src/srv.rs
-- Installing: /home/zaid/bumperbot_ws/src/install/bumperbot_msgs/share/bumperbot_msgs/rust/src/lib.rs
-- Installing: /home/zaid/bumperbot_ws/src/install/bumperbot_msgs/share/bumperbot_msgs/rust/src/srv
-- Installing: /home/zaid/bumperbot_ws/src/install/bumperbot_msgs/share/bumperbot_msgs/rust/src/srv/rmw.rs
-- Installing: /home/zaid/bumperbot_ws/src/install/bumperbot_msgs/share/bumperbot_msgs/srv/AddTwoInts.idl
-- Installing: /home/zaid/bumperbot_ws/src/install/bumperbot_msgs/share/bumperbot_msgs/srv/GetTransform.idl
-- Installing: /home/zaid/bumperbot_ws/src/install/bumperbot_msgs/share/bumperbot_msgs/srv/AddTwoInts.srv
-- Installing: /home/zaid/bumperbot_ws/src/install/bumperbot_msgs/share/bumperbot_msgs/srv/GetTransform.srv
-- Installing: /home/zaid/bumperbot_ws/src/install/bumperbot_msgs/share/ament_index/resource_index/package_run_dependencies/bumperbot_msgs
-- Installing: /home/zaid/bumperbot_ws/src/install/bumperbot_msgs/share/ament_index/resource_index/parent_prefix_path/bumperbot_msgs
-- Installing: /home/zaid/bumperbot_ws/src/install/bumperbot_msgs/share/bumperbot_msgs/environment/ament_prefix_path.sh
-- Installing: /home/zaid/bumperbot_ws/src/install/bumperbot_msgs/share/bumperbot_msgs/environment/ament_prefix_path.dsv
-- Installing: /home/zaid/bumperbot_ws/src/install/bumperbot_msgs/share/bumperbot_msgs/environment/path.sh
-- Installing: /home/zaid/bumperbot_ws/src/install/bumperbot_msgs/share/bumperbot_msgs/environment/path.dsv
-- Installing: /home/zaid/bumperbot_ws/src/install/bumperbot_msgs/share/bumperbot_msgs/local_setup.bash
-- Installing: /home/zaid/bumperbot_ws/src/install/bumperbot_msgs/share/bumperbot_msgs/local_setup.sh
-- Installing: /home/zaid/bumperbot_ws/src/install/bumperbot_msgs/share/bumperbot_msgs/local_setup.zsh
-- Installing: /home/zaid/bumperbot_ws/src/install/bumperbot_msgs/share/bumperbot_msgs/local_setup.dsv
-- Installing: /home/zaid/bumperbot_ws/src/install/bumperbot_msgs/share/bumperbot_msgs/package.dsv
-- Installing: /home/zaid/bumperbot_ws/src/install/bumperbot_msgs/share/ament_index/resource_index/packages/bumperbot_msgs
-- Installing: /home/zaid/bumperbot_ws/src/install/bumperbot_msgs/share/bumperbot_msgs/cmake/export_bumperbot_msgs__rosidl_generator_cExport.cmake
-- Installing: /home/zaid/bumperbot_ws/src/install/bumperbot_msgs/share/bumperbot_msgs/cmake/export_bumperbot_msgs__rosidl_generator_cExport-noconfig.cmake
-- Installing: /home/zaid/bumperbot_ws/src/install/bumperbot_msgs/share/bumperbot_msgs/cmake/export_bumperbot_msgs__rosidl_typesupport_fastrtps_cExport.cmake
-- Installing: /home/zaid/bumperbot_ws/src/install/bumperbot_msgs/share/bumperbot_msgs/cmake/export_bumperbot_msgs__rosidl_typesupport_fastrtps_cExport-noconfig.cmake
-- Installing: /home/zaid/bumperbot_ws/src/install/bumperbot_msgs/share/bumperbot_msgs/cmake/export_bumperbot_msgs__rosidl_generator_cppExport.cmake
-- Installing: /home/zaid/bumperbot_ws/src/install/bumperbot_msgs/share/bumperbot_msgs/cmake/export_bumperbot_msgs__rosidl_typesupport_fastrtps_cppExport.cmake
-- Installing: /home/zaid/bumperbot_ws/src/install/bumperbot_msgs/share/bumperbot_msgs/cmake/export_bumperbot_msgs__rosidl_typesupport_fastrtps_cppExport-noconfig.cmake
-- Installing: /home/zaid/bumperbot_ws/src/install/bumperbot_msgs/share/bumperbot_msgs/cmake/bumperbot_msgs__rosidl_typesupport_introspection_cExport.cmake
-- Installing: /home/zaid/bumperbot_ws/src/install/bumperbot_msgs/share/bumperbot_msgs/cmake/bumperbot_msgs__rosidl_typesupport_introspection_cExport-noconfig.cmake
-- Installing: /home/zaid/bumperbot_ws/src/install/bumperbot_msgs/share/bumperbot_msgs/cmake/bumperbot_msgs__rosidl_typesupport_cExport.cmake
-- Installing: /home/zaid/bumperbot_ws/src/install/bumperbot_msgs/share/bumperbot_msgs/cmake/bumperbot_msgs__rosidl_typesupport_cExport-noconfig.cmake
-- Installing: /home/zaid/bumperbot_ws/src/install/bumperbot_msgs/share/bumperbot_msgs/cmake/bumperbot_msgs__rosidl_typesupport_introspection_cppExport.cmake
-- Installing: /home/zaid/bumperbot_ws/src/install/bumperbot_msgs/share/bumperbot_msgs/cmake/bumperbot_msgs__rosidl_typesupport_introspection_cppExport-noconfig.cmake
-- Installing: /home/zaid/bumperbot_ws/src/install/bumperbot_msgs/share/bumperbot_msgs/cmake/bumperbot_msgs__rosidl_typesupport_cppExport.cmake
-- Installing: /home/zaid/bumperbot_ws/src/install/bumperbot_msgs/share/bumperbot_msgs/cmake/bumperbot_msgs__rosidl_typesupport_cppExport-noconfig.cmake
-- Installing: /home/zaid/bumperbot_ws/src/install/bumperbot_msgs/share/bumperbot_msgs/cmake/export_bumperbot_msgs__rosidl_generator_pyExport.cmake
-- Installing: /home/zaid/bumperbot_ws/src/install/bumperbot_msgs/share/bumperbot_msgs/cmake/export_bumperbot_msgs__rosidl_generator_pyExport-noconfig.cmake
-- Installing: /home/zaid/bumperbot_ws/src/install/bumperbot_msgs/share/bumperbot_msgs/cmake/rosidl_cmake-extras.cmake
-- Installing: /home/zaid/bumperbot_ws/src/install/bumperbot_msgs/share/bumperbot_msgs/cmake/ament_cmake_export_dependencies-extras.cmake
-- Installing: /home/zaid/bumperbot_ws/src/install/bumperbot_msgs/share/bumperbot_msgs/cmake/ament_cmake_export_include_directories-extras.cmake
-- Installing: /home/zaid/bumperbot_ws/src/install/bumperbot_msgs/share/bumperbot_msgs/cmake/ament_cmake_export_libraries-extras.cmake
-- Installing: /home/zaid/bumperbot_ws/src/install/bumperbot_msgs/share/bumperbot_msgs/cmake/ament_cmake_export_targets-extras.cmake
-- Installing: /home/zaid/bumperbot_ws/src/install/bumperbot_msgs/share/bumperbot_msgs/cmake/rosidl_cmake_export_typesupport_targets-extras.cmake
-- Installing: /home/zaid/bumperbot_ws/src/install/bumperbot_msgs/share/bumperbot_msgs/cmake/rosidl_cmake_export_typesupport_libraries-extras.cmake
-- Installing: /home/zaid/bumperbot_ws/src/install/bumperbot_msgs/share/bumperbot_msgs/cmake/rosidl_cmake_aggregate_target-extras.cmake
-- Installing: /home/zaid/bumperbot_ws/src/install/bumperbot_msgs/share/bumperbot_msgs/cmake/bumperbot_msgsConfig.cmake
-- Installing: /home/zaid/bumperbot_ws/src/install/bumperbot_msgs/share/bumperbot_msgs/cmake/bumperbot_msgsConfig-version.cmake
-- Installing: /home/zaid/bumperbot_ws/src/install/bumperbot_msgs/share/bumperbot_msgs/package.xml
