[1.057s] Invoking command in '/home/zaid/bumperbot_ws/src/bumperbot_py_examples': AMENT_PREFIX_PATH=/home/zaid/bumperbot_ws/src/install/bumperbot_msgs:${AMENT_PREFIX_PATH} CMAKE_PREFIX_PATH=/home/zaid/bumperbot_ws/src/install/bumperbot_msgs:${CMAKE_PREFIX_PATH} DEBUGINFOD_URLS=https://debuginfod.ubuntu.com LD_LIBRARY_PATH=/home/zaid/bumperbot_ws/src/install/bumperbot_msgs/lib:${LD_LIBRARY_PATH} PYTHONPATH=/home/zaid/bumperbot_ws/src/build/bumperbot_py_examples/prefix_override:/usr/lib/python3/dist-packages/colcon_core/task/python/colcon_distutils_commands:/home/zaid/bumperbot_ws/src/install/bumperbot_py_examples/lib/python3.12/site-packages:/home/zaid/bumperbot_ws/src/install/bumperbot_msgs/lib/python3.12/site-packages:${PYTHONPATH} /usr/bin/python3 -W ignore:setup.py install is deprecated -W ignore:easy_install command is deprecated setup.py egg_info --egg-base ../build/bumperbot_py_examples build --build-base /home/zaid/bumperbot_ws/src/build/bumperbot_py_examples/build install --record /home/zaid/bumperbot_ws/src/build/bumperbot_py_examples/install.log --install-scripts $base/lib/bumperbot_py_examples --single-version-externally-managed install_data
[1.397s] running egg_info
[1.398s] creating ../build/bumperbot_py_examples/bumperbot_py_examples.egg-info
[1.419s] writing ../build/bumperbot_py_examples/bumperbot_py_examples.egg-info/PKG-INFO
[1.420s] writing dependency_links to ../build/bumperbot_py_examples/bumperbot_py_examples.egg-info/dependency_links.txt
[1.420s] writing entry points to ../build/bumperbot_py_examples/bumperbot_py_examples.egg-info/entry_points.txt
[1.420s] writing requirements to ../build/bumperbot_py_examples/bumperbot_py_examples.egg-info/requires.txt
[1.420s] writing top-level names to ../build/bumperbot_py_examples/bumperbot_py_examples.egg-info/top_level.txt
[1.420s] writing manifest file '../build/bumperbot_py_examples/bumperbot_py_examples.egg-info/SOURCES.txt'
[1.469s] reading manifest file '../build/bumperbot_py_examples/bumperbot_py_examples.egg-info/SOURCES.txt'
[1.470s] writing manifest file '../build/bumperbot_py_examples/bumperbot_py_examples.egg-info/SOURCES.txt'
[1.470s] running build
[1.470s] running build_py
[1.471s] creating /home/zaid/bumperbot_ws/src/build/bumperbot_py_examples/build
[1.471s] creating /home/zaid/bumperbot_ws/src/build/bumperbot_py_examples/build/lib
[1.471s] creating /home/zaid/bumperbot_ws/src/build/bumperbot_py_examples/build/lib/bumperbot_py_examples
[1.471s] copying bumperbot_py_examples/simple_publisher.py -> /home/zaid/bumperbot_ws/src/build/bumperbot_py_examples/build/lib/bumperbot_py_examples
[1.472s] copying bumperbot_py_examples/__init__.py -> /home/zaid/bumperbot_ws/src/build/bumperbot_py_examples/build/lib/bumperbot_py_examples
[1.472s] copying bumperbot_py_examples/simple_service_server.py -> /home/zaid/bumperbot_ws/src/build/bumperbot_py_examples/build/lib/bumperbot_py_examples
[1.473s] copying bumperbot_py_examples/simple_parameter.py -> /home/zaid/bumperbot_ws/src/build/bumperbot_py_examples/build/lib/bumperbot_py_examples
[1.473s] copying bumperbot_py_examples/simple_subscriber.py -> /home/zaid/bumperbot_ws/src/build/bumperbot_py_examples/build/lib/bumperbot_py_examples
[1.474s] copying bumperbot_py_examples/simple_tf_kinematics.py -> /home/zaid/bumperbot_ws/src/build/bumperbot_py_examples/build/lib/bumperbot_py_examples
[1.475s] copying bumperbot_py_examples/simple_service_client.py -> /home/zaid/bumperbot_ws/src/build/bumperbot_py_examples/build/lib/bumperbot_py_examples
[1.475s] copying bumperbot_py_examples/simple_turtlesim_kinematics.py -> /home/zaid/bumperbot_ws/src/build/bumperbot_py_examples/build/lib/bumperbot_py_examples
[1.475s] running install
[1.484s] running install_lib
[1.511s] creating /home/zaid/bumperbot_ws/src/install/bumperbot_py_examples/lib/python3.12/site-packages/bumperbot_py_examples
[1.511s] copying /home/zaid/bumperbot_ws/src/build/bumperbot_py_examples/build/lib/bumperbot_py_examples/simple_publisher.py -> /home/zaid/bumperbot_ws/src/install/bumperbot_py_examples/lib/python3.12/site-packages/bumperbot_py_examples
[1.511s] copying /home/zaid/bumperbot_ws/src/build/bumperbot_py_examples/build/lib/bumperbot_py_examples/__init__.py -> /home/zaid/bumperbot_ws/src/install/bumperbot_py_examples/lib/python3.12/site-packages/bumperbot_py_examples
[1.511s] copying /home/zaid/bumperbot_ws/src/build/bumperbot_py_examples/build/lib/bumperbot_py_examples/simple_service_server.py -> /home/zaid/bumperbot_ws/src/install/bumperbot_py_examples/lib/python3.12/site-packages/bumperbot_py_examples
[1.511s] copying /home/zaid/bumperbot_ws/src/build/bumperbot_py_examples/build/lib/bumperbot_py_examples/simple_parameter.py -> /home/zaid/bumperbot_ws/src/install/bumperbot_py_examples/lib/python3.12/site-packages/bumperbot_py_examples
[1.511s] copying /home/zaid/bumperbot_ws/src/build/bumperbot_py_examples/build/lib/bumperbot_py_examples/simple_subscriber.py -> /home/zaid/bumperbot_ws/src/install/bumperbot_py_examples/lib/python3.12/site-packages/bumperbot_py_examples
[1.511s] copying /home/zaid/bumperbot_ws/src/build/bumperbot_py_examples/build/lib/bumperbot_py_examples/simple_tf_kinematics.py -> /home/zaid/bumperbot_ws/src/install/bumperbot_py_examples/lib/python3.12/site-packages/bumperbot_py_examples
[1.511s] copying /home/zaid/bumperbot_ws/src/build/bumperbot_py_examples/build/lib/bumperbot_py_examples/simple_service_client.py -> /home/zaid/bumperbot_ws/src/install/bumperbot_py_examples/lib/python3.12/site-packages/bumperbot_py_examples
[1.511s] copying /home/zaid/bumperbot_ws/src/build/bumperbot_py_examples/build/lib/bumperbot_py_examples/simple_turtlesim_kinematics.py -> /home/zaid/bumperbot_ws/src/install/bumperbot_py_examples/lib/python3.12/site-packages/bumperbot_py_examples
[1.512s] byte-compiling /home/zaid/bumperbot_ws/src/install/bumperbot_py_examples/lib/python3.12/site-packages/bumperbot_py_examples/simple_publisher.py to simple_publisher.cpython-312.pyc
[1.512s] byte-compiling /home/zaid/bumperbot_ws/src/install/bumperbot_py_examples/lib/python3.12/site-packages/bumperbot_py_examples/__init__.py to __init__.cpython-312.pyc
[1.513s] byte-compiling /home/zaid/bumperbot_ws/src/install/bumperbot_py_examples/lib/python3.12/site-packages/bumperbot_py_examples/simple_service_server.py to simple_service_server.cpython-312.pyc
[1.513s] byte-compiling /home/zaid/bumperbot_ws/src/install/bumperbot_py_examples/lib/python3.12/site-packages/bumperbot_py_examples/simple_parameter.py to simple_parameter.cpython-312.pyc
[1.514s] byte-compiling /home/zaid/bumperbot_ws/src/install/bumperbot_py_examples/lib/python3.12/site-packages/bumperbot_py_examples/simple_subscriber.py to simple_subscriber.cpython-312.pyc
[1.514s] byte-compiling /home/zaid/bumperbot_ws/src/install/bumperbot_py_examples/lib/python3.12/site-packages/bumperbot_py_examples/simple_tf_kinematics.py to simple_tf_kinematics.cpython-312.pyc
[1.515s] byte-compiling /home/zaid/bumperbot_ws/src/install/bumperbot_py_examples/lib/python3.12/site-packages/bumperbot_py_examples/simple_service_client.py to simple_service_client.cpython-312.pyc
[1.516s] byte-compiling /home/zaid/bumperbot_ws/src/install/bumperbot_py_examples/lib/python3.12/site-packages/bumperbot_py_examples/simple_turtlesim_kinematics.py to simple_turtlesim_kinematics.cpython-312.pyc
[1.517s] running install_data
[1.517s] creating /home/zaid/bumperbot_ws/src/install/bumperbot_py_examples/share/ament_index
[1.517s] creating /home/zaid/bumperbot_ws/src/install/bumperbot_py_examples/share/ament_index/resource_index
[1.517s] creating /home/zaid/bumperbot_ws/src/install/bumperbot_py_examples/share/ament_index/resource_index/packages
[1.517s] copying resource/bumperbot_py_examples -> /home/zaid/bumperbot_ws/src/install/bumperbot_py_examples/share/ament_index/resource_index/packages
[1.517s] copying package.xml -> /home/zaid/bumperbot_ws/src/install/bumperbot_py_examples/share/bumperbot_py_examples
[1.518s] running install_egg_info
[1.543s] Copying ../build/bumperbot_py_examples/bumperbot_py_examples.egg-info to /home/zaid/bumperbot_ws/src/install/bumperbot_py_examples/lib/python3.12/site-packages/bumperbot_py_examples-0.0.0-py3.12.egg-info
[1.544s] running install_scripts
[1.716s] Installing simple_parameter script to /home/zaid/bumperbot_ws/src/install/bumperbot_py_examples/lib/bumperbot_py_examples
[1.716s] Installing simple_publisher script to /home/zaid/bumperbot_ws/src/install/bumperbot_py_examples/lib/bumperbot_py_examples
[1.717s] Installing simple_service_client script to /home/zaid/bumperbot_ws/src/install/bumperbot_py_examples/lib/bumperbot_py_examples
[1.717s] Installing simple_service_server script to /home/zaid/bumperbot_ws/src/install/bumperbot_py_examples/lib/bumperbot_py_examples
[1.717s] Installing simple_subscriber script to /home/zaid/bumperbot_ws/src/install/bumperbot_py_examples/lib/bumperbot_py_examples
[1.717s] Installing simple_tf_kinematics script to /home/zaid/bumperbot_ws/src/install/bumperbot_py_examples/lib/bumperbot_py_examples
[1.717s] Installing simple_turtlesim_kinematics script to /home/zaid/bumperbot_ws/src/install/bumperbot_py_examples/lib/bumperbot_py_examples
[1.717s] writing list of installed files to '/home/zaid/bumperbot_ws/src/build/bumperbot_py_examples/install.log'
[1.750s] Invoked command in '/home/zaid/bumperbot_ws/src/bumperbot_py_examples' returned '0': AMENT_PREFIX_PATH=/home/zaid/bumperbot_ws/src/install/bumperbot_msgs:${AMENT_PREFIX_PATH} CMAKE_PREFIX_PATH=/home/zaid/bumperbot_ws/src/install/bumperbot_msgs:${CMAKE_PREFIX_PATH} DEBUGINFOD_URLS=https://debuginfod.ubuntu.com LD_LIBRARY_PATH=/home/zaid/bumperbot_ws/src/install/bumperbot_msgs/lib:${LD_LIBRARY_PATH} PYTHONPATH=/home/zaid/bumperbot_ws/src/build/bumperbot_py_examples/prefix_override:/usr/lib/python3/dist-packages/colcon_core/task/python/colcon_distutils_commands:/home/zaid/bumperbot_ws/src/install/bumperbot_py_examples/lib/python3.12/site-packages:/home/zaid/bumperbot_ws/src/install/bumperbot_msgs/lib/python3.12/site-packages:${PYTHONPATH} /usr/bin/python3 -W ignore:setup.py install is deprecated -W ignore:easy_install command is deprecated setup.py egg_info --egg-base ../build/bumperbot_py_examples build --build-base /home/zaid/bumperbot_ws/src/build/bumperbot_py_examples/build install --record /home/zaid/bumperbot_ws/src/build/bumperbot_py_examples/install.log --install-scripts $base/lib/bumperbot_py_examples --single-version-externally-managed install_data
