[0.024s] Invoking command in '/home/zaid/bumperbot_ws/src/build/bumperbot_description': CMAKE_PREFIX_PATH=${CMAKE_PREFIX_PATH}:/opt/ros/jazzy DEBUGINFOD_URLS=https://debuginfod.ubuntu.com /usr/bin/cmake /home/zaid/bumperbot_ws/src/bumperbot_description -DCMAKE_INSTALL_PREFIX=/home/zaid/bumperbot_ws/src/install/bumperbot_description
[0.139s] -- The C compiler identification is GNU 13.3.0
[0.246s] -- The CXX compiler identification is GNU 13.3.0
[0.274s] -- Detecting C compiler ABI info
[0.420s] -- Detecting C compiler ABI info - done
[0.447s] -- Check for working C compiler: /usr/bin/cc - skipped
[0.448s] -- Detecting C compile features
[0.449s] -- Detecting C compile features - done
[0.468s] -- Detecting CXX compiler ABI info
[0.655s] -- Detecting CXX compiler ABI info - done
[0.677s] -- Check for working CXX compiler: /usr/bin/c++ - skipped
[0.678s] -- Detecting CXX compile features
[0.678s] -- Detecting CXX compile features - done
[0.692s] -- Found ament_cmake: 2.5.6 (/opt/ros/jazzy/share/ament_cmake/cmake)
[0.967s] -- Found Python3: /usr/bin/python3 (found version "3.12.3") found components: Interpreter 
[1.230s] -- Found urdf: 2.10.1 (/opt/ros/jazzy/share/urdf/cmake)
[1.326s] -- Found TinyXML2 via Config file: /usr/lib/x86_64-linux-gnu/cmake/tinyxml2
[1.350s] -- Found ament_lint_auto: 0.17.5 (/opt/ros/jazzy/share/ament_lint_auto/cmake)
[1.535s] -- Added test 'copyright' to check source files copyright and LICENSE
[1.540s] -- Added test 'flake8' to check Python code syntax and style conventions
[1.540s] -- Configured 'flake8' exclude dirs and/or files: 
[1.541s] -- Added test 'lint_cmake' to check CMake code style
[1.542s] -- Added test 'pep257' to check Python code against some of the docstring style conventions in PEP 257
[1.544s] -- Added test 'xmllint' to check XML markup files
[1.547s] -- Configuring done (1.5s)
[1.551s] -- Generating done (0.0s)
[1.553s] -- Build files have been written to: /home/zaid/bumperbot_ws/src/build/bumperbot_description
[1.562s] Invoked command in '/home/zaid/bumperbot_ws/src/build/bumperbot_description' returned '0': CMAKE_PREFIX_PATH=${CMAKE_PREFIX_PATH}:/opt/ros/jazzy DEBUGINFOD_URLS=https://debuginfod.ubuntu.com /usr/bin/cmake /home/zaid/bumperbot_ws/src/bumperbot_description -DCMAKE_INSTALL_PREFIX=/home/zaid/bumperbot_ws/src/install/bumperbot_description
[1.565s] Invoking command in '/home/zaid/bumperbot_ws/src/build/bumperbot_description': CMAKE_PREFIX_PATH=${CMAKE_PREFIX_PATH}:/opt/ros/jazzy DEBUGINFOD_URLS=https://debuginfod.ubuntu.com /usr/bin/cmake --build /home/zaid/bumperbot_ws/src/build/bumperbot_description -- -j28 -l28
[1.630s] Invoked command in '/home/zaid/bumperbot_ws/src/build/bumperbot_description' returned '0': CMAKE_PREFIX_PATH=${CMAKE_PREFIX_PATH}:/opt/ros/jazzy DEBUGINFOD_URLS=https://debuginfod.ubuntu.com /usr/bin/cmake --build /home/zaid/bumperbot_ws/src/build/bumperbot_description -- -j28 -l28
[1.644s] Invoking command in '/home/zaid/bumperbot_ws/src/build/bumperbot_description': CMAKE_PREFIX_PATH=${CMAKE_PREFIX_PATH}:/opt/ros/jazzy DEBUGINFOD_URLS=https://debuginfod.ubuntu.com /usr/bin/cmake --install /home/zaid/bumperbot_ws/src/build/bumperbot_description
[1.655s] -- Install configuration: ""
[1.655s] -- Installing: /home/zaid/bumperbot_ws/src/install/bumperbot_description/share/bumperbot_description/launch
[1.656s] -- Installing: /home/zaid/bumperbot_ws/src/install/bumperbot_description/share/bumperbot_description/launch/display.launch.py
[1.656s] -- Installing: /home/zaid/bumperbot_ws/src/install/bumperbot_description/share/bumperbot_description/launch/gazebo.launch.py
[1.656s] -- Installing: /home/zaid/bumperbot_ws/src/install/bumperbot_description/share/bumperbot_description/meshes
[1.656s] -- Installing: /home/zaid/bumperbot_ws/src/install/bumperbot_description/share/bumperbot_description/meshes/base_link.STL
[1.671s] -- Installing: /home/zaid/bumperbot_ws/src/install/bumperbot_description/share/bumperbot_description/meshes/wheel_right_link.STL
[1.672s] -- Installing: /home/zaid/bumperbot_ws/src/install/bumperbot_description/share/bumperbot_description/meshes/caster_rear_link.STL
[1.673s] -- Installing: /home/zaid/bumperbot_ws/src/install/bumperbot_description/share/bumperbot_description/meshes/imu_link.STL
[1.674s] -- Installing: /home/zaid/bumperbot_ws/src/install/bumperbot_description/share/bumperbot_description/meshes/wheel_left_link.STL
[1.675s] -- Installing: /home/zaid/bumperbot_ws/src/install/bumperbot_description/share/bumperbot_description/meshes/caster_front_link.STL
[1.676s] -- Installing: /home/zaid/bumperbot_ws/src/install/bumperbot_description/share/bumperbot_description/urdf
[1.676s] -- Installing: /home/zaid/bumperbot_ws/src/install/bumperbot_description/share/bumperbot_description/urdf/bumperbot_ros2_control.xacro
[1.676s] -- Installing: /home/zaid/bumperbot_ws/src/install/bumperbot_description/share/bumperbot_description/urdf/bumperbot.urdf.xacro
[1.677s] -- Installing: /home/zaid/bumperbot_ws/src/install/bumperbot_description/share/bumperbot_description/urdf/bumperbot_gazebo.xacro
[1.677s] -- Installing: /home/zaid/bumperbot_ws/src/install/bumperbot_description/share/bumperbot_description/rviz
[1.677s] -- Installing: /home/zaid/bumperbot_ws/src/install/bumperbot_description/share/bumperbot_description/rviz/display.rviz
[1.677s] -- Installing: /home/zaid/bumperbot_ws/src/install/bumperbot_description/share/ament_index/resource_index/package_run_dependencies/bumperbot_description
[1.677s] -- Installing: /home/zaid/bumperbot_ws/src/install/bumperbot_description/share/ament_index/resource_index/parent_prefix_path/bumperbot_description
[1.677s] -- Installing: /home/zaid/bumperbot_ws/src/install/bumperbot_description/share/bumperbot_description/environment/ament_prefix_path.sh
[1.678s] -- Installing: /home/zaid/bumperbot_ws/src/install/bumperbot_description/share/bumperbot_description/environment/ament_prefix_path.dsv
[1.678s] -- Installing: /home/zaid/bumperbot_ws/src/install/bumperbot_description/share/bumperbot_description/environment/path.sh
[1.678s] -- Installing: /home/zaid/bumperbot_ws/src/install/bumperbot_description/share/bumperbot_description/environment/path.dsv
[1.678s] -- Installing: /home/zaid/bumperbot_ws/src/install/bumperbot_description/share/bumperbot_description/local_setup.bash
[1.678s] -- Installing: /home/zaid/bumperbot_ws/src/install/bumperbot_description/share/bumperbot_description/local_setup.sh
[1.678s] -- Installing: /home/zaid/bumperbot_ws/src/install/bumperbot_description/share/bumperbot_description/local_setup.zsh
[1.679s] -- Installing: /home/zaid/bumperbot_ws/src/install/bumperbot_description/share/bumperbot_description/local_setup.dsv
[1.679s] -- Installing: /home/zaid/bumperbot_ws/src/install/bumperbot_description/share/bumperbot_description/package.dsv
[1.679s] -- Installing: /home/zaid/bumperbot_ws/src/install/bumperbot_description/share/ament_index/resource_index/packages/bumperbot_description
[1.679s] -- Installing: /home/zaid/bumperbot_ws/src/install/bumperbot_description/share/bumperbot_description/cmake/bumperbot_descriptionConfig.cmake
[1.679s] -- Installing: /home/zaid/bumperbot_ws/src/install/bumperbot_description/share/bumperbot_description/cmake/bumperbot_descriptionConfig-version.cmake
[1.679s] -- Installing: /home/zaid/bumperbot_ws/src/install/bumperbot_description/share/bumperbot_description/package.xml
[1.681s] Invoked command in '/home/zaid/bumperbot_ws/src/build/bumperbot_description' returned '0': CMAKE_PREFIX_PATH=${CMAKE_PREFIX_PATH}:/opt/ros/jazzy DEBUGINFOD_URLS=https://debuginfod.ubuntu.com /usr/bin/cmake --install /home/zaid/bumperbot_ws/src/build/bumperbot_description
