[0.306s] DEBUG:colcon:Command line arguments: ['/usr/bin/colcon', 'build']
[0.306s] DEBUG:colcon:Parsed command line arguments: Namespace(log_base=None, log_level=None, verb_name='build', build_base='build', install_base='install', merge_install=False, symlink_install=False, test_result_base=None, continue_on_error=False, executor='parallel', parallel_workers=28, event_handlers=None, ignore_user_meta=False, metas=['./colcon.meta'], base_paths=['.'], packages_ignore=None, packages_ignore_regex=None, paths=None, packages_up_to=None, packages_up_to_regex=None, packages_above=None, packages_above_and_dependencies=None, packages_above_depth=None, packages_select_by_dep=None, packages_skip_by_dep=None, packages_skip_up_to=None, packages_select_build_failed=False, packages_skip_build_finished=False, packages_select_test_failures=False, packages_skip_test_passed=False, packages_select=None, packages_skip=None, packages_select_regex=None, packages_skip_regex=None, packages_start=None, packages_end=None, allow_overriding=[], cmake_args=None, cmake_target=None, cmake_target_skip_unavailable=False, cmake_clean_cache=False, cmake_clean_first=False, cmake_force_configure=False, ament_cmake_args=None, catkin_cmake_args=None, catkin_skip_building_tests=False, mixin_files=None, mixin=None, verb_parser=<colcon_mixin.mixin.mixin_argument.MixinArgumentDecorator object at 0x7470886c1370>, verb_extension=<colcon_core.verb.build.BuildVerb object at 0x7470886330e0>, main=<bound method BuildVerb.main of <colcon_core.verb.build.BuildVerb object at 0x7470886330e0>>, mixin_verb=('build',))
[0.403s] Level 1:colcon.colcon_core.package_discovery:discover_packages(colcon_meta) check parameters
[0.404s] Level 1:colcon.colcon_core.package_discovery:discover_packages(recursive) check parameters
[0.404s] Level 1:colcon.colcon_core.package_discovery:discover_packages(ignore) check parameters
[0.404s] Level 1:colcon.colcon_core.package_discovery:discover_packages(path) check parameters
[0.404s] Level 1:colcon.colcon_core.package_discovery:discover_packages(colcon_meta) discover
[0.404s] Level 1:colcon.colcon_core.package_discovery:discover_packages(recursive) discover
[0.404s] INFO:colcon.colcon_core.package_discovery:Crawling recursively for packages in '/home/zaid/bumperbot_ws/src'
[0.404s] Level 1:colcon.colcon_core.package_identification:_identify(.) by extensions ['ignore', 'ignore_ament_install']
[0.405s] Level 1:colcon.colcon_core.package_identification:_identify(.) by extension 'ignore'
[0.405s] Level 1:colcon.colcon_core.package_identification:_identify(.) by extension 'ignore_ament_install'
[0.405s] Level 1:colcon.colcon_core.package_identification:_identify(.) by extensions ['colcon_pkg']
[0.405s] Level 1:colcon.colcon_core.package_identification:_identify(.) by extension 'colcon_pkg'
[0.405s] Level 1:colcon.colcon_core.package_identification:_identify(.) by extensions ['colcon_meta']
[0.405s] Level 1:colcon.colcon_core.package_identification:_identify(.) by extension 'colcon_meta'
[0.405s] Level 1:colcon.colcon_core.package_identification:_identify(.) by extensions ['ros']
[0.405s] Level 1:colcon.colcon_core.package_identification:_identify(.) by extension 'ros'
[0.483s] Level 1:colcon.colcon_core.package_identification:_identify(.) by extensions ['cmake', 'python']
[0.483s] Level 1:colcon.colcon_core.package_identification:_identify(.) by extension 'cmake'
[0.484s] Level 1:colcon.colcon_core.package_identification:_identify(.) by extension 'python'
[0.484s] Level 1:colcon.colcon_core.package_identification:_identify(.) by extensions ['python_setup_py']
[0.484s] Level 1:colcon.colcon_core.package_identification:_identify(.) by extension 'python_setup_py'
[0.484s] Level 1:colcon.colcon_core.package_identification:_identify(build) by extensions ['ignore', 'ignore_ament_install']
[0.484s] Level 1:colcon.colcon_core.package_identification:_identify(build) by extension 'ignore'
[0.484s] Level 1:colcon.colcon_core.package_identification:_identify(build) ignored
[0.485s] Level 1:colcon.colcon_core.package_identification:_identify(bumperbot_controller) by extensions ['ignore', 'ignore_ament_install']
[0.485s] Level 1:colcon.colcon_core.package_identification:_identify(bumperbot_controller) by extension 'ignore'
[0.485s] Level 1:colcon.colcon_core.package_identification:_identify(bumperbot_controller) by extension 'ignore_ament_install'
[0.485s] Level 1:colcon.colcon_core.package_identification:_identify(bumperbot_controller) by extensions ['colcon_pkg']
[0.485s] Level 1:colcon.colcon_core.package_identification:_identify(bumperbot_controller) by extension 'colcon_pkg'
[0.485s] Level 1:colcon.colcon_core.package_identification:_identify(bumperbot_controller) by extensions ['colcon_meta']
[0.485s] Level 1:colcon.colcon_core.package_identification:_identify(bumperbot_controller) by extension 'colcon_meta'
[0.486s] Level 1:colcon.colcon_core.package_identification:_identify(bumperbot_controller) by extensions ['ros']
[0.486s] Level 1:colcon.colcon_core.package_identification:_identify(bumperbot_controller) by extension 'ros'
[0.492s] DEBUG:colcon.colcon_core.package_identification:Package 'bumperbot_controller' with type 'ros.ament_cmake' and name 'bumperbot_controller'
[0.492s] Level 1:colcon.colcon_core.package_identification:_identify(bumperbot_cpp_examples) by extensions ['ignore', 'ignore_ament_install']
[0.493s] Level 1:colcon.colcon_core.package_identification:_identify(bumperbot_cpp_examples) by extension 'ignore'
[0.493s] Level 1:colcon.colcon_core.package_identification:_identify(bumperbot_cpp_examples) by extension 'ignore_ament_install'
[0.493s] Level 1:colcon.colcon_core.package_identification:_identify(bumperbot_cpp_examples) by extensions ['colcon_pkg']
[0.493s] Level 1:colcon.colcon_core.package_identification:_identify(bumperbot_cpp_examples) by extension 'colcon_pkg'
[0.493s] Level 1:colcon.colcon_core.package_identification:_identify(bumperbot_cpp_examples) by extensions ['colcon_meta']
[0.493s] Level 1:colcon.colcon_core.package_identification:_identify(bumperbot_cpp_examples) by extension 'colcon_meta'
[0.493s] Level 1:colcon.colcon_core.package_identification:_identify(bumperbot_cpp_examples) by extensions ['ros']
[0.493s] Level 1:colcon.colcon_core.package_identification:_identify(bumperbot_cpp_examples) by extension 'ros'
[0.495s] DEBUG:colcon.colcon_core.package_identification:Package 'bumperbot_cpp_examples' with type 'ros.ament_cmake' and name 'bumperbot_cpp_examples'
[0.495s] Level 1:colcon.colcon_core.package_identification:_identify(bumperbot_description) by extensions ['ignore', 'ignore_ament_install']
[0.495s] Level 1:colcon.colcon_core.package_identification:_identify(bumperbot_description) by extension 'ignore'
[0.496s] Level 1:colcon.colcon_core.package_identification:_identify(bumperbot_description) by extension 'ignore_ament_install'
[0.496s] Level 1:colcon.colcon_core.package_identification:_identify(bumperbot_description) by extensions ['colcon_pkg']
[0.496s] Level 1:colcon.colcon_core.package_identification:_identify(bumperbot_description) by extension 'colcon_pkg'
[0.496s] Level 1:colcon.colcon_core.package_identification:_identify(bumperbot_description) by extensions ['colcon_meta']
[0.496s] Level 1:colcon.colcon_core.package_identification:_identify(bumperbot_description) by extension 'colcon_meta'
[0.496s] Level 1:colcon.colcon_core.package_identification:_identify(bumperbot_description) by extensions ['ros']
[0.496s] Level 1:colcon.colcon_core.package_identification:_identify(bumperbot_description) by extension 'ros'
[0.497s] DEBUG:colcon.colcon_core.package_identification:Package 'bumperbot_description' with type 'ros.ament_cmake' and name 'bumperbot_description'
[0.497s] Level 1:colcon.colcon_core.package_identification:_identify(bumperbot_py_examples) by extensions ['ignore', 'ignore_ament_install']
[0.498s] Level 1:colcon.colcon_core.package_identification:_identify(bumperbot_py_examples) by extension 'ignore'
[0.498s] Level 1:colcon.colcon_core.package_identification:_identify(bumperbot_py_examples) by extension 'ignore_ament_install'
[0.498s] Level 1:colcon.colcon_core.package_identification:_identify(bumperbot_py_examples) by extensions ['colcon_pkg']
[0.498s] Level 1:colcon.colcon_core.package_identification:_identify(bumperbot_py_examples) by extension 'colcon_pkg'
[0.498s] Level 1:colcon.colcon_core.package_identification:_identify(bumperbot_py_examples) by extensions ['colcon_meta']
[0.498s] Level 1:colcon.colcon_core.package_identification:_identify(bumperbot_py_examples) by extension 'colcon_meta'
[0.498s] Level 1:colcon.colcon_core.package_identification:_identify(bumperbot_py_examples) by extensions ['ros']
[0.498s] Level 1:colcon.colcon_core.package_identification:_identify(bumperbot_py_examples) by extension 'ros'
[0.500s] DEBUG:colcon.colcon_core.package_identification:Package 'bumperbot_py_examples' with type 'ros.ament_python' and name 'bumperbot_py_examples'
[0.500s] Level 1:colcon.colcon_core.package_identification:_identify(install) by extensions ['ignore', 'ignore_ament_install']
[0.501s] Level 1:colcon.colcon_core.package_identification:_identify(install) by extension 'ignore'
[0.501s] Level 1:colcon.colcon_core.package_identification:_identify(install) ignored
[0.501s] Level 1:colcon.colcon_core.package_identification:_identify(log) by extensions ['ignore', 'ignore_ament_install']
[0.501s] Level 1:colcon.colcon_core.package_identification:_identify(log) by extension 'ignore'
[0.501s] Level 1:colcon.colcon_core.package_identification:_identify(log) ignored
[0.501s] Level 1:colcon.colcon_core.package_discovery:discover_packages(recursive) using defaults
[0.501s] Level 1:colcon.colcon_core.package_discovery:discover_packages(ignore) discover
[0.502s] Level 1:colcon.colcon_core.package_discovery:discover_packages(ignore) using defaults
[0.502s] Level 1:colcon.colcon_core.package_discovery:discover_packages(path) discover
[0.502s] Level 1:colcon.colcon_core.package_discovery:discover_packages(path) using defaults
[0.546s] Level 1:colcon.colcon_core.package_discovery:discover_packages(prefix_path) check parameters
[0.547s] Level 1:colcon.colcon_core.package_discovery:discover_packages(prefix_path) discover
[0.551s] DEBUG:colcon.colcon_installed_package_information.package_discovery:Found 397 installed packages in /opt/ros/jazzy
[0.554s] Level 1:colcon.colcon_core.package_discovery:discover_packages(prefix_path) using defaults
[0.652s] Level 5:colcon.colcon_core.verb:set package 'bumperbot_controller' build argument 'cmake_args' from command line to 'None'
[0.653s] Level 5:colcon.colcon_core.verb:set package 'bumperbot_controller' build argument 'cmake_target' from command line to 'None'
[0.653s] Level 5:colcon.colcon_core.verb:set package 'bumperbot_controller' build argument 'cmake_target_skip_unavailable' from command line to 'False'
[0.653s] Level 5:colcon.colcon_core.verb:set package 'bumperbot_controller' build argument 'cmake_clean_cache' from command line to 'False'
[0.653s] Level 5:colcon.colcon_core.verb:set package 'bumperbot_controller' build argument 'cmake_clean_first' from command line to 'False'
[0.653s] Level 5:colcon.colcon_core.verb:set package 'bumperbot_controller' build argument 'cmake_force_configure' from command line to 'False'
[0.653s] Level 5:colcon.colcon_core.verb:set package 'bumperbot_controller' build argument 'ament_cmake_args' from command line to 'None'
[0.653s] Level 5:colcon.colcon_core.verb:set package 'bumperbot_controller' build argument 'catkin_cmake_args' from command line to 'None'
[0.653s] Level 5:colcon.colcon_core.verb:set package 'bumperbot_controller' build argument 'catkin_skip_building_tests' from command line to 'False'
[0.653s] DEBUG:colcon.colcon_core.verb:Building package 'bumperbot_controller' with the following arguments: {'ament_cmake_args': None, 'build_base': '/home/zaid/bumperbot_ws/src/build/bumperbot_controller', 'catkin_cmake_args': None, 'catkin_skip_building_tests': False, 'cmake_args': None, 'cmake_clean_cache': False, 'cmake_clean_first': False, 'cmake_force_configure': False, 'cmake_target': None, 'cmake_target_skip_unavailable': False, 'install_base': '/home/zaid/bumperbot_ws/src/install/bumperbot_controller', 'merge_install': False, 'path': '/home/zaid/bumperbot_ws/src/bumperbot_controller', 'symlink_install': False, 'test_result_base': None}
[0.654s] Level 5:colcon.colcon_core.verb:set package 'bumperbot_cpp_examples' build argument 'cmake_args' from command line to 'None'
[0.654s] Level 5:colcon.colcon_core.verb:set package 'bumperbot_cpp_examples' build argument 'cmake_target' from command line to 'None'
[0.654s] Level 5:colcon.colcon_core.verb:set package 'bumperbot_cpp_examples' build argument 'cmake_target_skip_unavailable' from command line to 'False'
[0.654s] Level 5:colcon.colcon_core.verb:set package 'bumperbot_cpp_examples' build argument 'cmake_clean_cache' from command line to 'False'
[0.654s] Level 5:colcon.colcon_core.verb:set package 'bumperbot_cpp_examples' build argument 'cmake_clean_first' from command line to 'False'
[0.654s] Level 5:colcon.colcon_core.verb:set package 'bumperbot_cpp_examples' build argument 'cmake_force_configure' from command line to 'False'
[0.654s] Level 5:colcon.colcon_core.verb:set package 'bumperbot_cpp_examples' build argument 'ament_cmake_args' from command line to 'None'
[0.654s] Level 5:colcon.colcon_core.verb:set package 'bumperbot_cpp_examples' build argument 'catkin_cmake_args' from command line to 'None'
[0.654s] Level 5:colcon.colcon_core.verb:set package 'bumperbot_cpp_examples' build argument 'catkin_skip_building_tests' from command line to 'False'
[0.655s] DEBUG:colcon.colcon_core.verb:Building package 'bumperbot_cpp_examples' with the following arguments: {'ament_cmake_args': None, 'build_base': '/home/zaid/bumperbot_ws/src/build/bumperbot_cpp_examples', 'catkin_cmake_args': None, 'catkin_skip_building_tests': False, 'cmake_args': None, 'cmake_clean_cache': False, 'cmake_clean_first': False, 'cmake_force_configure': False, 'cmake_target': None, 'cmake_target_skip_unavailable': False, 'install_base': '/home/zaid/bumperbot_ws/src/install/bumperbot_cpp_examples', 'merge_install': False, 'path': '/home/zaid/bumperbot_ws/src/bumperbot_cpp_examples', 'symlink_install': False, 'test_result_base': None}
[0.655s] Level 5:colcon.colcon_core.verb:set package 'bumperbot_description' build argument 'cmake_args' from command line to 'None'
[0.655s] Level 5:colcon.colcon_core.verb:set package 'bumperbot_description' build argument 'cmake_target' from command line to 'None'
[0.655s] Level 5:colcon.colcon_core.verb:set package 'bumperbot_description' build argument 'cmake_target_skip_unavailable' from command line to 'False'
[0.655s] Level 5:colcon.colcon_core.verb:set package 'bumperbot_description' build argument 'cmake_clean_cache' from command line to 'False'
[0.655s] Level 5:colcon.colcon_core.verb:set package 'bumperbot_description' build argument 'cmake_clean_first' from command line to 'False'
[0.655s] Level 5:colcon.colcon_core.verb:set package 'bumperbot_description' build argument 'cmake_force_configure' from command line to 'False'
[0.655s] Level 5:colcon.colcon_core.verb:set package 'bumperbot_description' build argument 'ament_cmake_args' from command line to 'None'
[0.655s] Level 5:colcon.colcon_core.verb:set package 'bumperbot_description' build argument 'catkin_cmake_args' from command line to 'None'
[0.655s] Level 5:colcon.colcon_core.verb:set package 'bumperbot_description' build argument 'catkin_skip_building_tests' from command line to 'False'
[0.656s] DEBUG:colcon.colcon_core.verb:Building package 'bumperbot_description' with the following arguments: {'ament_cmake_args': None, 'build_base': '/home/zaid/bumperbot_ws/src/build/bumperbot_description', 'catkin_cmake_args': None, 'catkin_skip_building_tests': False, 'cmake_args': None, 'cmake_clean_cache': False, 'cmake_clean_first': False, 'cmake_force_configure': False, 'cmake_target': None, 'cmake_target_skip_unavailable': False, 'install_base': '/home/zaid/bumperbot_ws/src/install/bumperbot_description', 'merge_install': False, 'path': '/home/zaid/bumperbot_ws/src/bumperbot_description', 'symlink_install': False, 'test_result_base': None}
[0.656s] Level 5:colcon.colcon_core.verb:set package 'bumperbot_py_examples' build argument 'cmake_args' from command line to 'None'
[0.656s] Level 5:colcon.colcon_core.verb:set package 'bumperbot_py_examples' build argument 'cmake_target' from command line to 'None'
[0.656s] Level 5:colcon.colcon_core.verb:set package 'bumperbot_py_examples' build argument 'cmake_target_skip_unavailable' from command line to 'False'
[0.656s] Level 5:colcon.colcon_core.verb:set package 'bumperbot_py_examples' build argument 'cmake_clean_cache' from command line to 'False'
[0.656s] Level 5:colcon.colcon_core.verb:set package 'bumperbot_py_examples' build argument 'cmake_clean_first' from command line to 'False'
[0.656s] Level 5:colcon.colcon_core.verb:set package 'bumperbot_py_examples' build argument 'cmake_force_configure' from command line to 'False'
[0.656s] Level 5:colcon.colcon_core.verb:set package 'bumperbot_py_examples' build argument 'ament_cmake_args' from command line to 'None'
[0.656s] Level 5:colcon.colcon_core.verb:set package 'bumperbot_py_examples' build argument 'catkin_cmake_args' from command line to 'None'
[0.657s] Level 5:colcon.colcon_core.verb:set package 'bumperbot_py_examples' build argument 'catkin_skip_building_tests' from command line to 'False'
[0.657s] DEBUG:colcon.colcon_core.verb:Building package 'bumperbot_py_examples' with the following arguments: {'ament_cmake_args': None, 'build_base': '/home/zaid/bumperbot_ws/src/build/bumperbot_py_examples', 'catkin_cmake_args': None, 'catkin_skip_building_tests': False, 'cmake_args': None, 'cmake_clean_cache': False, 'cmake_clean_first': False, 'cmake_force_configure': False, 'cmake_target': None, 'cmake_target_skip_unavailable': False, 'install_base': '/home/zaid/bumperbot_ws/src/install/bumperbot_py_examples', 'merge_install': False, 'path': '/home/zaid/bumperbot_ws/src/bumperbot_py_examples', 'symlink_install': False, 'test_result_base': None}
[0.657s] INFO:colcon.colcon_core.executor:Executing jobs using 'parallel' executor
[0.659s] DEBUG:colcon.colcon_parallel_executor.executor.parallel:run_until_complete
[0.660s] INFO:colcon.colcon_ros.task.ament_cmake.build:Building ROS package in '/home/zaid/bumperbot_ws/src/bumperbot_controller' with build type 'ament_cmake'
[0.660s] INFO:colcon.colcon_cmake.task.cmake.build:Building CMake package in '/home/zaid/bumperbot_ws/src/bumperbot_controller'
[0.665s] INFO:colcon.colcon_core.plugin_system:Skipping extension 'colcon_core.shell.bat': Not used on non-Windows systems
[0.665s] INFO:colcon.colcon_core.shell:Skip shell extension 'powershell' for command environment: Not usable outside of PowerShell
[0.666s] DEBUG:colcon.colcon_core.shell:Skip shell extension 'dsv' for command environment
[0.674s] INFO:colcon.colcon_ros.task.ament_cmake.build:Building ROS package in '/home/zaid/bumperbot_ws/src/bumperbot_cpp_examples' with build type 'ament_cmake'
[0.674s] INFO:colcon.colcon_cmake.task.cmake.build:Building CMake package in '/home/zaid/bumperbot_ws/src/bumperbot_cpp_examples'
[0.675s] INFO:colcon.colcon_core.shell:Skip shell extension 'powershell' for command environment: Not usable outside of PowerShell
[0.675s] DEBUG:colcon.colcon_core.shell:Skip shell extension 'dsv' for command environment
[0.683s] INFO:colcon.colcon_ros.task.ament_cmake.build:Building ROS package in '/home/zaid/bumperbot_ws/src/bumperbot_description' with build type 'ament_cmake'
[0.683s] INFO:colcon.colcon_cmake.task.cmake.build:Building CMake package in '/home/zaid/bumperbot_ws/src/bumperbot_description'
[0.684s] INFO:colcon.colcon_core.shell:Skip shell extension 'powershell' for command environment: Not usable outside of PowerShell
[0.684s] DEBUG:colcon.colcon_core.shell:Skip shell extension 'dsv' for command environment
[0.691s] INFO:colcon.colcon_ros.task.ament_python.build:Building ROS package in '/home/zaid/bumperbot_ws/src/bumperbot_py_examples' with build type 'ament_python'
[0.691s] Level 1:colcon.colcon_core.shell:create_environment_hook('bumperbot_py_examples', 'ament_prefix_path')
[0.692s] INFO:colcon.colcon_core.shell:Creating environment hook '/home/zaid/bumperbot_ws/src/install/bumperbot_py_examples/share/bumperbot_py_examples/hook/ament_prefix_path.ps1'
[0.694s] INFO:colcon.colcon_core.shell:Creating environment descriptor '/home/zaid/bumperbot_ws/src/install/bumperbot_py_examples/share/bumperbot_py_examples/hook/ament_prefix_path.dsv'
[0.694s] INFO:colcon.colcon_core.shell:Creating environment hook '/home/zaid/bumperbot_ws/src/install/bumperbot_py_examples/share/bumperbot_py_examples/hook/ament_prefix_path.sh'
[0.696s] INFO:colcon.colcon_core.shell:Skip shell extension 'powershell' for command environment: Not usable outside of PowerShell
[0.696s] DEBUG:colcon.colcon_core.shell:Skip shell extension 'dsv' for command environment
[0.715s] DEBUG:colcon.colcon_core.event_handler.log_command:Invoking command in '/home/zaid/bumperbot_ws/src/build/bumperbot_controller': CMAKE_PREFIX_PATH=${CMAKE_PREFIX_PATH}:/opt/ros/jazzy DEBUGINFOD_URLS=https://debuginfod.ubuntu.com /usr/bin/cmake /home/zaid/bumperbot_ws/src/bumperbot_controller -DCMAKE_INSTALL_PREFIX=/home/zaid/bumperbot_ws/src/install/bumperbot_controller
[0.722s] DEBUG:colcon.colcon_core.event_handler.log_command:Invoking command in '/home/zaid/bumperbot_ws/src/build/bumperbot_cpp_examples': CMAKE_PREFIX_PATH=${CMAKE_PREFIX_PATH}:/opt/ros/jazzy DEBUGINFOD_URLS=https://debuginfod.ubuntu.com /usr/bin/cmake /home/zaid/bumperbot_ws/src/bumperbot_cpp_examples -DCMAKE_INSTALL_PREFIX=/home/zaid/bumperbot_ws/src/install/bumperbot_cpp_examples
[0.732s] DEBUG:colcon.colcon_core.event_handler.log_command:Invoking command in '/home/zaid/bumperbot_ws/src/build/bumperbot_description': CMAKE_PREFIX_PATH=${CMAKE_PREFIX_PATH}:/opt/ros/jazzy DEBUGINFOD_URLS=https://debuginfod.ubuntu.com /usr/bin/cmake /home/zaid/bumperbot_ws/src/bumperbot_description -DCMAKE_INSTALL_PREFIX=/home/zaid/bumperbot_ws/src/install/bumperbot_description
[1.336s] INFO:colcon.colcon_core.task.python.build:Building Python package in '/home/zaid/bumperbot_ws/src/bumperbot_py_examples'
[1.337s] INFO:colcon.colcon_core.shell:Skip shell extension 'powershell' for command environment: Not usable outside of PowerShell
[1.337s] DEBUG:colcon.colcon_core.shell:Skip shell extension 'dsv' for command environment
[2.515s] DEBUG:colcon.colcon_core.task.python.build:Available setuptools commands: install_scripts, upload_docs, setopt, ptr, bdist_rpm, symlink_data, install_lib, develop, bdist_dumb, editable_wheel, bdist_egg, check, saveopts, dist_info, build_scripts, build_ext, alias, easy_install, build_clib, init_catalog, build_py, install_egg_info, upload, update_catalog, rotate, extract_messages, egg_info, compile_catalog, clean, sdist, bdist, test, install_headers, register, build, install, install_data, pytest, bdist_wheel
[2.519s] DEBUG:colcon.colcon_core.event_handler.log_command:Invoking command in '/home/zaid/bumperbot_ws/src/bumperbot_py_examples': DEBUGINFOD_URLS=https://debuginfod.ubuntu.com PYTHONPATH=/home/zaid/bumperbot_ws/src/build/bumperbot_py_examples/prefix_override:/usr/lib/python3/dist-packages/colcon_core/task/python/colcon_distutils_commands:/home/zaid/bumperbot_ws/src/install/bumperbot_py_examples/lib/python3.12/site-packages:${PYTHONPATH} /usr/bin/python3 -W ignore:setup.py install is deprecated -W ignore:easy_install command is deprecated setup.py egg_info --egg-base ../build/bumperbot_py_examples build --build-base /home/zaid/bumperbot_ws/src/build/bumperbot_py_examples/build install --record /home/zaid/bumperbot_ws/src/build/bumperbot_py_examples/install.log --install-scripts $base/lib/bumperbot_py_examples --single-version-externally-managed install_data
[2.660s] DEBUG:colcon.colcon_core.event_handler.log_command:Invoked command in '/home/zaid/bumperbot_ws/src/build/bumperbot_description' returned '0': CMAKE_PREFIX_PATH=${CMAKE_PREFIX_PATH}:/opt/ros/jazzy DEBUGINFOD_URLS=https://debuginfod.ubuntu.com /usr/bin/cmake /home/zaid/bumperbot_ws/src/bumperbot_description -DCMAKE_INSTALL_PREFIX=/home/zaid/bumperbot_ws/src/install/bumperbot_description
[2.664s] DEBUG:colcon.colcon_core.event_handler.log_command:Invoking command in '/home/zaid/bumperbot_ws/src/build/bumperbot_description': CMAKE_PREFIX_PATH=${CMAKE_PREFIX_PATH}:/opt/ros/jazzy DEBUGINFOD_URLS=https://debuginfod.ubuntu.com /usr/bin/cmake --build /home/zaid/bumperbot_ws/src/build/bumperbot_description -- -j28 -l28
[2.748s] DEBUG:colcon.colcon_core.event_handler.log_command:Invoked command in '/home/zaid/bumperbot_ws/src/build/bumperbot_description' returned '0': CMAKE_PREFIX_PATH=${CMAKE_PREFIX_PATH}:/opt/ros/jazzy DEBUGINFOD_URLS=https://debuginfod.ubuntu.com /usr/bin/cmake --build /home/zaid/bumperbot_ws/src/build/bumperbot_description -- -j28 -l28
[2.772s] DEBUG:colcon.colcon_core.event_handler.log_command:Invoking command in '/home/zaid/bumperbot_ws/src/build/bumperbot_description': CMAKE_PREFIX_PATH=${CMAKE_PREFIX_PATH}:/opt/ros/jazzy DEBUGINFOD_URLS=https://debuginfod.ubuntu.com /usr/bin/cmake --install /home/zaid/bumperbot_ws/src/build/bumperbot_description
[2.846s] Level 1:colcon.colcon_core.environment:create_environment_scripts_only(bumperbot_description)
[2.848s] DEBUG:colcon.colcon_core.event_handler.log_command:Invoked command in '/home/zaid/bumperbot_ws/src/build/bumperbot_description' returned '0': CMAKE_PREFIX_PATH=${CMAKE_PREFIX_PATH}:/opt/ros/jazzy DEBUGINFOD_URLS=https://debuginfod.ubuntu.com /usr/bin/cmake --install /home/zaid/bumperbot_ws/src/build/bumperbot_description
[2.852s] Level 1:colcon.colcon_core.environment:checking '/home/zaid/bumperbot_ws/src/install/bumperbot_description' for CMake module files
[2.854s] Level 1:colcon.colcon_core.environment:checking '/home/zaid/bumperbot_ws/src/install/bumperbot_description' for CMake config files
[2.855s] Level 1:colcon.colcon_core.shell:create_environment_hook('bumperbot_description', 'cmake_prefix_path')
[2.855s] INFO:colcon.colcon_core.shell:Creating environment hook '/home/zaid/bumperbot_ws/src/install/bumperbot_description/share/bumperbot_description/hook/cmake_prefix_path.ps1'
[2.857s] INFO:colcon.colcon_core.shell:Creating environment descriptor '/home/zaid/bumperbot_ws/src/install/bumperbot_description/share/bumperbot_description/hook/cmake_prefix_path.dsv'
[2.858s] INFO:colcon.colcon_core.shell:Creating environment hook '/home/zaid/bumperbot_ws/src/install/bumperbot_description/share/bumperbot_description/hook/cmake_prefix_path.sh'
[2.860s] Level 1:colcon.colcon_core.environment:checking '/home/zaid/bumperbot_ws/src/install/bumperbot_description/bin'
[2.860s] Level 1:colcon.colcon_core.environment:checking '/home/zaid/bumperbot_ws/src/install/bumperbot_description/lib/pkgconfig/bumperbot_description.pc'
[2.861s] Level 1:colcon.colcon_core.environment:checking '/home/zaid/bumperbot_ws/src/install/bumperbot_description/lib/python3.12/site-packages'
[2.862s] Level 1:colcon.colcon_core.environment:checking '/home/zaid/bumperbot_ws/src/install/bumperbot_description/bin'
[2.863s] INFO:colcon.colcon_core.shell:Creating package script '/home/zaid/bumperbot_ws/src/install/bumperbot_description/share/bumperbot_description/package.ps1'
[2.867s] INFO:colcon.colcon_core.shell:Creating package descriptor '/home/zaid/bumperbot_ws/src/install/bumperbot_description/share/bumperbot_description/package.dsv'
[2.869s] INFO:colcon.colcon_core.shell:Creating package script '/home/zaid/bumperbot_ws/src/install/bumperbot_description/share/bumperbot_description/package.sh'
[2.870s] INFO:colcon.colcon_core.shell:Creating package script '/home/zaid/bumperbot_ws/src/install/bumperbot_description/share/bumperbot_description/package.bash'
[2.871s] INFO:colcon.colcon_core.shell:Creating package script '/home/zaid/bumperbot_ws/src/install/bumperbot_description/share/bumperbot_description/package.zsh'
[2.872s] Level 1:colcon.colcon_core.environment:create_file_with_runtime_dependencies(/home/zaid/bumperbot_ws/src/install/bumperbot_description/share/colcon-core/packages/bumperbot_description)
[2.874s] Level 1:colcon.colcon_core.environment:create_environment_scripts_only(bumperbot_description)
[2.875s] Level 1:colcon.colcon_core.environment:checking '/home/zaid/bumperbot_ws/src/install/bumperbot_description' for CMake module files
[2.877s] Level 1:colcon.colcon_core.environment:checking '/home/zaid/bumperbot_ws/src/install/bumperbot_description' for CMake config files
[2.877s] Level 1:colcon.colcon_core.shell:create_environment_hook('bumperbot_description', 'cmake_prefix_path')
[2.878s] INFO:colcon.colcon_core.shell:Creating environment hook '/home/zaid/bumperbot_ws/src/install/bumperbot_description/share/bumperbot_description/hook/cmake_prefix_path.ps1'
[2.879s] INFO:colcon.colcon_core.shell:Creating environment descriptor '/home/zaid/bumperbot_ws/src/install/bumperbot_description/share/bumperbot_description/hook/cmake_prefix_path.dsv'
[2.879s] INFO:colcon.colcon_core.shell:Creating environment hook '/home/zaid/bumperbot_ws/src/install/bumperbot_description/share/bumperbot_description/hook/cmake_prefix_path.sh'
[2.881s] Level 1:colcon.colcon_core.environment:checking '/home/zaid/bumperbot_ws/src/install/bumperbot_description/bin'
[2.881s] Level 1:colcon.colcon_core.environment:checking '/home/zaid/bumperbot_ws/src/install/bumperbot_description/lib/pkgconfig/bumperbot_description.pc'
[2.881s] Level 1:colcon.colcon_core.environment:checking '/home/zaid/bumperbot_ws/src/install/bumperbot_description/lib/python3.12/site-packages'
[2.882s] Level 1:colcon.colcon_core.environment:checking '/home/zaid/bumperbot_ws/src/install/bumperbot_description/bin'
[2.883s] INFO:colcon.colcon_core.shell:Creating package script '/home/zaid/bumperbot_ws/src/install/bumperbot_description/share/bumperbot_description/package.ps1'
[2.884s] INFO:colcon.colcon_core.shell:Creating package descriptor '/home/zaid/bumperbot_ws/src/install/bumperbot_description/share/bumperbot_description/package.dsv'
[2.885s] INFO:colcon.colcon_core.shell:Creating package script '/home/zaid/bumperbot_ws/src/install/bumperbot_description/share/bumperbot_description/package.sh'
[2.886s] INFO:colcon.colcon_core.shell:Creating package script '/home/zaid/bumperbot_ws/src/install/bumperbot_description/share/bumperbot_description/package.bash'
[2.887s] INFO:colcon.colcon_core.shell:Creating package script '/home/zaid/bumperbot_ws/src/install/bumperbot_description/share/bumperbot_description/package.zsh'
[2.888s] Level 1:colcon.colcon_core.environment:create_file_with_runtime_dependencies(/home/zaid/bumperbot_ws/src/install/bumperbot_description/share/colcon-core/packages/bumperbot_description)
[3.204s] DEBUG:colcon.colcon_core.event_handler.log_command:Invoked command in '/home/zaid/bumperbot_ws/src/build/bumperbot_controller' returned '0': CMAKE_PREFIX_PATH=${CMAKE_PREFIX_PATH}:/opt/ros/jazzy DEBUGINFOD_URLS=https://debuginfod.ubuntu.com /usr/bin/cmake /home/zaid/bumperbot_ws/src/bumperbot_controller -DCMAKE_INSTALL_PREFIX=/home/zaid/bumperbot_ws/src/install/bumperbot_controller
[3.205s] DEBUG:colcon.colcon_core.event_handler.log_command:Invoking command in '/home/zaid/bumperbot_ws/src/build/bumperbot_controller': CMAKE_PREFIX_PATH=${CMAKE_PREFIX_PATH}:/opt/ros/jazzy DEBUGINFOD_URLS=https://debuginfod.ubuntu.com /usr/bin/cmake --build /home/zaid/bumperbot_ws/src/build/bumperbot_controller -- -j28 -l28
[3.615s] DEBUG:colcon.colcon_core.event_handler.log_command:Invoked command in '/home/zaid/bumperbot_ws/src/build/bumperbot_cpp_examples' returned '0': CMAKE_PREFIX_PATH=${CMAKE_PREFIX_PATH}:/opt/ros/jazzy DEBUGINFOD_URLS=https://debuginfod.ubuntu.com /usr/bin/cmake /home/zaid/bumperbot_ws/src/bumperbot_cpp_examples -DCMAKE_INSTALL_PREFIX=/home/zaid/bumperbot_ws/src/install/bumperbot_cpp_examples
[3.617s] DEBUG:colcon.colcon_core.event_handler.log_command:Invoking command in '/home/zaid/bumperbot_ws/src/build/bumperbot_cpp_examples': CMAKE_PREFIX_PATH=${CMAKE_PREFIX_PATH}:/opt/ros/jazzy DEBUGINFOD_URLS=https://debuginfod.ubuntu.com /usr/bin/cmake --build /home/zaid/bumperbot_ws/src/build/bumperbot_cpp_examples -- -j28 -l28
[3.688s] Level 1:colcon.colcon_core.environment:checking '/home/zaid/bumperbot_ws/src/install/bumperbot_py_examples' for CMake module files
[3.689s] DEBUG:colcon.colcon_core.event_handler.log_command:Invoked command in '/home/zaid/bumperbot_ws/src/bumperbot_py_examples' returned '0': DEBUGINFOD_URLS=https://debuginfod.ubuntu.com PYTHONPATH=/home/zaid/bumperbot_ws/src/build/bumperbot_py_examples/prefix_override:/usr/lib/python3/dist-packages/colcon_core/task/python/colcon_distutils_commands:/home/zaid/bumperbot_ws/src/install/bumperbot_py_examples/lib/python3.12/site-packages:${PYTHONPATH} /usr/bin/python3 -W ignore:setup.py install is deprecated -W ignore:easy_install command is deprecated setup.py egg_info --egg-base ../build/bumperbot_py_examples build --build-base /home/zaid/bumperbot_ws/src/build/bumperbot_py_examples/build install --record /home/zaid/bumperbot_ws/src/build/bumperbot_py_examples/install.log --install-scripts $base/lib/bumperbot_py_examples --single-version-externally-managed install_data
[3.690s] Level 1:colcon.colcon_core.environment:checking '/home/zaid/bumperbot_ws/src/install/bumperbot_py_examples' for CMake config files
[3.691s] Level 1:colcon.colcon_core.environment:checking '/home/zaid/bumperbot_ws/src/install/bumperbot_py_examples/lib'
[3.691s] Level 1:colcon.colcon_core.environment:checking '/home/zaid/bumperbot_ws/src/install/bumperbot_py_examples/bin'
[3.691s] Level 1:colcon.colcon_core.environment:checking '/home/zaid/bumperbot_ws/src/install/bumperbot_py_examples/lib/pkgconfig/bumperbot_py_examples.pc'
[3.692s] Level 1:colcon.colcon_core.environment:checking '/home/zaid/bumperbot_ws/src/install/bumperbot_py_examples/lib/python3.12/site-packages'
[3.692s] Level 1:colcon.colcon_core.shell:create_environment_hook('bumperbot_py_examples', 'pythonpath')
[3.692s] INFO:colcon.colcon_core.shell:Creating environment hook '/home/zaid/bumperbot_ws/src/install/bumperbot_py_examples/share/bumperbot_py_examples/hook/pythonpath.ps1'
[3.693s] INFO:colcon.colcon_core.shell:Creating environment descriptor '/home/zaid/bumperbot_ws/src/install/bumperbot_py_examples/share/bumperbot_py_examples/hook/pythonpath.dsv'
[3.693s] INFO:colcon.colcon_core.shell:Creating environment hook '/home/zaid/bumperbot_ws/src/install/bumperbot_py_examples/share/bumperbot_py_examples/hook/pythonpath.sh'
[3.695s] Level 1:colcon.colcon_core.environment:checking '/home/zaid/bumperbot_ws/src/install/bumperbot_py_examples/bin'
[3.695s] Level 1:colcon.colcon_core.environment:create_environment_scripts_only(bumperbot_py_examples)
[3.695s] INFO:colcon.colcon_core.shell:Creating package script '/home/zaid/bumperbot_ws/src/install/bumperbot_py_examples/share/bumperbot_py_examples/package.ps1'
[3.696s] INFO:colcon.colcon_core.shell:Creating package descriptor '/home/zaid/bumperbot_ws/src/install/bumperbot_py_examples/share/bumperbot_py_examples/package.dsv'
[3.697s] INFO:colcon.colcon_core.shell:Creating package script '/home/zaid/bumperbot_ws/src/install/bumperbot_py_examples/share/bumperbot_py_examples/package.sh'
[3.698s] INFO:colcon.colcon_core.shell:Creating package script '/home/zaid/bumperbot_ws/src/install/bumperbot_py_examples/share/bumperbot_py_examples/package.bash'
[3.698s] INFO:colcon.colcon_core.shell:Creating package script '/home/zaid/bumperbot_ws/src/install/bumperbot_py_examples/share/bumperbot_py_examples/package.zsh'
[3.699s] Level 1:colcon.colcon_core.environment:create_file_with_runtime_dependencies(/home/zaid/bumperbot_ws/src/install/bumperbot_py_examples/share/colcon-core/packages/bumperbot_py_examples)
[3.931s] DEBUG:colcon.colcon_core.event_handler.log_command:Invoked command in '/home/zaid/bumperbot_ws/src/build/bumperbot_controller' returned '0': CMAKE_PREFIX_PATH=${CMAKE_PREFIX_PATH}:/opt/ros/jazzy DEBUGINFOD_URLS=https://debuginfod.ubuntu.com /usr/bin/cmake --build /home/zaid/bumperbot_ws/src/build/bumperbot_controller -- -j28 -l28
[3.933s] DEBUG:colcon.colcon_core.event_handler.log_command:Invoking command in '/home/zaid/bumperbot_ws/src/build/bumperbot_controller': CMAKE_PREFIX_PATH=${CMAKE_PREFIX_PATH}:/opt/ros/jazzy DEBUGINFOD_URLS=https://debuginfod.ubuntu.com /usr/bin/cmake --install /home/zaid/bumperbot_ws/src/build/bumperbot_controller
[4.027s] Level 1:colcon.colcon_core.environment:create_environment_scripts_only(bumperbot_controller)
[4.028s] Level 1:colcon.colcon_core.environment:checking '/home/zaid/bumperbot_ws/src/install/bumperbot_controller' for CMake module files
[4.029s] DEBUG:colcon.colcon_core.event_handler.log_command:Invoked command in '/home/zaid/bumperbot_ws/src/build/bumperbot_controller' returned '0': CMAKE_PREFIX_PATH=${CMAKE_PREFIX_PATH}:/opt/ros/jazzy DEBUGINFOD_URLS=https://debuginfod.ubuntu.com /usr/bin/cmake --install /home/zaid/bumperbot_ws/src/build/bumperbot_controller
[4.030s] Level 1:colcon.colcon_core.environment:checking '/home/zaid/bumperbot_ws/src/install/bumperbot_controller' for CMake config files
[4.030s] Level 1:colcon.colcon_core.shell:create_environment_hook('bumperbot_controller', 'cmake_prefix_path')
[4.031s] INFO:colcon.colcon_core.shell:Creating environment hook '/home/zaid/bumperbot_ws/src/install/bumperbot_controller/share/bumperbot_controller/hook/cmake_prefix_path.ps1'
[4.032s] INFO:colcon.colcon_core.shell:Creating environment descriptor '/home/zaid/bumperbot_ws/src/install/bumperbot_controller/share/bumperbot_controller/hook/cmake_prefix_path.dsv'
[4.032s] INFO:colcon.colcon_core.shell:Creating environment hook '/home/zaid/bumperbot_ws/src/install/bumperbot_controller/share/bumperbot_controller/hook/cmake_prefix_path.sh'
[4.034s] Level 1:colcon.colcon_core.environment:checking '/home/zaid/bumperbot_ws/src/install/bumperbot_controller/lib'
[4.034s] Level 1:colcon.colcon_core.environment:checking '/home/zaid/bumperbot_ws/src/install/bumperbot_controller/bin'
[4.034s] Level 1:colcon.colcon_core.environment:checking '/home/zaid/bumperbot_ws/src/install/bumperbot_controller/lib/pkgconfig/bumperbot_controller.pc'
[4.034s] Level 1:colcon.colcon_core.environment:checking '/home/zaid/bumperbot_ws/src/install/bumperbot_controller/lib/python3.12/site-packages'
[4.035s] Level 1:colcon.colcon_core.shell:create_environment_hook('bumperbot_controller', 'pythonpath')
[4.035s] INFO:colcon.colcon_core.shell:Creating environment hook '/home/zaid/bumperbot_ws/src/install/bumperbot_controller/share/bumperbot_controller/hook/pythonpath.ps1'
[4.035s] INFO:colcon.colcon_core.shell:Creating environment descriptor '/home/zaid/bumperbot_ws/src/install/bumperbot_controller/share/bumperbot_controller/hook/pythonpath.dsv'
[4.036s] INFO:colcon.colcon_core.shell:Creating environment hook '/home/zaid/bumperbot_ws/src/install/bumperbot_controller/share/bumperbot_controller/hook/pythonpath.sh'
[4.037s] Level 1:colcon.colcon_core.environment:checking '/home/zaid/bumperbot_ws/src/install/bumperbot_controller/bin'
[4.038s] INFO:colcon.colcon_core.shell:Creating package script '/home/zaid/bumperbot_ws/src/install/bumperbot_controller/share/bumperbot_controller/package.ps1'
[4.039s] INFO:colcon.colcon_core.shell:Creating package descriptor '/home/zaid/bumperbot_ws/src/install/bumperbot_controller/share/bumperbot_controller/package.dsv'
[4.040s] INFO:colcon.colcon_core.shell:Creating package script '/home/zaid/bumperbot_ws/src/install/bumperbot_controller/share/bumperbot_controller/package.sh'
[4.041s] INFO:colcon.colcon_core.shell:Creating package script '/home/zaid/bumperbot_ws/src/install/bumperbot_controller/share/bumperbot_controller/package.bash'
[4.041s] INFO:colcon.colcon_core.shell:Creating package script '/home/zaid/bumperbot_ws/src/install/bumperbot_controller/share/bumperbot_controller/package.zsh'
[4.042s] Level 1:colcon.colcon_core.environment:create_file_with_runtime_dependencies(/home/zaid/bumperbot_ws/src/install/bumperbot_controller/share/colcon-core/packages/bumperbot_controller)
[4.043s] Level 1:colcon.colcon_core.environment:create_environment_scripts_only(bumperbot_controller)
[4.043s] Level 1:colcon.colcon_core.environment:checking '/home/zaid/bumperbot_ws/src/install/bumperbot_controller' for CMake module files
[4.044s] Level 1:colcon.colcon_core.environment:checking '/home/zaid/bumperbot_ws/src/install/bumperbot_controller' for CMake config files
[4.045s] Level 1:colcon.colcon_core.shell:create_environment_hook('bumperbot_controller', 'cmake_prefix_path')
[4.045s] INFO:colcon.colcon_core.shell:Creating environment hook '/home/zaid/bumperbot_ws/src/install/bumperbot_controller/share/bumperbot_controller/hook/cmake_prefix_path.ps1'
[4.046s] INFO:colcon.colcon_core.shell:Creating environment descriptor '/home/zaid/bumperbot_ws/src/install/bumperbot_controller/share/bumperbot_controller/hook/cmake_prefix_path.dsv'
[4.046s] INFO:colcon.colcon_core.shell:Creating environment hook '/home/zaid/bumperbot_ws/src/install/bumperbot_controller/share/bumperbot_controller/hook/cmake_prefix_path.sh'
[4.047s] Level 1:colcon.colcon_core.environment:checking '/home/zaid/bumperbot_ws/src/install/bumperbot_controller/lib'
[4.047s] Level 1:colcon.colcon_core.environment:checking '/home/zaid/bumperbot_ws/src/install/bumperbot_controller/bin'
[4.047s] Level 1:colcon.colcon_core.environment:checking '/home/zaid/bumperbot_ws/src/install/bumperbot_controller/lib/pkgconfig/bumperbot_controller.pc'
[4.048s] Level 1:colcon.colcon_core.environment:checking '/home/zaid/bumperbot_ws/src/install/bumperbot_controller/lib/python3.12/site-packages'
[4.048s] Level 1:colcon.colcon_core.shell:create_environment_hook('bumperbot_controller', 'pythonpath')
[4.048s] INFO:colcon.colcon_core.shell:Creating environment hook '/home/zaid/bumperbot_ws/src/install/bumperbot_controller/share/bumperbot_controller/hook/pythonpath.ps1'
[4.049s] INFO:colcon.colcon_core.shell:Creating environment descriptor '/home/zaid/bumperbot_ws/src/install/bumperbot_controller/share/bumperbot_controller/hook/pythonpath.dsv'
[4.049s] INFO:colcon.colcon_core.shell:Creating environment hook '/home/zaid/bumperbot_ws/src/install/bumperbot_controller/share/bumperbot_controller/hook/pythonpath.sh'
[4.050s] Level 1:colcon.colcon_core.environment:checking '/home/zaid/bumperbot_ws/src/install/bumperbot_controller/bin'
[4.051s] INFO:colcon.colcon_core.shell:Creating package script '/home/zaid/bumperbot_ws/src/install/bumperbot_controller/share/bumperbot_controller/package.ps1'
[4.052s] INFO:colcon.colcon_core.shell:Creating package descriptor '/home/zaid/bumperbot_ws/src/install/bumperbot_controller/share/bumperbot_controller/package.dsv'
[4.052s] INFO:colcon.colcon_core.shell:Creating package script '/home/zaid/bumperbot_ws/src/install/bumperbot_controller/share/bumperbot_controller/package.sh'
[4.053s] INFO:colcon.colcon_core.shell:Creating package script '/home/zaid/bumperbot_ws/src/install/bumperbot_controller/share/bumperbot_controller/package.bash'
[4.053s] INFO:colcon.colcon_core.shell:Creating package script '/home/zaid/bumperbot_ws/src/install/bumperbot_controller/share/bumperbot_controller/package.zsh'
[4.054s] Level 1:colcon.colcon_core.environment:create_file_with_runtime_dependencies(/home/zaid/bumperbot_ws/src/install/bumperbot_controller/share/colcon-core/packages/bumperbot_controller)
[16.860s] DEBUG:colcon.colcon_core.event_handler.log_command:Invoked command in '/home/zaid/bumperbot_ws/src/build/bumperbot_cpp_examples' returned '0': CMAKE_PREFIX_PATH=${CMAKE_PREFIX_PATH}:/opt/ros/jazzy DEBUGINFOD_URLS=https://debuginfod.ubuntu.com /usr/bin/cmake --build /home/zaid/bumperbot_ws/src/build/bumperbot_cpp_examples -- -j28 -l28
[16.861s] DEBUG:colcon.colcon_core.event_handler.log_command:Invoking command in '/home/zaid/bumperbot_ws/src/build/bumperbot_cpp_examples': CMAKE_PREFIX_PATH=${CMAKE_PREFIX_PATH}:/opt/ros/jazzy DEBUGINFOD_URLS=https://debuginfod.ubuntu.com /usr/bin/cmake --install /home/zaid/bumperbot_ws/src/build/bumperbot_cpp_examples
[16.885s] Level 1:colcon.colcon_core.environment:create_environment_scripts_only(bumperbot_cpp_examples)
[16.885s] Level 1:colcon.colcon_core.environment:checking '/home/zaid/bumperbot_ws/src/install/bumperbot_cpp_examples' for CMake module files
[16.886s] DEBUG:colcon.colcon_core.event_handler.log_command:Invoked command in '/home/zaid/bumperbot_ws/src/build/bumperbot_cpp_examples' returned '0': CMAKE_PREFIX_PATH=${CMAKE_PREFIX_PATH}:/opt/ros/jazzy DEBUGINFOD_URLS=https://debuginfod.ubuntu.com /usr/bin/cmake --install /home/zaid/bumperbot_ws/src/build/bumperbot_cpp_examples
[16.887s] Level 1:colcon.colcon_core.environment:checking '/home/zaid/bumperbot_ws/src/install/bumperbot_cpp_examples' for CMake config files
[16.887s] Level 1:colcon.colcon_core.shell:create_environment_hook('bumperbot_cpp_examples', 'cmake_prefix_path')
[16.888s] INFO:colcon.colcon_core.shell:Creating environment hook '/home/zaid/bumperbot_ws/src/install/bumperbot_cpp_examples/share/bumperbot_cpp_examples/hook/cmake_prefix_path.ps1'
[16.889s] INFO:colcon.colcon_core.shell:Creating environment descriptor '/home/zaid/bumperbot_ws/src/install/bumperbot_cpp_examples/share/bumperbot_cpp_examples/hook/cmake_prefix_path.dsv'
[16.889s] INFO:colcon.colcon_core.shell:Creating environment hook '/home/zaid/bumperbot_ws/src/install/bumperbot_cpp_examples/share/bumperbot_cpp_examples/hook/cmake_prefix_path.sh'
[16.890s] Level 1:colcon.colcon_core.environment:checking '/home/zaid/bumperbot_ws/src/install/bumperbot_cpp_examples/lib'
[16.890s] Level 1:colcon.colcon_core.environment:checking '/home/zaid/bumperbot_ws/src/install/bumperbot_cpp_examples/bin'
[16.890s] Level 1:colcon.colcon_core.environment:checking '/home/zaid/bumperbot_ws/src/install/bumperbot_cpp_examples/lib/pkgconfig/bumperbot_cpp_examples.pc'
[16.891s] Level 1:colcon.colcon_core.environment:checking '/home/zaid/bumperbot_ws/src/install/bumperbot_cpp_examples/lib/python3.12/site-packages'
[16.892s] Level 1:colcon.colcon_core.environment:checking '/home/zaid/bumperbot_ws/src/install/bumperbot_cpp_examples/bin'
[16.892s] INFO:colcon.colcon_core.shell:Creating package script '/home/zaid/bumperbot_ws/src/install/bumperbot_cpp_examples/share/bumperbot_cpp_examples/package.ps1'
[16.893s] INFO:colcon.colcon_core.shell:Creating package descriptor '/home/zaid/bumperbot_ws/src/install/bumperbot_cpp_examples/share/bumperbot_cpp_examples/package.dsv'
[16.893s] INFO:colcon.colcon_core.shell:Creating package script '/home/zaid/bumperbot_ws/src/install/bumperbot_cpp_examples/share/bumperbot_cpp_examples/package.sh'
[16.894s] INFO:colcon.colcon_core.shell:Creating package script '/home/zaid/bumperbot_ws/src/install/bumperbot_cpp_examples/share/bumperbot_cpp_examples/package.bash'
[16.894s] INFO:colcon.colcon_core.shell:Creating package script '/home/zaid/bumperbot_ws/src/install/bumperbot_cpp_examples/share/bumperbot_cpp_examples/package.zsh'
[16.895s] Level 1:colcon.colcon_core.environment:create_file_with_runtime_dependencies(/home/zaid/bumperbot_ws/src/install/bumperbot_cpp_examples/share/colcon-core/packages/bumperbot_cpp_examples)
[16.895s] Level 1:colcon.colcon_core.environment:create_environment_scripts_only(bumperbot_cpp_examples)
[16.896s] Level 1:colcon.colcon_core.environment:checking '/home/zaid/bumperbot_ws/src/install/bumperbot_cpp_examples' for CMake module files
[16.896s] Level 1:colcon.colcon_core.environment:checking '/home/zaid/bumperbot_ws/src/install/bumperbot_cpp_examples' for CMake config files
[16.896s] Level 1:colcon.colcon_core.shell:create_environment_hook('bumperbot_cpp_examples', 'cmake_prefix_path')
[16.897s] INFO:colcon.colcon_core.shell:Creating environment hook '/home/zaid/bumperbot_ws/src/install/bumperbot_cpp_examples/share/bumperbot_cpp_examples/hook/cmake_prefix_path.ps1'
[16.897s] INFO:colcon.colcon_core.shell:Creating environment descriptor '/home/zaid/bumperbot_ws/src/install/bumperbot_cpp_examples/share/bumperbot_cpp_examples/hook/cmake_prefix_path.dsv'
[16.898s] INFO:colcon.colcon_core.shell:Creating environment hook '/home/zaid/bumperbot_ws/src/install/bumperbot_cpp_examples/share/bumperbot_cpp_examples/hook/cmake_prefix_path.sh'
[16.898s] Level 1:colcon.colcon_core.environment:checking '/home/zaid/bumperbot_ws/src/install/bumperbot_cpp_examples/lib'
[16.898s] Level 1:colcon.colcon_core.environment:checking '/home/zaid/bumperbot_ws/src/install/bumperbot_cpp_examples/bin'
[16.899s] Level 1:colcon.colcon_core.environment:checking '/home/zaid/bumperbot_ws/src/install/bumperbot_cpp_examples/lib/pkgconfig/bumperbot_cpp_examples.pc'
[16.899s] Level 1:colcon.colcon_core.environment:checking '/home/zaid/bumperbot_ws/src/install/bumperbot_cpp_examples/lib/python3.12/site-packages'
[16.899s] Level 1:colcon.colcon_core.environment:checking '/home/zaid/bumperbot_ws/src/install/bumperbot_cpp_examples/bin'
[16.900s] INFO:colcon.colcon_core.shell:Creating package script '/home/zaid/bumperbot_ws/src/install/bumperbot_cpp_examples/share/bumperbot_cpp_examples/package.ps1'
[16.901s] INFO:colcon.colcon_core.shell:Creating package descriptor '/home/zaid/bumperbot_ws/src/install/bumperbot_cpp_examples/share/bumperbot_cpp_examples/package.dsv'
[16.901s] INFO:colcon.colcon_core.shell:Creating package script '/home/zaid/bumperbot_ws/src/install/bumperbot_cpp_examples/share/bumperbot_cpp_examples/package.sh'
[16.902s] INFO:colcon.colcon_core.shell:Creating package script '/home/zaid/bumperbot_ws/src/install/bumperbot_cpp_examples/share/bumperbot_cpp_examples/package.bash'
[16.902s] INFO:colcon.colcon_core.shell:Creating package script '/home/zaid/bumperbot_ws/src/install/bumperbot_cpp_examples/share/bumperbot_cpp_examples/package.zsh'
[16.903s] Level 1:colcon.colcon_core.environment:create_file_with_runtime_dependencies(/home/zaid/bumperbot_ws/src/install/bumperbot_cpp_examples/share/colcon-core/packages/bumperbot_cpp_examples)
[16.903s] DEBUG:colcon.colcon_parallel_executor.executor.parallel:closing loop
[16.903s] DEBUG:colcon.colcon_parallel_executor.executor.parallel:loop closed
[16.904s] DEBUG:colcon.colcon_parallel_executor.executor.parallel:run_until_complete finished with '0'
[16.904s] DEBUG:colcon.colcon_core.event_reactor:joining thread
[16.915s] INFO:colcon.colcon_core.plugin_system:Skipping extension 'colcon_notification.desktop_notification.terminal_notifier': Not used on non-Darwin systems
[16.915s] INFO:colcon.colcon_core.plugin_system:Skipping extension 'colcon_notification.desktop_notification.win32': Not used on non-Windows systems
[16.915s] INFO:colcon.colcon_notification.desktop_notification:Sending desktop notification using 'notify2'
[16.937s] DEBUG:colcon.colcon_core.event_reactor:joined thread
[16.937s] INFO:colcon.colcon_core.shell:Creating prefix script '/home/zaid/bumperbot_ws/src/install/local_setup.ps1'
[16.939s] INFO:colcon.colcon_core.shell:Creating prefix util module '/home/zaid/bumperbot_ws/src/install/_local_setup_util_ps1.py'
[16.940s] INFO:colcon.colcon_core.shell:Creating prefix chain script '/home/zaid/bumperbot_ws/src/install/setup.ps1'
[16.942s] INFO:colcon.colcon_core.shell:Creating prefix script '/home/zaid/bumperbot_ws/src/install/local_setup.sh'
[16.943s] INFO:colcon.colcon_core.shell:Creating prefix util module '/home/zaid/bumperbot_ws/src/install/_local_setup_util_sh.py'
[16.944s] INFO:colcon.colcon_core.shell:Creating prefix chain script '/home/zaid/bumperbot_ws/src/install/setup.sh'
[16.945s] INFO:colcon.colcon_core.shell:Creating prefix script '/home/zaid/bumperbot_ws/src/install/local_setup.bash'
[16.946s] INFO:colcon.colcon_core.shell:Creating prefix chain script '/home/zaid/bumperbot_ws/src/install/setup.bash'
[16.947s] INFO:colcon.colcon_core.shell:Creating prefix script '/home/zaid/bumperbot_ws/src/install/local_setup.zsh'
[16.947s] INFO:colcon.colcon_core.shell:Creating prefix chain script '/home/zaid/bumperbot_ws/src/install/setup.zsh'
