[0.088s] Invoking command in '/home/zaid/bumperbot_ws/src/build/bumperbot_msgs': CMAKE_PREFIX_PATH=${CMAKE_PREFIX_PATH}:/opt/ros/jazzy DEBUGINFOD_URLS=https://debuginfod.ubuntu.com /usr/bin/cmake --build /home/zaid/bumperbot_ws/src/build/bumperbot_msgs -- -j28 -l28
[0.223s] [  2%] Built target bumperbot_msgs__rosidl_generator_type_description
[0.225s] [  4%] Built target bumperbot_msgs__rs
[0.245s] [  4%] Built target ament_cmake_python_copy_bumperbot_msgs
[0.277s] [  6%] Built target bumperbot_msgs__cpp
[0.278s] [ 24%] Built target bumperbot_msgs__rosidl_generator_c
[0.319s] [ 33%] Built target bumperbot_msgs__rosidl_typesupport_introspection_c
[0.321s] [ 42%] Built target bumperbot_msgs__rosidl_typesupport_c
[0.324s] [ 51%] Built target bumperbot_msgs__rosidl_typesupport_introspection_cpp
[0.327s] [ 60%] Built target bumperbot_msgs__rosidl_typesupport_cpp
[0.329s] [ 77%] Built target bumperbot_msgs__rosidl_typesupport_fastrtps_c
[0.329s] [ 77%] Built target bumperbot_msgs__rosidl_typesupport_fastrtps_cpp
[0.370s] [ 77%] Built target bumperbot_msgs
[0.430s] [ 80%] Built target bumperbot_msgs__py
[0.497s] [ 86%] Built target bumperbot_msgs__rosidl_generator_py
[0.556s] [ 91%] Built target bumperbot_msgs_s__rosidl_typesupport_c
[0.557s] [ 95%] Built target bumperbot_msgs_s__rosidl_typesupport_fastrtps_c
[0.557s] [100%] Built target bumperbot_msgs_s__rosidl_typesupport_introspection_c
[0.756s] running egg_info
[0.783s] writing bumperbot_msgs.egg-info/PKG-INFO
[0.783s] writing dependency_links to bumperbot_msgs.egg-info/dependency_links.txt
[0.784s] writing top-level names to bumperbot_msgs.egg-info/top_level.txt
[0.869s] reading manifest file 'bumperbot_msgs.egg-info/SOURCES.txt'
[0.870s] writing manifest file 'bumperbot_msgs.egg-info/SOURCES.txt'
[0.928s] [100%] Built target ament_cmake_python_build_bumperbot_msgs_egg
[0.952s] Invoked command in '/home/zaid/bumperbot_ws/src/build/bumperbot_msgs' returned '0': CMAKE_PREFIX_PATH=${CMAKE_PREFIX_PATH}:/opt/ros/jazzy DEBUGINFOD_URLS=https://debuginfod.ubuntu.com /usr/bin/cmake --build /home/zaid/bumperbot_ws/src/build/bumperbot_msgs -- -j28 -l28
[0.954s] Invoking command in '/home/zaid/bumperbot_ws/src/build/bumperbot_msgs': CMAKE_PREFIX_PATH=${CMAKE_PREFIX_PATH}:/opt/ros/jazzy DEBUGINFOD_URLS=https://debuginfod.ubuntu.com /usr/bin/cmake --install /home/zaid/bumperbot_ws/src/build/bumperbot_msgs
[0.975s] -- Install configuration: ""
[0.975s] -- Up-to-date: /home/zaid/bumperbot_ws/src/install/bumperbot_msgs/share/ament_index/resource_index/rosidl_interfaces/bumperbot_msgs
[0.975s] -- Up-to-date: /home/zaid/bumperbot_ws/src/install/bumperbot_msgs/share/bumperbot_msgs/srv/AddTwoInts.json
[0.976s] -- Up-to-date: /home/zaid/bumperbot_ws/src/install/bumperbot_msgs/share/bumperbot_msgs/srv/GetTransform.json
[0.976s] -- Up-to-date: /home/zaid/bumperbot_ws/src/install/bumperbot_msgs/include/bumperbot_msgs/bumperbot_msgs
[0.977s] -- Up-to-date: /home/zaid/bumperbot_ws/src/install/bumperbot_msgs/include/bumperbot_msgs/bumperbot_msgs/msg
[0.977s] -- Up-to-date: /home/zaid/bumperbot_ws/src/install/bumperbot_msgs/include/bumperbot_msgs/bumperbot_msgs/msg/rosidl_generator_c__visibility_control.h
[0.977s] -- Up-to-date: /home/zaid/bumperbot_ws/src/install/bumperbot_msgs/include/bumperbot_msgs/bumperbot_msgs/srv
[0.977s] -- Up-to-date: /home/zaid/bumperbot_ws/src/install/bumperbot_msgs/include/bumperbot_msgs/bumperbot_msgs/srv/get_transform.h
[0.978s] -- Up-to-date: /home/zaid/bumperbot_ws/src/install/bumperbot_msgs/include/bumperbot_msgs/bumperbot_msgs/srv/add_two_ints.h
[0.978s] -- Up-to-date: /home/zaid/bumperbot_ws/src/install/bumperbot_msgs/include/bumperbot_msgs/bumperbot_msgs/srv/detail
[0.978s] -- Up-to-date: /home/zaid/bumperbot_ws/src/install/bumperbot_msgs/include/bumperbot_msgs/bumperbot_msgs/srv/detail/add_two_ints__type_support.h
[0.978s] -- Up-to-date: /home/zaid/bumperbot_ws/src/install/bumperbot_msgs/include/bumperbot_msgs/bumperbot_msgs/srv/detail/get_transform__functions.h
[0.978s] -- Up-to-date: /home/zaid/bumperbot_ws/src/install/bumperbot_msgs/include/bumperbot_msgs/bumperbot_msgs/srv/detail/add_two_ints__description.c
[0.979s] -- Up-to-date: /home/zaid/bumperbot_ws/src/install/bumperbot_msgs/include/bumperbot_msgs/bumperbot_msgs/srv/detail/get_transform__type_support.c
[0.979s] -- Up-to-date: /home/zaid/bumperbot_ws/src/install/bumperbot_msgs/include/bumperbot_msgs/bumperbot_msgs/srv/detail/get_transform__functions.c
[0.979s] -- Up-to-date: /home/zaid/bumperbot_ws/src/install/bumperbot_msgs/include/bumperbot_msgs/bumperbot_msgs/srv/detail/add_two_ints__functions.c
[0.979s] -- Up-to-date: /home/zaid/bumperbot_ws/src/install/bumperbot_msgs/include/bumperbot_msgs/bumperbot_msgs/srv/detail/add_two_ints__struct.h
[0.979s] -- Up-to-date: /home/zaid/bumperbot_ws/src/install/bumperbot_msgs/include/bumperbot_msgs/bumperbot_msgs/srv/detail/get_transform__struct.h
[0.979s] -- Up-to-date: /home/zaid/bumperbot_ws/src/install/bumperbot_msgs/include/bumperbot_msgs/bumperbot_msgs/srv/detail/get_transform__type_support.h
[0.979s] -- Up-to-date: /home/zaid/bumperbot_ws/src/install/bumperbot_msgs/include/bumperbot_msgs/bumperbot_msgs/srv/detail/add_two_ints__functions.h
[0.980s] -- Up-to-date: /home/zaid/bumperbot_ws/src/install/bumperbot_msgs/include/bumperbot_msgs/bumperbot_msgs/srv/detail/get_transform__description.c
[0.980s] -- Up-to-date: /home/zaid/bumperbot_ws/src/install/bumperbot_msgs/include/bumperbot_msgs/bumperbot_msgs/srv/detail/add_two_ints__type_support.c
[0.980s] -- Up-to-date: /home/zaid/bumperbot_ws/src/install/bumperbot_msgs/share/bumperbot_msgs/environment/library_path.sh
[0.980s] -- Up-to-date: /home/zaid/bumperbot_ws/src/install/bumperbot_msgs/share/bumperbot_msgs/environment/library_path.dsv
[0.980s] -- Up-to-date: /home/zaid/bumperbot_ws/src/install/bumperbot_msgs/lib/libbumperbot_msgs__rosidl_generator_c.so
[0.980s] -- Up-to-date: /home/zaid/bumperbot_ws/src/install/bumperbot_msgs/include/bumperbot_msgs/bumperbot_msgs
[0.981s] -- Up-to-date: /home/zaid/bumperbot_ws/src/install/bumperbot_msgs/include/bumperbot_msgs/bumperbot_msgs/msg
[0.981s] -- Up-to-date: /home/zaid/bumperbot_ws/src/install/bumperbot_msgs/include/bumperbot_msgs/bumperbot_msgs/msg/rosidl_typesupport_fastrtps_c__visibility_control.h
[0.981s] -- Up-to-date: /home/zaid/bumperbot_ws/src/install/bumperbot_msgs/include/bumperbot_msgs/bumperbot_msgs/srv
[0.981s] -- Up-to-date: /home/zaid/bumperbot_ws/src/install/bumperbot_msgs/include/bumperbot_msgs/bumperbot_msgs/srv/detail
[0.981s] -- Up-to-date: /home/zaid/bumperbot_ws/src/install/bumperbot_msgs/include/bumperbot_msgs/bumperbot_msgs/srv/detail/get_transform__rosidl_typesupport_fastrtps_c.h
[0.981s] -- Up-to-date: /home/zaid/bumperbot_ws/src/install/bumperbot_msgs/include/bumperbot_msgs/bumperbot_msgs/srv/detail/add_two_ints__rosidl_typesupport_fastrtps_c.h
[0.981s] -- Up-to-date: /home/zaid/bumperbot_ws/src/install/bumperbot_msgs/lib/libbumperbot_msgs__rosidl_typesupport_fastrtps_c.so
[0.982s] -- Up-to-date: /home/zaid/bumperbot_ws/src/install/bumperbot_msgs/include/bumperbot_msgs/bumperbot_msgs
[0.982s] -- Up-to-date: /home/zaid/bumperbot_ws/src/install/bumperbot_msgs/include/bumperbot_msgs/bumperbot_msgs/msg
[0.982s] -- Up-to-date: /home/zaid/bumperbot_ws/src/install/bumperbot_msgs/include/bumperbot_msgs/bumperbot_msgs/msg/rosidl_generator_cpp__visibility_control.hpp
[0.982s] -- Up-to-date: /home/zaid/bumperbot_ws/src/install/bumperbot_msgs/include/bumperbot_msgs/bumperbot_msgs/srv
[0.982s] -- Up-to-date: /home/zaid/bumperbot_ws/src/install/bumperbot_msgs/include/bumperbot_msgs/bumperbot_msgs/srv/add_two_ints.hpp
[0.983s] -- Up-to-date: /home/zaid/bumperbot_ws/src/install/bumperbot_msgs/include/bumperbot_msgs/bumperbot_msgs/srv/detail
[0.983s] -- Up-to-date: /home/zaid/bumperbot_ws/src/install/bumperbot_msgs/include/bumperbot_msgs/bumperbot_msgs/srv/detail/add_two_ints__traits.hpp
[0.983s] -- Up-to-date: /home/zaid/bumperbot_ws/src/install/bumperbot_msgs/include/bumperbot_msgs/bumperbot_msgs/srv/detail/get_transform__struct.hpp
[0.983s] -- Up-to-date: /home/zaid/bumperbot_ws/src/install/bumperbot_msgs/include/bumperbot_msgs/bumperbot_msgs/srv/detail/get_transform__traits.hpp
[0.984s] -- Up-to-date: /home/zaid/bumperbot_ws/src/install/bumperbot_msgs/include/bumperbot_msgs/bumperbot_msgs/srv/detail/get_transform__type_support.hpp
[0.984s] -- Up-to-date: /home/zaid/bumperbot_ws/src/install/bumperbot_msgs/include/bumperbot_msgs/bumperbot_msgs/srv/detail/add_two_ints__struct.hpp
[0.984s] -- Up-to-date: /home/zaid/bumperbot_ws/src/install/bumperbot_msgs/include/bumperbot_msgs/bumperbot_msgs/srv/detail/add_two_ints__type_support.hpp
[0.984s] -- Up-to-date: /home/zaid/bumperbot_ws/src/install/bumperbot_msgs/include/bumperbot_msgs/bumperbot_msgs/srv/detail/add_two_ints__builder.hpp
[0.985s] -- Up-to-date: /home/zaid/bumperbot_ws/src/install/bumperbot_msgs/include/bumperbot_msgs/bumperbot_msgs/srv/detail/get_transform__builder.hpp
[0.985s] -- Up-to-date: /home/zaid/bumperbot_ws/src/install/bumperbot_msgs/include/bumperbot_msgs/bumperbot_msgs/srv/get_transform.hpp
[0.985s] -- Up-to-date: /home/zaid/bumperbot_ws/src/install/bumperbot_msgs/include/bumperbot_msgs/bumperbot_msgs
[0.985s] -- Up-to-date: /home/zaid/bumperbot_ws/src/install/bumperbot_msgs/include/bumperbot_msgs/bumperbot_msgs/msg
[0.985s] -- Up-to-date: /home/zaid/bumperbot_ws/src/install/bumperbot_msgs/include/bumperbot_msgs/bumperbot_msgs/msg/rosidl_typesupport_fastrtps_cpp__visibility_control.h
[0.985s] -- Up-to-date: /home/zaid/bumperbot_ws/src/install/bumperbot_msgs/include/bumperbot_msgs/bumperbot_msgs/srv
[0.986s] -- Up-to-date: /home/zaid/bumperbot_ws/src/install/bumperbot_msgs/include/bumperbot_msgs/bumperbot_msgs/srv/detail
[0.986s] -- Up-to-date: /home/zaid/bumperbot_ws/src/install/bumperbot_msgs/include/bumperbot_msgs/bumperbot_msgs/srv/detail/dds_fastrtps
[0.986s] -- Up-to-date: /home/zaid/bumperbot_ws/src/install/bumperbot_msgs/include/bumperbot_msgs/bumperbot_msgs/srv/detail/get_transform__rosidl_typesupport_fastrtps_cpp.hpp
[0.986s] -- Up-to-date: /home/zaid/bumperbot_ws/src/install/bumperbot_msgs/include/bumperbot_msgs/bumperbot_msgs/srv/detail/add_two_ints__rosidl_typesupport_fastrtps_cpp.hpp
[0.986s] -- Up-to-date: /home/zaid/bumperbot_ws/src/install/bumperbot_msgs/lib/libbumperbot_msgs__rosidl_typesupport_fastrtps_cpp.so
[0.986s] -- Up-to-date: /home/zaid/bumperbot_ws/src/install/bumperbot_msgs/include/bumperbot_msgs/bumperbot_msgs
[0.986s] -- Up-to-date: /home/zaid/bumperbot_ws/src/install/bumperbot_msgs/include/bumperbot_msgs/bumperbot_msgs/msg
[0.986s] -- Up-to-date: /home/zaid/bumperbot_ws/src/install/bumperbot_msgs/include/bumperbot_msgs/bumperbot_msgs/msg/rosidl_typesupport_introspection_c__visibility_control.h
[0.987s] -- Up-to-date: /home/zaid/bumperbot_ws/src/install/bumperbot_msgs/include/bumperbot_msgs/bumperbot_msgs/srv
[0.987s] -- Up-to-date: /home/zaid/bumperbot_ws/src/install/bumperbot_msgs/include/bumperbot_msgs/bumperbot_msgs/srv/detail
[0.987s] -- Up-to-date: /home/zaid/bumperbot_ws/src/install/bumperbot_msgs/include/bumperbot_msgs/bumperbot_msgs/srv/detail/get_transform__type_support.c
[0.987s] -- Up-to-date: /home/zaid/bumperbot_ws/src/install/bumperbot_msgs/include/bumperbot_msgs/bumperbot_msgs/srv/detail/add_two_ints__rosidl_typesupport_introspection_c.h
[0.987s] -- Up-to-date: /home/zaid/bumperbot_ws/src/install/bumperbot_msgs/include/bumperbot_msgs/bumperbot_msgs/srv/detail/get_transform__rosidl_typesupport_introspection_c.h
[0.987s] -- Up-to-date: /home/zaid/bumperbot_ws/src/install/bumperbot_msgs/include/bumperbot_msgs/bumperbot_msgs/srv/detail/add_two_ints__type_support.c
[0.987s] -- Up-to-date: /home/zaid/bumperbot_ws/src/install/bumperbot_msgs/lib/libbumperbot_msgs__rosidl_typesupport_introspection_c.so
[0.988s] -- Up-to-date: /home/zaid/bumperbot_ws/src/install/bumperbot_msgs/lib/libbumperbot_msgs__rosidl_typesupport_c.so
[0.988s] -- Up-to-date: /home/zaid/bumperbot_ws/src/install/bumperbot_msgs/include/bumperbot_msgs/bumperbot_msgs
[0.988s] -- Up-to-date: /home/zaid/bumperbot_ws/src/install/bumperbot_msgs/include/bumperbot_msgs/bumperbot_msgs/srv
[0.988s] -- Up-to-date: /home/zaid/bumperbot_ws/src/install/bumperbot_msgs/include/bumperbot_msgs/bumperbot_msgs/srv/detail
[0.988s] -- Up-to-date: /home/zaid/bumperbot_ws/src/install/bumperbot_msgs/include/bumperbot_msgs/bumperbot_msgs/srv/detail/add_two_ints__rosidl_typesupport_introspection_cpp.hpp
[0.988s] -- Up-to-date: /home/zaid/bumperbot_ws/src/install/bumperbot_msgs/include/bumperbot_msgs/bumperbot_msgs/srv/detail/get_transform__rosidl_typesupport_introspection_cpp.hpp
[0.988s] -- Up-to-date: /home/zaid/bumperbot_ws/src/install/bumperbot_msgs/include/bumperbot_msgs/bumperbot_msgs/srv/detail/get_transform__type_support.cpp
[0.989s] -- Up-to-date: /home/zaid/bumperbot_ws/src/install/bumperbot_msgs/include/bumperbot_msgs/bumperbot_msgs/srv/detail/add_two_ints__type_support.cpp
[0.989s] -- Up-to-date: /home/zaid/bumperbot_ws/src/install/bumperbot_msgs/lib/libbumperbot_msgs__rosidl_typesupport_introspection_cpp.so
[0.989s] -- Up-to-date: /home/zaid/bumperbot_ws/src/install/bumperbot_msgs/lib/libbumperbot_msgs__rosidl_typesupport_cpp.so
[0.989s] -- Up-to-date: /home/zaid/bumperbot_ws/src/install/bumperbot_msgs/share/bumperbot_msgs/environment/pythonpath.sh
[0.989s] -- Up-to-date: /home/zaid/bumperbot_ws/src/install/bumperbot_msgs/share/bumperbot_msgs/environment/pythonpath.dsv
[0.989s] -- Up-to-date: /home/zaid/bumperbot_ws/src/install/bumperbot_msgs/lib/python3.12/site-packages/bumperbot_msgs-0.0.0-py3.12.egg-info
[0.989s] -- Installing: /home/zaid/bumperbot_ws/src/install/bumperbot_msgs/lib/python3.12/site-packages/bumperbot_msgs-0.0.0-py3.12.egg-info/PKG-INFO
[0.989s] -- Installing: /home/zaid/bumperbot_ws/src/install/bumperbot_msgs/lib/python3.12/site-packages/bumperbot_msgs-0.0.0-py3.12.egg-info/top_level.txt
[0.990s] -- Installing: /home/zaid/bumperbot_ws/src/install/bumperbot_msgs/lib/python3.12/site-packages/bumperbot_msgs-0.0.0-py3.12.egg-info/SOURCES.txt
[0.990s] -- Installing: /home/zaid/bumperbot_ws/src/install/bumperbot_msgs/lib/python3.12/site-packages/bumperbot_msgs-0.0.0-py3.12.egg-info/dependency_links.txt
[0.990s] -- Up-to-date: /home/zaid/bumperbot_ws/src/install/bumperbot_msgs/lib/python3.12/site-packages/bumperbot_msgs
[0.990s] -- Up-to-date: /home/zaid/bumperbot_ws/src/install/bumperbot_msgs/lib/python3.12/site-packages/bumperbot_msgs/__init__.py
[0.990s] -- Up-to-date: /home/zaid/bumperbot_ws/src/install/bumperbot_msgs/lib/python3.12/site-packages/bumperbot_msgs/bumperbot_msgs_s__rosidl_typesupport_introspection_c.so
[0.990s] -- Up-to-date: /home/zaid/bumperbot_ws/src/install/bumperbot_msgs/lib/python3.12/site-packages/bumperbot_msgs/_bumperbot_msgs_s.ep.rosidl_typesupport_fastrtps_c.c
[0.990s] -- Up-to-date: /home/zaid/bumperbot_ws/src/install/bumperbot_msgs/lib/python3.12/site-packages/bumperbot_msgs/_bumperbot_msgs_s.ep.rosidl_typesupport_c.c
[0.991s] -- Up-to-date: /home/zaid/bumperbot_ws/src/install/bumperbot_msgs/lib/python3.12/site-packages/bumperbot_msgs/bumperbot_msgs_s__rosidl_typesupport_c.so
[0.991s] -- Up-to-date: /home/zaid/bumperbot_ws/src/install/bumperbot_msgs/lib/python3.12/site-packages/bumperbot_msgs/bumperbot_msgs_s__rosidl_typesupport_fastrtps_c.so
[0.991s] -- Up-to-date: /home/zaid/bumperbot_ws/src/install/bumperbot_msgs/lib/python3.12/site-packages/bumperbot_msgs/srv
[0.991s] -- Up-to-date: /home/zaid/bumperbot_ws/src/install/bumperbot_msgs/lib/python3.12/site-packages/bumperbot_msgs/srv/_add_two_ints_s.c
[0.991s] -- Up-to-date: /home/zaid/bumperbot_ws/src/install/bumperbot_msgs/lib/python3.12/site-packages/bumperbot_msgs/srv/_get_transform_s.c
[0.991s] -- Up-to-date: /home/zaid/bumperbot_ws/src/install/bumperbot_msgs/lib/python3.12/site-packages/bumperbot_msgs/srv/__init__.py
[0.991s] -- Up-to-date: /home/zaid/bumperbot_ws/src/install/bumperbot_msgs/lib/python3.12/site-packages/bumperbot_msgs/srv/_add_two_ints.py
[0.992s] -- Up-to-date: /home/zaid/bumperbot_ws/src/install/bumperbot_msgs/lib/python3.12/site-packages/bumperbot_msgs/srv/_get_transform.py
[0.992s] -- Up-to-date: /home/zaid/bumperbot_ws/src/install/bumperbot_msgs/lib/python3.12/site-packages/bumperbot_msgs/_bumperbot_msgs_s.ep.rosidl_typesupport_introspection_c.c
[1.073s] Listing '/home/zaid/bumperbot_ws/src/install/bumperbot_msgs/lib/python3.12/site-packages/bumperbot_msgs'...
[1.073s] Listing '/home/zaid/bumperbot_ws/src/install/bumperbot_msgs/lib/python3.12/site-packages/bumperbot_msgs/srv'...
[1.088s] -- Up-to-date: /home/zaid/bumperbot_ws/src/install/bumperbot_msgs/lib/python3.12/site-packages/bumperbot_msgs/bumperbot_msgs_s__rosidl_typesupport_fastrtps_c.so
[1.089s] -- Up-to-date: /home/zaid/bumperbot_ws/src/install/bumperbot_msgs/lib/python3.12/site-packages/bumperbot_msgs/bumperbot_msgs_s__rosidl_typesupport_introspection_c.so
[1.090s] -- Up-to-date: /home/zaid/bumperbot_ws/src/install/bumperbot_msgs/lib/python3.12/site-packages/bumperbot_msgs/bumperbot_msgs_s__rosidl_typesupport_c.so
[1.091s] -- Up-to-date: /home/zaid/bumperbot_ws/src/install/bumperbot_msgs/lib/libbumperbot_msgs__rosidl_generator_py.so
[1.091s] -- Up-to-date: /home/zaid/bumperbot_ws/src/install/bumperbot_msgs/share/ament_index/resource_index/rust_packages/bumperbot_msgs
[1.092s] -- Up-to-date: /home/zaid/bumperbot_ws/src/install/bumperbot_msgs/share/bumperbot_msgs/rust
[1.092s] -- Up-to-date: /home/zaid/bumperbot_ws/src/install/bumperbot_msgs/share/bumperbot_msgs/rust/Cargo.toml
[1.092s] -- Up-to-date: /home/zaid/bumperbot_ws/src/install/bumperbot_msgs/share/bumperbot_msgs/rust/build.rs
[1.092s] -- Up-to-date: /home/zaid/bumperbot_ws/src/install/bumperbot_msgs/share/bumperbot_msgs/rust/src
[1.093s] -- Up-to-date: /home/zaid/bumperbot_ws/src/install/bumperbot_msgs/share/bumperbot_msgs/rust/src/srv.rs
[1.093s] -- Up-to-date: /home/zaid/bumperbot_ws/src/install/bumperbot_msgs/share/bumperbot_msgs/rust/src/lib.rs
[1.093s] -- Up-to-date: /home/zaid/bumperbot_ws/src/install/bumperbot_msgs/share/bumperbot_msgs/rust/src/srv
[1.093s] -- Up-to-date: /home/zaid/bumperbot_ws/src/install/bumperbot_msgs/share/bumperbot_msgs/rust/src/srv/rmw.rs
[1.093s] -- Up-to-date: /home/zaid/bumperbot_ws/src/install/bumperbot_msgs/share/bumperbot_msgs/srv/AddTwoInts.idl
[1.093s] -- Up-to-date: /home/zaid/bumperbot_ws/src/install/bumperbot_msgs/share/bumperbot_msgs/srv/GetTransform.idl
[1.094s] -- Up-to-date: /home/zaid/bumperbot_ws/src/install/bumperbot_msgs/share/bumperbot_msgs/srv/AddTwoInts.srv
[1.094s] -- Up-to-date: /home/zaid/bumperbot_ws/src/install/bumperbot_msgs/share/bumperbot_msgs/srv/GetTransform.srv
[1.094s] -- Up-to-date: /home/zaid/bumperbot_ws/src/install/bumperbot_msgs/share/ament_index/resource_index/package_run_dependencies/bumperbot_msgs
[1.094s] -- Up-to-date: /home/zaid/bumperbot_ws/src/install/bumperbot_msgs/share/ament_index/resource_index/parent_prefix_path/bumperbot_msgs
[1.095s] -- Up-to-date: /home/zaid/bumperbot_ws/src/install/bumperbot_msgs/share/bumperbot_msgs/environment/ament_prefix_path.sh
[1.095s] -- Up-to-date: /home/zaid/bumperbot_ws/src/install/bumperbot_msgs/share/bumperbot_msgs/environment/ament_prefix_path.dsv
[1.095s] -- Up-to-date: /home/zaid/bumperbot_ws/src/install/bumperbot_msgs/share/bumperbot_msgs/environment/path.sh
[1.095s] -- Up-to-date: /home/zaid/bumperbot_ws/src/install/bumperbot_msgs/share/bumperbot_msgs/environment/path.dsv
[1.096s] -- Up-to-date: /home/zaid/bumperbot_ws/src/install/bumperbot_msgs/share/bumperbot_msgs/local_setup.bash
[1.096s] -- Up-to-date: /home/zaid/bumperbot_ws/src/install/bumperbot_msgs/share/bumperbot_msgs/local_setup.sh
[1.096s] -- Up-to-date: /home/zaid/bumperbot_ws/src/install/bumperbot_msgs/share/bumperbot_msgs/local_setup.zsh
[1.096s] -- Up-to-date: /home/zaid/bumperbot_ws/src/install/bumperbot_msgs/share/bumperbot_msgs/local_setup.dsv
[1.096s] -- Installing: /home/zaid/bumperbot_ws/src/install/bumperbot_msgs/share/bumperbot_msgs/package.dsv
[1.097s] -- Up-to-date: /home/zaid/bumperbot_ws/src/install/bumperbot_msgs/share/ament_index/resource_index/packages/bumperbot_msgs
[1.097s] -- Up-to-date: /home/zaid/bumperbot_ws/src/install/bumperbot_msgs/share/bumperbot_msgs/cmake/export_bumperbot_msgs__rosidl_generator_cExport.cmake
[1.097s] -- Up-to-date: /home/zaid/bumperbot_ws/src/install/bumperbot_msgs/share/bumperbot_msgs/cmake/export_bumperbot_msgs__rosidl_generator_cExport-noconfig.cmake
[1.097s] -- Up-to-date: /home/zaid/bumperbot_ws/src/install/bumperbot_msgs/share/bumperbot_msgs/cmake/export_bumperbot_msgs__rosidl_typesupport_fastrtps_cExport.cmake
[1.097s] -- Up-to-date: /home/zaid/bumperbot_ws/src/install/bumperbot_msgs/share/bumperbot_msgs/cmake/export_bumperbot_msgs__rosidl_typesupport_fastrtps_cExport-noconfig.cmake
[1.098s] -- Up-to-date: /home/zaid/bumperbot_ws/src/install/bumperbot_msgs/share/bumperbot_msgs/cmake/export_bumperbot_msgs__rosidl_generator_cppExport.cmake
[1.098s] -- Up-to-date: /home/zaid/bumperbot_ws/src/install/bumperbot_msgs/share/bumperbot_msgs/cmake/export_bumperbot_msgs__rosidl_typesupport_fastrtps_cppExport.cmake
[1.098s] -- Up-to-date: /home/zaid/bumperbot_ws/src/install/bumperbot_msgs/share/bumperbot_msgs/cmake/export_bumperbot_msgs__rosidl_typesupport_fastrtps_cppExport-noconfig.cmake
[1.098s] -- Up-to-date: /home/zaid/bumperbot_ws/src/install/bumperbot_msgs/share/bumperbot_msgs/cmake/bumperbot_msgs__rosidl_typesupport_introspection_cExport.cmake
[1.099s] -- Up-to-date: /home/zaid/bumperbot_ws/src/install/bumperbot_msgs/share/bumperbot_msgs/cmake/bumperbot_msgs__rosidl_typesupport_introspection_cExport-noconfig.cmake
[1.099s] -- Up-to-date: /home/zaid/bumperbot_ws/src/install/bumperbot_msgs/share/bumperbot_msgs/cmake/bumperbot_msgs__rosidl_typesupport_cExport.cmake
[1.099s] -- Up-to-date: /home/zaid/bumperbot_ws/src/install/bumperbot_msgs/share/bumperbot_msgs/cmake/bumperbot_msgs__rosidl_typesupport_cExport-noconfig.cmake
[1.099s] -- Up-to-date: /home/zaid/bumperbot_ws/src/install/bumperbot_msgs/share/bumperbot_msgs/cmake/bumperbot_msgs__rosidl_typesupport_introspection_cppExport.cmake
[1.099s] -- Up-to-date: /home/zaid/bumperbot_ws/src/install/bumperbot_msgs/share/bumperbot_msgs/cmake/bumperbot_msgs__rosidl_typesupport_introspection_cppExport-noconfig.cmake
[1.099s] -- Up-to-date: /home/zaid/bumperbot_ws/src/install/bumperbot_msgs/share/bumperbot_msgs/cmake/bumperbot_msgs__rosidl_typesupport_cppExport.cmake
[1.099s] -- Up-to-date: /home/zaid/bumperbot_ws/src/install/bumperbot_msgs/share/bumperbot_msgs/cmake/bumperbot_msgs__rosidl_typesupport_cppExport-noconfig.cmake
[1.100s] -- Up-to-date: /home/zaid/bumperbot_ws/src/install/bumperbot_msgs/share/bumperbot_msgs/cmake/export_bumperbot_msgs__rosidl_generator_pyExport.cmake
[1.100s] -- Up-to-date: /home/zaid/bumperbot_ws/src/install/bumperbot_msgs/share/bumperbot_msgs/cmake/export_bumperbot_msgs__rosidl_generator_pyExport-noconfig.cmake
[1.100s] -- Up-to-date: /home/zaid/bumperbot_ws/src/install/bumperbot_msgs/share/bumperbot_msgs/cmake/rosidl_cmake-extras.cmake
[1.100s] -- Up-to-date: /home/zaid/bumperbot_ws/src/install/bumperbot_msgs/share/bumperbot_msgs/cmake/ament_cmake_export_dependencies-extras.cmake
[1.102s] -- Up-to-date: /home/zaid/bumperbot_ws/src/install/bumperbot_msgs/share/bumperbot_msgs/cmake/ament_cmake_export_include_directories-extras.cmake
[1.103s] -- Up-to-date: /home/zaid/bumperbot_ws/src/install/bumperbot_msgs/share/bumperbot_msgs/cmake/ament_cmake_export_libraries-extras.cmake
[1.108s] -- Up-to-date: /home/zaid/bumperbot_ws/src/install/bumperbot_msgs/share/bumperbot_msgs/cmake/ament_cmake_export_targets-extras.cmake
[1.108s] -- Up-to-date: /home/zaid/bumperbot_ws/src/install/bumperbot_msgs/share/bumperbot_msgs/cmake/rosidl_cmake_export_typesupport_targets-extras.cmake
[1.109s] -- Up-to-date: /home/zaid/bumperbot_ws/src/install/bumperbot_msgs/share/bumperbot_msgs/cmake/rosidl_cmake_export_typesupport_libraries-extras.cmake
[1.109s] -- Up-to-date: /home/zaid/bumperbot_ws/src/install/bumperbot_msgs/share/bumperbot_msgs/cmake/rosidl_cmake_aggregate_target-extras.cmake
[1.109s] -- Up-to-date: /home/zaid/bumperbot_ws/src/install/bumperbot_msgs/share/bumperbot_msgs/cmake/bumperbot_msgsConfig.cmake
[1.109s] -- Up-to-date: /home/zaid/bumperbot_ws/src/install/bumperbot_msgs/share/bumperbot_msgs/cmake/bumperbot_msgsConfig-version.cmake
[1.109s] -- Up-to-date: /home/zaid/bumperbot_ws/src/install/bumperbot_msgs/share/bumperbot_msgs/package.xml
[1.112s] Invoked command in '/home/zaid/bumperbot_ws/src/build/bumperbot_msgs' returned '0': CMAKE_PREFIX_PATH=${CMAKE_PREFIX_PATH}:/opt/ros/jazzy DEBUGINFOD_URLS=https://debuginfod.ubuntu.com /usr/bin/cmake --install /home/zaid/bumperbot_ws/src/build/bumperbot_msgs
