[2.659s] Invoking command in '/home/zaid/bumperbot_ws/src/bumperbot_py_examples': DEBUGINFOD_URLS=https://debuginfod.ubuntu.com PYTHONPATH=/home/zaid/bumperbot_ws/src/build/bumperbot_py_examples/prefix_override:/usr/lib/python3/dist-packages/colcon_core/task/python/colcon_distutils_commands:/home/zaid/bumperbot_ws/src/install/bumperbot_py_examples/lib/python3.12/site-packages:${PYTHONPATH} /usr/bin/python3 -W ignore:setup.py install is deprecated -W ignore:easy_install command is deprecated setup.py egg_info --egg-base ../build/bumperbot_py_examples build --build-base /home/zaid/bumperbot_ws/src/build/bumperbot_py_examples/build install --record /home/zaid/bumperbot_ws/src/build/bumperbot_py_examples/install.log --install-scripts $base/lib/bumperbot_py_examples --single-version-externally-managed install_data
[3.429s] running egg_info
[3.491s] writing ../build/bumperbot_py_examples/bumperbot_py_examples.egg-info/PKG-INFO
[3.492s] writing dependency_links to ../build/bumperbot_py_examples/bumperbot_py_examples.egg-info/dependency_links.txt
[3.492s] writing entry points to ../build/bumperbot_py_examples/bumperbot_py_examples.egg-info/entry_points.txt
[3.493s] writing requirements to ../build/bumperbot_py_examples/bumperbot_py_examples.egg-info/requires.txt
[3.493s] writing top-level names to ../build/bumperbot_py_examples/bumperbot_py_examples.egg-info/top_level.txt
[3.608s] reading manifest file '../build/bumperbot_py_examples/bumperbot_py_examples.egg-info/SOURCES.txt'
[3.610s] writing manifest file '../build/bumperbot_py_examples/bumperbot_py_examples.egg-info/SOURCES.txt'
[3.610s] running build
[3.610s] running build_py
[3.612s] running install
[3.630s] running install_lib
[3.693s] running install_data
[3.693s] running install_egg_info
[3.762s] removing '/home/zaid/bumperbot_ws/src/install/bumperbot_py_examples/lib/python3.12/site-packages/bumperbot_py_examples-0.0.0-py3.12.egg-info' (and everything under it)
[3.763s] Copying ../build/bumperbot_py_examples/bumperbot_py_examples.egg-info to /home/zaid/bumperbot_ws/src/install/bumperbot_py_examples/lib/python3.12/site-packages/bumperbot_py_examples-0.0.0-py3.12.egg-info
[3.765s] running install_scripts
[4.198s] Installing simple_parameter script to /home/zaid/bumperbot_ws/src/install/bumperbot_py_examples/lib/bumperbot_py_examples
[4.198s] Installing simple_publisher script to /home/zaid/bumperbot_ws/src/install/bumperbot_py_examples/lib/bumperbot_py_examples
[4.198s] Installing simple_subscriber script to /home/zaid/bumperbot_ws/src/install/bumperbot_py_examples/lib/bumperbot_py_examples
[4.198s] Installing simple_turtlesim_kinematics script to /home/zaid/bumperbot_ws/src/install/bumperbot_py_examples/lib/bumperbot_py_examples
[4.199s] writing list of installed files to '/home/zaid/bumperbot_ws/src/build/bumperbot_py_examples/install.log'
[4.288s] Invoked command in '/home/zaid/bumperbot_ws/src/bumperbot_py_examples' returned '0': DEBUGINFOD_URLS=https://debuginfod.ubuntu.com PYTHONPATH=/home/zaid/bumperbot_ws/src/build/bumperbot_py_examples/prefix_override:/usr/lib/python3/dist-packages/colcon_core/task/python/colcon_distutils_commands:/home/zaid/bumperbot_ws/src/install/bumperbot_py_examples/lib/python3.12/site-packages:${PYTHONPATH} /usr/bin/python3 -W ignore:setup.py install is deprecated -W ignore:easy_install command is deprecated setup.py egg_info --egg-base ../build/bumperbot_py_examples build --build-base /home/zaid/bumperbot_ws/src/build/bumperbot_py_examples/build install --record /home/zaid/bumperbot_ws/src/build/bumperbot_py_examples/install.log --install-scripts $base/lib/bumperbot_py_examples --single-version-externally-managed install_data
