[0.053s] Invoking command in '/home/zaid/bumperbot_ws/src/build/bumperbot_controller': CMAKE_PREFIX_PATH=${CMAKE_PREFIX_PATH}:/opt/ros/jazzy DEBUGINFOD_URLS=https://debuginfod.ubuntu.com /usr/bin/cmake /home/zaid/bumperbot_ws/src/bumperbot_controller -DCMAKE_INSTALL_PREFIX=/home/zaid/bumperbot_ws/src/install/bumperbot_controller
[0.218s] -- The C compiler identification is GNU 13.3.0
[0.399s] -- The CXX compiler identification is GNU 13.3.0
[0.451s] -- Detecting C compiler ABI info
[0.696s] -- Detecting C compiler ABI info - done
[0.727s] -- Check for working C compiler: /usr/bin/cc - skipped
[0.728s] -- Detecting C compile features
[0.730s] -- Detecting C compile features - done
[0.757s] -- Detecting CXX compiler ABI info
[1.039s] -- Detecting CXX compiler ABI info - done
[1.077s] -- Check for working CXX compiler: /usr/bin/c++ - skipped
[1.077s] -- Detecting CXX compile features
[1.078s] -- Detecting CXX compile features - done
[1.084s] -- Found ament_cmake: 2.5.6 (/opt/ros/jazzy/share/ament_cmake/cmake)
[1.373s] -- Found Python3: /usr/bin/python3 (found version "3.12.3") found components: Interpreter 
[1.591s] -- Found rclpy: 7.1.11 (/opt/ros/jazzy/share/rclpy/cmake)
[1.595s] -- Found std_msgs: 5.3.8 (/opt/ros/jazzy/share/std_msgs/cmake)
[1.688s] -- Found rosidl_generator_c: 4.6.9 (/opt/ros/jazzy/share/rosidl_generator_c/cmake)
[1.722s] -- Found rosidl_generator_cpp: 4.6.9 (/opt/ros/jazzy/share/rosidl_generator_cpp/cmake)
[1.758s] -- Using all available rosidl_typesupport_c: rosidl_typesupport_fastrtps_c;rosidl_typesupport_introspection_c
[1.804s] -- Using all available rosidl_typesupport_cpp: rosidl_typesupport_fastrtps_cpp;rosidl_typesupport_introspection_cpp
[1.898s] -- Found geometry_msgs: 5.3.8 (/opt/ros/jazzy/share/geometry_msgs/cmake)
[2.182s] -- Found ament_lint_auto: 0.17.5 (/opt/ros/jazzy/share/ament_lint_auto/cmake)
[2.499s] -- Added test 'flake8' to check Python code syntax and style conventions
[2.499s] -- Configured 'flake8' exclude dirs and/or files: 
[2.501s] -- Added test 'lint_cmake' to check CMake code style
[2.503s] -- Added test 'pep257' to check Python code against some of the docstring style conventions in PEP 257
[2.507s] -- Added test 'xmllint' to check XML markup files
[2.511s] -- Configuring done (2.4s)
[2.520s] -- Generating done (0.0s)
[2.525s] -- Build files have been written to: /home/zaid/bumperbot_ws/src/build/bumperbot_controller
[2.543s] Invoked command in '/home/zaid/bumperbot_ws/src/build/bumperbot_controller' returned '0': CMAKE_PREFIX_PATH=${CMAKE_PREFIX_PATH}:/opt/ros/jazzy DEBUGINFOD_URLS=https://debuginfod.ubuntu.com /usr/bin/cmake /home/zaid/bumperbot_ws/src/bumperbot_controller -DCMAKE_INSTALL_PREFIX=/home/zaid/bumperbot_ws/src/install/bumperbot_controller
[2.544s] Invoking command in '/home/zaid/bumperbot_ws/src/build/bumperbot_controller': CMAKE_PREFIX_PATH=${CMAKE_PREFIX_PATH}:/opt/ros/jazzy DEBUGINFOD_URLS=https://debuginfod.ubuntu.com /usr/bin/cmake --build /home/zaid/bumperbot_ws/src/build/bumperbot_controller -- -j28 -l28
[2.707s] Built target ament_cmake_python_copy_bumperbot_controller
[3.080s] running egg_info
[3.081s] creating bumperbot_controller.egg-info
[3.110s] writing bumperbot_controller.egg-info/PKG-INFO
[3.110s] writing dependency_links to bumperbot_controller.egg-info/dependency_links.txt
[3.110s] writing top-level names to bumperbot_controller.egg-info/top_level.txt
[3.110s] writing manifest file 'bumperbot_controller.egg-info/SOURCES.txt'
[3.203s] reading manifest file 'bumperbot_controller.egg-info/SOURCES.txt'
[3.204s] writing manifest file 'bumperbot_controller.egg-info/SOURCES.txt'
[3.250s] Built target ament_cmake_python_build_bumperbot_controller_egg
[3.270s] Invoked command in '/home/zaid/bumperbot_ws/src/build/bumperbot_controller' returned '0': CMAKE_PREFIX_PATH=${CMAKE_PREFIX_PATH}:/opt/ros/jazzy DEBUGINFOD_URLS=https://debuginfod.ubuntu.com /usr/bin/cmake --build /home/zaid/bumperbot_ws/src/build/bumperbot_controller -- -j28 -l28
[3.272s] Invoking command in '/home/zaid/bumperbot_ws/src/build/bumperbot_controller': CMAKE_PREFIX_PATH=${CMAKE_PREFIX_PATH}:/opt/ros/jazzy DEBUGINFOD_URLS=https://debuginfod.ubuntu.com /usr/bin/cmake --install /home/zaid/bumperbot_ws/src/build/bumperbot_controller
[3.284s] -- Install configuration: ""
[3.285s] -- Installing: /home/zaid/bumperbot_ws/src/install/bumperbot_controller/share/bumperbot_controller/environment/pythonpath.sh
[3.285s] -- Installing: /home/zaid/bumperbot_ws/src/install/bumperbot_controller/share/bumperbot_controller/environment/pythonpath.dsv
[3.285s] -- Installing: /home/zaid/bumperbot_ws/src/install/bumperbot_controller/lib/python3.12/site-packages/bumperbot_controller-0.0.0-py3.12.egg-info
[3.285s] -- Installing: /home/zaid/bumperbot_ws/src/install/bumperbot_controller/lib/python3.12/site-packages/bumperbot_controller-0.0.0-py3.12.egg-info/PKG-INFO
[3.285s] -- Installing: /home/zaid/bumperbot_ws/src/install/bumperbot_controller/lib/python3.12/site-packages/bumperbot_controller-0.0.0-py3.12.egg-info/top_level.txt
[3.286s] -- Installing: /home/zaid/bumperbot_ws/src/install/bumperbot_controller/lib/python3.12/site-packages/bumperbot_controller-0.0.0-py3.12.egg-info/SOURCES.txt
[3.286s] -- Installing: /home/zaid/bumperbot_ws/src/install/bumperbot_controller/lib/python3.12/site-packages/bumperbot_controller-0.0.0-py3.12.egg-info/dependency_links.txt
[3.286s] -- Installing: /home/zaid/bumperbot_ws/src/install/bumperbot_controller/lib/python3.12/site-packages/bumperbot_controller
[3.286s] -- Installing: /home/zaid/bumperbot_ws/src/install/bumperbot_controller/lib/python3.12/site-packages/bumperbot_controller/__init__.py
[3.286s] -- Installing: /home/zaid/bumperbot_ws/src/install/bumperbot_controller/lib/python3.12/site-packages/bumperbot_controller/simple_controller.py
[3.350s] Listing '/home/zaid/bumperbot_ws/src/install/bumperbot_controller/lib/python3.12/site-packages/bumperbot_controller'...
[3.350s] Compiling '/home/zaid/bumperbot_ws/src/install/bumperbot_controller/lib/python3.12/site-packages/bumperbot_controller/__init__.py'...
[3.350s] Compiling '/home/zaid/bumperbot_ws/src/install/bumperbot_controller/lib/python3.12/site-packages/bumperbot_controller/simple_controller.py'...
[3.359s] -- Installing: /home/zaid/bumperbot_ws/src/install/bumperbot_controller/share/bumperbot_controller/config
[3.359s] -- Installing: /home/zaid/bumperbot_ws/src/install/bumperbot_controller/share/bumperbot_controller/config/bumperbot_controllers.yaml
[3.360s] -- Installing: /home/zaid/bumperbot_ws/src/install/bumperbot_controller/share/bumperbot_controller/config/joy_config.yaml
[3.360s] -- Installing: /home/zaid/bumperbot_ws/src/install/bumperbot_controller/share/bumperbot_controller/config/joy_teleop.yaml
[3.360s] -- Installing: /home/zaid/bumperbot_ws/src/install/bumperbot_controller/share/bumperbot_controller/launch
[3.360s] -- Installing: /home/zaid/bumperbot_ws/src/install/bumperbot_controller/share/bumperbot_controller/launch/joystick_teleop.launch.py
[3.361s] -- Installing: /home/zaid/bumperbot_ws/src/install/bumperbot_controller/share/bumperbot_controller/launch/controller.launch.py
[3.361s] -- Installing: /home/zaid/bumperbot_ws/src/install/bumperbot_controller/lib/bumperbot_controller/simple_controller.py
[3.361s] -- Installing: /home/zaid/bumperbot_ws/src/install/bumperbot_controller/share/ament_index/resource_index/package_run_dependencies/bumperbot_controller
[3.361s] -- Installing: /home/zaid/bumperbot_ws/src/install/bumperbot_controller/share/ament_index/resource_index/parent_prefix_path/bumperbot_controller
[3.362s] -- Installing: /home/zaid/bumperbot_ws/src/install/bumperbot_controller/share/bumperbot_controller/environment/ament_prefix_path.sh
[3.362s] -- Installing: /home/zaid/bumperbot_ws/src/install/bumperbot_controller/share/bumperbot_controller/environment/ament_prefix_path.dsv
[3.362s] -- Installing: /home/zaid/bumperbot_ws/src/install/bumperbot_controller/share/bumperbot_controller/environment/path.sh
[3.362s] -- Installing: /home/zaid/bumperbot_ws/src/install/bumperbot_controller/share/bumperbot_controller/environment/path.dsv
[3.363s] -- Installing: /home/zaid/bumperbot_ws/src/install/bumperbot_controller/share/bumperbot_controller/local_setup.bash
[3.363s] -- Installing: /home/zaid/bumperbot_ws/src/install/bumperbot_controller/share/bumperbot_controller/local_setup.sh
[3.363s] -- Installing: /home/zaid/bumperbot_ws/src/install/bumperbot_controller/share/bumperbot_controller/local_setup.zsh
[3.364s] -- Installing: /home/zaid/bumperbot_ws/src/install/bumperbot_controller/share/bumperbot_controller/local_setup.dsv
[3.364s] -- Installing: /home/zaid/bumperbot_ws/src/install/bumperbot_controller/share/bumperbot_controller/package.dsv
[3.364s] -- Installing: /home/zaid/bumperbot_ws/src/install/bumperbot_controller/share/ament_index/resource_index/packages/bumperbot_controller
[3.364s] -- Installing: /home/zaid/bumperbot_ws/src/install/bumperbot_controller/share/bumperbot_controller/cmake/bumperbot_controllerConfig.cmake
[3.365s] -- Installing: /home/zaid/bumperbot_ws/src/install/bumperbot_controller/share/bumperbot_controller/cmake/bumperbot_controllerConfig-version.cmake
[3.365s] -- Installing: /home/zaid/bumperbot_ws/src/install/bumperbot_controller/share/bumperbot_controller/package.xml
[3.368s] Invoked command in '/home/zaid/bumperbot_ws/src/build/bumperbot_controller' returned '0': CMAKE_PREFIX_PATH=${CMAKE_PREFIX_PATH}:/opt/ros/jazzy DEBUGINFOD_URLS=https://debuginfod.ubuntu.com /usr/bin/cmake --install /home/zaid/bumperbot_ws/src/build/bumperbot_controller
