running egg_info
creating ../build/bumperbot_py_examples/bumperbot_py_examples.egg-info
writing ../build/bumperbot_py_examples/bumperbot_py_examples.egg-info/PKG-INFO
writing dependency_links to ../build/bumperbot_py_examples/bumperbot_py_examples.egg-info/dependency_links.txt
writing entry points to ../build/bumperbot_py_examples/bumperbot_py_examples.egg-info/entry_points.txt
writing requirements to ../build/bumperbot_py_examples/bumperbot_py_examples.egg-info/requires.txt
writing top-level names to ../build/bumperbot_py_examples/bumperbot_py_examples.egg-info/top_level.txt
writing manifest file '../build/bumperbot_py_examples/bumperbot_py_examples.egg-info/SOURCES.txt'
reading manifest file '../build/bumperbot_py_examples/bumperbot_py_examples.egg-info/SOURCES.txt'
writing manifest file '../build/bumperbot_py_examples/bumperbot_py_examples.egg-info/SOURCES.txt'
running build
running build_py
creating /home/zaid/bumperbot_ws/src/build/bumperbot_py_examples/build
creating /home/zaid/bumperbot_ws/src/build/bumperbot_py_examples/build/lib
creating /home/zaid/bumperbot_ws/src/build/bumperbot_py_examples/build/lib/bumperbot_py_examples
copying bumperbot_py_examples/simple_publisher.py -> /home/zaid/bumperbot_ws/src/build/bumperbot_py_examples/build/lib/bumperbot_py_examples
copying bumperbot_py_examples/__init__.py -> /home/zaid/bumperbot_ws/src/build/bumperbot_py_examples/build/lib/bumperbot_py_examples
copying bumperbot_py_examples/simple_parameter.py -> /home/zaid/bumperbot_ws/src/build/bumperbot_py_examples/build/lib/bumperbot_py_examples
copying bumperbot_py_examples/simple_subscriber.py -> /home/zaid/bumperbot_ws/src/build/bumperbot_py_examples/build/lib/bumperbot_py_examples
copying bumperbot_py_examples/simple_turtlesim_kinematics.py -> /home/zaid/bumperbot_ws/src/build/bumperbot_py_examples/build/lib/bumperbot_py_examples
running install
running install_lib
creating /home/zaid/bumperbot_ws/src/install/bumperbot_py_examples/lib/python3.12/site-packages/bumperbot_py_examples
copying /home/zaid/bumperbot_ws/src/build/bumperbot_py_examples/build/lib/bumperbot_py_examples/simple_publisher.py -> /home/zaid/bumperbot_ws/src/install/bumperbot_py_examples/lib/python3.12/site-packages/bumperbot_py_examples
copying /home/zaid/bumperbot_ws/src/build/bumperbot_py_examples/build/lib/bumperbot_py_examples/__init__.py -> /home/zaid/bumperbot_ws/src/install/bumperbot_py_examples/lib/python3.12/site-packages/bumperbot_py_examples
copying /home/zaid/bumperbot_ws/src/build/bumperbot_py_examples/build/lib/bumperbot_py_examples/simple_parameter.py -> /home/zaid/bumperbot_ws/src/install/bumperbot_py_examples/lib/python3.12/site-packages/bumperbot_py_examples
copying /home/zaid/bumperbot_ws/src/build/bumperbot_py_examples/build/lib/bumperbot_py_examples/simple_subscriber.py -> /home/zaid/bumperbot_ws/src/install/bumperbot_py_examples/lib/python3.12/site-packages/bumperbot_py_examples
copying /home/zaid/bumperbot_ws/src/build/bumperbot_py_examples/build/lib/bumperbot_py_examples/simple_turtlesim_kinematics.py -> /home/zaid/bumperbot_ws/src/install/bumperbot_py_examples/lib/python3.12/site-packages/bumperbot_py_examples
byte-compiling /home/zaid/bumperbot_ws/src/install/bumperbot_py_examples/lib/python3.12/site-packages/bumperbot_py_examples/simple_publisher.py to simple_publisher.cpython-312.pyc
byte-compiling /home/zaid/bumperbot_ws/src/install/bumperbot_py_examples/lib/python3.12/site-packages/bumperbot_py_examples/__init__.py to __init__.cpython-312.pyc
byte-compiling /home/zaid/bumperbot_ws/src/install/bumperbot_py_examples/lib/python3.12/site-packages/bumperbot_py_examples/simple_parameter.py to simple_parameter.cpython-312.pyc
byte-compiling /home/zaid/bumperbot_ws/src/install/bumperbot_py_examples/lib/python3.12/site-packages/bumperbot_py_examples/simple_subscriber.py to simple_subscriber.cpython-312.pyc
byte-compiling /home/zaid/bumperbot_ws/src/install/bumperbot_py_examples/lib/python3.12/site-packages/bumperbot_py_examples/simple_turtlesim_kinematics.py to simple_turtlesim_kinematics.cpython-312.pyc
running install_data
creating /home/zaid/bumperbot_ws/src/install/bumperbot_py_examples/share/ament_index
creating /home/zaid/bumperbot_ws/src/install/bumperbot_py_examples/share/ament_index/resource_index
creating /home/zaid/bumperbot_ws/src/install/bumperbot_py_examples/share/ament_index/resource_index/packages
copying resource/bumperbot_py_examples -> /home/zaid/bumperbot_ws/src/install/bumperbot_py_examples/share/ament_index/resource_index/packages
copying package.xml -> /home/zaid/bumperbot_ws/src/install/bumperbot_py_examples/share/bumperbot_py_examples
running install_egg_info
Copying ../build/bumperbot_py_examples/bumperbot_py_examples.egg-info to /home/zaid/bumperbot_ws/src/install/bumperbot_py_examples/lib/python3.12/site-packages/bumperbot_py_examples-0.0.0-py3.12.egg-info
running install_scripts
Installing simple_parameter script to /home/zaid/bumperbot_ws/src/install/bumperbot_py_examples/lib/bumperbot_py_examples
Installing simple_publisher script to /home/zaid/bumperbot_ws/src/install/bumperbot_py_examples/lib/bumperbot_py_examples
Installing simple_subscriber script to /home/zaid/bumperbot_ws/src/install/bumperbot_py_examples/lib/bumperbot_py_examples
Installing simple_turtlesim_kinematics script to /home/zaid/bumperbot_ws/src/install/bumperbot_py_examples/lib/bumperbot_py_examples
writing list of installed files to '/home/zaid/bumperbot_ws/src/build/bumperbot_py_examples/install.log'
