[0.038s] Invoking command in '/home/zaid/bumperbot_ws/src/build/bumperbot_controller': CMAKE_PREFIX_PATH=${CMAKE_PREFIX_PATH}:/opt/ros/jazzy DEBUGINFOD_URLS=https://debuginfod.ubuntu.com /usr/bin/cmake --build /home/zaid/bumperbot_ws/src/build/bumperbot_controller -- -j28 -l28
[0.139s] Built target ament_cmake_python_copy_bumperbot_controller
[0.566s] running egg_info
[0.605s] writing bumperbot_controller.egg-info/PKG-INFO
[0.606s] writing dependency_links to bumperbot_controller.egg-info/dependency_links.txt
[0.606s] writing top-level names to bumperbot_controller.egg-info/top_level.txt
[0.706s] reading manifest file 'bumperbot_controller.egg-info/SOURCES.txt'
[0.707s] writing manifest file 'bumperbot_controller.egg-info/SOURCES.txt'
[0.751s] Built target ament_cmake_python_build_bumperbot_controller_egg
[0.767s] Invoked command in '/home/zaid/bumperbot_ws/src/build/bumperbot_controller' returned '0': CMAKE_PREFIX_PATH=${CMAKE_PREFIX_PATH}:/opt/ros/jazzy DEBUGINFOD_URLS=https://debuginfod.ubuntu.com /usr/bin/cmake --build /home/zaid/bumperbot_ws/src/build/bumperbot_controller -- -j28 -l28
[0.769s] Invoking command in '/home/zaid/bumperbot_ws/src/build/bumperbot_controller': CMAKE_PREFIX_PATH=${CMAKE_PREFIX_PATH}:/opt/ros/jazzy DEBUGINFOD_URLS=https://debuginfod.ubuntu.com /usr/bin/cmake --install /home/zaid/bumperbot_ws/src/build/bumperbot_controller
[0.781s] -- Install configuration: ""
[0.782s] -- Up-to-date: /home/zaid/bumperbot_ws/src/install/bumperbot_controller/share/bumperbot_controller/environment/pythonpath.sh
[0.782s] -- Up-to-date: /home/zaid/bumperbot_ws/src/install/bumperbot_controller/share/bumperbot_controller/environment/pythonpath.dsv
[0.782s] -- Up-to-date: /home/zaid/bumperbot_ws/src/install/bumperbot_controller/lib/python3.12/site-packages/bumperbot_controller-0.0.0-py3.12.egg-info
[0.782s] -- Installing: /home/zaid/bumperbot_ws/src/install/bumperbot_controller/lib/python3.12/site-packages/bumperbot_controller-0.0.0-py3.12.egg-info/PKG-INFO
[0.782s] -- Installing: /home/zaid/bumperbot_ws/src/install/bumperbot_controller/lib/python3.12/site-packages/bumperbot_controller-0.0.0-py3.12.egg-info/top_level.txt
[0.783s] -- Installing: /home/zaid/bumperbot_ws/src/install/bumperbot_controller/lib/python3.12/site-packages/bumperbot_controller-0.0.0-py3.12.egg-info/SOURCES.txt
[0.783s] -- Installing: /home/zaid/bumperbot_ws/src/install/bumperbot_controller/lib/python3.12/site-packages/bumperbot_controller-0.0.0-py3.12.egg-info/dependency_links.txt
[0.783s] -- Up-to-date: /home/zaid/bumperbot_ws/src/install/bumperbot_controller/lib/python3.12/site-packages/bumperbot_controller
[0.783s] -- Up-to-date: /home/zaid/bumperbot_ws/src/install/bumperbot_controller/lib/python3.12/site-packages/bumperbot_controller/__init__.py
[0.783s] -- Up-to-date: /home/zaid/bumperbot_ws/src/install/bumperbot_controller/lib/python3.12/site-packages/bumperbot_controller/noisy_controller.py
[0.783s] -- Up-to-date: /home/zaid/bumperbot_ws/src/install/bumperbot_controller/lib/python3.12/site-packages/bumperbot_controller/simple_controller.py
[0.844s] Listing '/home/zaid/bumperbot_ws/src/install/bumperbot_controller/lib/python3.12/site-packages/bumperbot_controller'...
[0.852s] -- Up-to-date: /home/zaid/bumperbot_ws/src/install/bumperbot_controller/share/bumperbot_controller/config
[0.853s] -- Up-to-date: /home/zaid/bumperbot_ws/src/install/bumperbot_controller/share/bumperbot_controller/config/bumperbot_controllers.yaml
[0.853s] -- Up-to-date: /home/zaid/bumperbot_ws/src/install/bumperbot_controller/share/bumperbot_controller/config/joy_config.yaml
[0.853s] -- Up-to-date: /home/zaid/bumperbot_ws/src/install/bumperbot_controller/share/bumperbot_controller/config/joy_teleop.yaml
[0.853s] -- Up-to-date: /home/zaid/bumperbot_ws/src/install/bumperbot_controller/share/bumperbot_controller/launch
[0.853s] -- Up-to-date: /home/zaid/bumperbot_ws/src/install/bumperbot_controller/share/bumperbot_controller/launch/joystick_teleop.launch.py
[0.853s] -- Up-to-date: /home/zaid/bumperbot_ws/src/install/bumperbot_controller/share/bumperbot_controller/launch/controller.launch.py
[0.853s] -- Up-to-date: /home/zaid/bumperbot_ws/src/install/bumperbot_controller/lib/bumperbot_controller/simple_controller.py
[0.853s] -- Up-to-date: /home/zaid/bumperbot_ws/src/install/bumperbot_controller/lib/bumperbot_controller/noisy_controller.py
[0.853s] -- Up-to-date: /home/zaid/bumperbot_ws/src/install/bumperbot_controller/share/ament_index/resource_index/package_run_dependencies/bumperbot_controller
[0.854s] -- Up-to-date: /home/zaid/bumperbot_ws/src/install/bumperbot_controller/share/ament_index/resource_index/parent_prefix_path/bumperbot_controller
[0.854s] -- Up-to-date: /home/zaid/bumperbot_ws/src/install/bumperbot_controller/share/bumperbot_controller/environment/ament_prefix_path.sh
[0.854s] -- Up-to-date: /home/zaid/bumperbot_ws/src/install/bumperbot_controller/share/bumperbot_controller/environment/ament_prefix_path.dsv
[0.854s] -- Up-to-date: /home/zaid/bumperbot_ws/src/install/bumperbot_controller/share/bumperbot_controller/environment/path.sh
[0.854s] -- Up-to-date: /home/zaid/bumperbot_ws/src/install/bumperbot_controller/share/bumperbot_controller/environment/path.dsv
[0.854s] -- Up-to-date: /home/zaid/bumperbot_ws/src/install/bumperbot_controller/share/bumperbot_controller/local_setup.bash
[0.854s] -- Up-to-date: /home/zaid/bumperbot_ws/src/install/bumperbot_controller/share/bumperbot_controller/local_setup.sh
[0.854s] -- Up-to-date: /home/zaid/bumperbot_ws/src/install/bumperbot_controller/share/bumperbot_controller/local_setup.zsh
[0.854s] -- Up-to-date: /home/zaid/bumperbot_ws/src/install/bumperbot_controller/share/bumperbot_controller/local_setup.dsv
[0.854s] -- Up-to-date: /home/zaid/bumperbot_ws/src/install/bumperbot_controller/share/bumperbot_controller/package.dsv
[0.854s] -- Up-to-date: /home/zaid/bumperbot_ws/src/install/bumperbot_controller/share/ament_index/resource_index/packages/bumperbot_controller
[0.854s] -- Up-to-date: /home/zaid/bumperbot_ws/src/install/bumperbot_controller/share/bumperbot_controller/cmake/bumperbot_controllerConfig.cmake
[0.855s] -- Up-to-date: /home/zaid/bumperbot_ws/src/install/bumperbot_controller/share/bumperbot_controller/cmake/bumperbot_controllerConfig-version.cmake
[0.855s] -- Up-to-date: /home/zaid/bumperbot_ws/src/install/bumperbot_controller/share/bumperbot_controller/package.xml
[0.862s] Invoked command in '/home/zaid/bumperbot_ws/src/build/bumperbot_controller' returned '0': CMAKE_PREFIX_PATH=${CMAKE_PREFIX_PATH}:/opt/ros/jazzy DEBUGINFOD_URLS=https://debuginfod.ubuntu.com /usr/bin/cmake --install /home/zaid/bumperbot_ws/src/build/bumperbot_controller
