[0.031s] Invoking command in '/home/zaid/bumperbot_ws/src/build/bumperbot_controller': CMAKE_PREFIX_PATH=${CMAKE_PREFIX_PATH}:/opt/ros/jazzy DEBUGINFOD_URLS=https://debuginfod.ubuntu.com /usr/bin/cmake /home/zaid/bumperbot_ws/src/bumperbot_controller -DCMAKE_INSTALL_PREFIX=/home/zaid/bumperbot_ws/src/install/bumperbot_controller
[0.148s] -- The C compiler identification is GNU 13.3.0
[0.257s] -- The CXX compiler identification is GNU 13.3.0
[0.284s] -- Detecting C compiler ABI info
[0.428s] -- Detecting C compiler ABI info - done
[0.451s] -- Check for working C compiler: /usr/bin/cc - skipped
[0.453s] -- Detecting C compile features
[0.454s] -- Detecting C compile features - done
[0.474s] -- Detecting CXX compiler ABI info
[0.666s] -- Detecting CXX compiler ABI info - done
[0.687s] -- Check for working CXX compiler: /usr/bin/c++ - skipped
[0.687s] -- Detecting CXX compile features
[0.688s] -- Detecting CXX compile features - done
[0.701s] -- Found ament_cmake: 2.5.6 (/opt/ros/jazzy/share/ament_cmake/cmake)
[0.974s] -- Found Python3: /usr/bin/python3 (found version "3.12.3") found components: Interpreter 
[1.245s] -- Found rclpy: 7.1.11 (/opt/ros/jazzy/share/rclpy/cmake)
[1.251s] -- Found std_msgs: 5.3.8 (/opt/ros/jazzy/share/std_msgs/cmake)
[1.337s] -- Found rosidl_generator_c: 4.6.9 (/opt/ros/jazzy/share/rosidl_generator_c/cmake)
[1.364s] -- Found rosidl_generator_cpp: 4.6.9 (/opt/ros/jazzy/share/rosidl_generator_cpp/cmake)
[1.399s] -- Using all available rosidl_typesupport_c: rosidl_typesupport_fastrtps_c;rosidl_typesupport_introspection_c
[1.438s] -- Using all available rosidl_typesupport_cpp: rosidl_typesupport_fastrtps_cpp;rosidl_typesupport_introspection_cpp
[1.501s] -- Found geometry_msgs: 5.3.8 (/opt/ros/jazzy/share/geometry_msgs/cmake)
[1.531s] -- Found sensor_msgs: 5.3.8 (/opt/ros/jazzy/share/sensor_msgs/cmake)
[1.600s] -- Found nav_msgs: 5.3.8 (/opt/ros/jazzy/share/nav_msgs/cmake)
[1.650s] -- Found tf2_ros: 0.36.21 (/opt/ros/jazzy/share/tf2_ros/cmake)
[1.832s] -- Found rmw_implementation_cmake: 7.3.3 (/opt/ros/jazzy/share/rmw_implementation_cmake/cmake)
[1.838s] -- Found rmw_fastrtps_cpp: 8.4.4 (/opt/ros/jazzy/share/rmw_fastrtps_cpp/cmake)
[1.982s] -- Found OpenSSL: /usr/lib/x86_64-linux-gnu/libcrypto.so (found version "3.0.13")  
[2.020s] -- Found FastRTPS: /opt/ros/jazzy/include (Required is at least version "2.13") 
[2.059s] -- Using RMW implementation 'rmw_fastrtps_cpp' as default
[2.606s] -- Found ament_lint_auto: 0.17.5 (/opt/ros/jazzy/share/ament_lint_auto/cmake)
[2.782s] -- Added test 'flake8' to check Python code syntax and style conventions
[2.783s] -- Configured 'flake8' exclude dirs and/or files: 
[2.784s] -- Added test 'lint_cmake' to check CMake code style
[2.785s] -- Added test 'pep257' to check Python code against some of the docstring style conventions in PEP 257
[2.786s] -- Added test 'xmllint' to check XML markup files
[2.789s] -- Configuring done (2.7s)
[2.796s] -- Generating done (0.0s)
[2.801s] -- Build files have been written to: /home/zaid/bumperbot_ws/src/build/bumperbot_controller
[2.817s] Invoked command in '/home/zaid/bumperbot_ws/src/build/bumperbot_controller' returned '0': CMAKE_PREFIX_PATH=${CMAKE_PREFIX_PATH}:/opt/ros/jazzy DEBUGINFOD_URLS=https://debuginfod.ubuntu.com /usr/bin/cmake /home/zaid/bumperbot_ws/src/bumperbot_controller -DCMAKE_INSTALL_PREFIX=/home/zaid/bumperbot_ws/src/install/bumperbot_controller
[2.819s] Invoking command in '/home/zaid/bumperbot_ws/src/build/bumperbot_controller': CMAKE_PREFIX_PATH=${CMAKE_PREFIX_PATH}:/opt/ros/jazzy DEBUGINFOD_URLS=https://debuginfod.ubuntu.com /usr/bin/cmake --build /home/zaid/bumperbot_ws/src/build/bumperbot_controller -- -j28 -l28
[2.924s] Built target ament_cmake_python_copy_bumperbot_controller
[3.261s] running egg_info
[3.262s] creating bumperbot_controller.egg-info
[3.292s] writing bumperbot_controller.egg-info/PKG-INFO
[3.292s] writing dependency_links to bumperbot_controller.egg-info/dependency_links.txt
[3.293s] writing top-level names to bumperbot_controller.egg-info/top_level.txt
[3.293s] writing manifest file 'bumperbot_controller.egg-info/SOURCES.txt'
[3.377s] reading manifest file 'bumperbot_controller.egg-info/SOURCES.txt'
[3.377s] writing manifest file 'bumperbot_controller.egg-info/SOURCES.txt'
[3.425s] Built target ament_cmake_python_build_bumperbot_controller_egg
[3.442s] Invoked command in '/home/zaid/bumperbot_ws/src/build/bumperbot_controller' returned '0': CMAKE_PREFIX_PATH=${CMAKE_PREFIX_PATH}:/opt/ros/jazzy DEBUGINFOD_URLS=https://debuginfod.ubuntu.com /usr/bin/cmake --build /home/zaid/bumperbot_ws/src/build/bumperbot_controller -- -j28 -l28
[3.445s] Invoking command in '/home/zaid/bumperbot_ws/src/build/bumperbot_controller': CMAKE_PREFIX_PATH=${CMAKE_PREFIX_PATH}:/opt/ros/jazzy DEBUGINFOD_URLS=https://debuginfod.ubuntu.com /usr/bin/cmake --install /home/zaid/bumperbot_ws/src/build/bumperbot_controller
[3.457s] -- Install configuration: ""
[3.457s] -- Installing: /home/zaid/bumperbot_ws/src/install/bumperbot_controller/share/bumperbot_controller/environment/pythonpath.sh
[3.457s] -- Installing: /home/zaid/bumperbot_ws/src/install/bumperbot_controller/share/bumperbot_controller/environment/pythonpath.dsv
[3.458s] -- Installing: /home/zaid/bumperbot_ws/src/install/bumperbot_controller/lib/python3.12/site-packages/bumperbot_controller-0.0.0-py3.12.egg-info
[3.458s] -- Installing: /home/zaid/bumperbot_ws/src/install/bumperbot_controller/lib/python3.12/site-packages/bumperbot_controller-0.0.0-py3.12.egg-info/PKG-INFO
[3.458s] -- Installing: /home/zaid/bumperbot_ws/src/install/bumperbot_controller/lib/python3.12/site-packages/bumperbot_controller-0.0.0-py3.12.egg-info/top_level.txt
[3.458s] -- Installing: /home/zaid/bumperbot_ws/src/install/bumperbot_controller/lib/python3.12/site-packages/bumperbot_controller-0.0.0-py3.12.egg-info/SOURCES.txt
[3.458s] -- Installing: /home/zaid/bumperbot_ws/src/install/bumperbot_controller/lib/python3.12/site-packages/bumperbot_controller-0.0.0-py3.12.egg-info/dependency_links.txt
[3.458s] -- Installing: /home/zaid/bumperbot_ws/src/install/bumperbot_controller/lib/python3.12/site-packages/bumperbot_controller
[3.459s] -- Installing: /home/zaid/bumperbot_ws/src/install/bumperbot_controller/lib/python3.12/site-packages/bumperbot_controller/__init__.py
[3.459s] -- Installing: /home/zaid/bumperbot_ws/src/install/bumperbot_controller/lib/python3.12/site-packages/bumperbot_controller/noisy_controller.py
[3.459s] -- Installing: /home/zaid/bumperbot_ws/src/install/bumperbot_controller/lib/python3.12/site-packages/bumperbot_controller/simple_controller.py
[3.522s] Listing '/home/zaid/bumperbot_ws/src/install/bumperbot_controller/lib/python3.12/site-packages/bumperbot_controller'...
[3.522s] Compiling '/home/zaid/bumperbot_ws/src/install/bumperbot_controller/lib/python3.12/site-packages/bumperbot_controller/__init__.py'...
[3.522s] Compiling '/home/zaid/bumperbot_ws/src/install/bumperbot_controller/lib/python3.12/site-packages/bumperbot_controller/noisy_controller.py'...
[3.522s] Compiling '/home/zaid/bumperbot_ws/src/install/bumperbot_controller/lib/python3.12/site-packages/bumperbot_controller/simple_controller.py'...
[3.531s] -- Installing: /home/zaid/bumperbot_ws/src/install/bumperbot_controller/share/bumperbot_controller/config
[3.531s] -- Installing: /home/zaid/bumperbot_ws/src/install/bumperbot_controller/share/bumperbot_controller/config/bumperbot_controllers.yaml
[3.533s] -- Installing: /home/zaid/bumperbot_ws/src/install/bumperbot_controller/share/bumperbot_controller/config/joy_config.yaml
[3.533s] -- Installing: /home/zaid/bumperbot_ws/src/install/bumperbot_controller/share/bumperbot_controller/config/joy_teleop.yaml
[3.534s] -- Installing: /home/zaid/bumperbot_ws/src/install/bumperbot_controller/share/bumperbot_controller/launch
[3.534s] -- Installing: /home/zaid/bumperbot_ws/src/install/bumperbot_controller/share/bumperbot_controller/launch/joystick_teleop.launch.py
[3.534s] -- Installing: /home/zaid/bumperbot_ws/src/install/bumperbot_controller/share/bumperbot_controller/launch/controller.launch.py
[3.534s] -- Installing: /home/zaid/bumperbot_ws/src/install/bumperbot_controller/lib/bumperbot_controller/simple_controller.py
[3.534s] -- Installing: /home/zaid/bumperbot_ws/src/install/bumperbot_controller/lib/bumperbot_controller/noisy_controller.py
[3.535s] -- Installing: /home/zaid/bumperbot_ws/src/install/bumperbot_controller/share/ament_index/resource_index/package_run_dependencies/bumperbot_controller
[3.535s] -- Installing: /home/zaid/bumperbot_ws/src/install/bumperbot_controller/share/ament_index/resource_index/parent_prefix_path/bumperbot_controller
[3.535s] -- Installing: /home/zaid/bumperbot_ws/src/install/bumperbot_controller/share/bumperbot_controller/environment/ament_prefix_path.sh
[3.535s] -- Installing: /home/zaid/bumperbot_ws/src/install/bumperbot_controller/share/bumperbot_controller/environment/ament_prefix_path.dsv
[3.535s] -- Installing: /home/zaid/bumperbot_ws/src/install/bumperbot_controller/share/bumperbot_controller/environment/path.sh
[3.535s] -- Installing: /home/zaid/bumperbot_ws/src/install/bumperbot_controller/share/bumperbot_controller/environment/path.dsv
[3.536s] -- Installing: /home/zaid/bumperbot_ws/src/install/bumperbot_controller/share/bumperbot_controller/local_setup.bash
[3.536s] -- Installing: /home/zaid/bumperbot_ws/src/install/bumperbot_controller/share/bumperbot_controller/local_setup.sh
[3.536s] -- Installing: /home/zaid/bumperbot_ws/src/install/bumperbot_controller/share/bumperbot_controller/local_setup.zsh
[3.536s] -- Installing: /home/zaid/bumperbot_ws/src/install/bumperbot_controller/share/bumperbot_controller/local_setup.dsv
[3.536s] -- Installing: /home/zaid/bumperbot_ws/src/install/bumperbot_controller/share/bumperbot_controller/package.dsv
[3.536s] -- Installing: /home/zaid/bumperbot_ws/src/install/bumperbot_controller/share/ament_index/resource_index/packages/bumperbot_controller
[3.536s] -- Installing: /home/zaid/bumperbot_ws/src/install/bumperbot_controller/share/bumperbot_controller/cmake/bumperbot_controllerConfig.cmake
[3.536s] -- Installing: /home/zaid/bumperbot_ws/src/install/bumperbot_controller/share/bumperbot_controller/cmake/bumperbot_controllerConfig-version.cmake
[3.537s] -- Installing: /home/zaid/bumperbot_ws/src/install/bumperbot_controller/share/bumperbot_controller/package.xml
[3.539s] Invoked command in '/home/zaid/bumperbot_ws/src/build/bumperbot_controller' returned '0': CMAKE_PREFIX_PATH=${CMAKE_PREFIX_PATH}:/opt/ros/jazzy DEBUGINFOD_URLS=https://debuginfod.ubuntu.com /usr/bin/cmake --install /home/zaid/bumperbot_ws/src/build/bumperbot_controller
