running egg_info
creating ../build/bumperbot_utils/bumperbot_utils.egg-info
writing ../build/bumperbot_utils/bumperbot_utils.egg-info/PKG-INFO
writing dependency_links to ../build/bumperbot_utils/bumperbot_utils.egg-info/dependency_links.txt
writing entry points to ../build/bumperbot_utils/bumperbot_utils.egg-info/entry_points.txt
writing requirements to ../build/bumperbot_utils/bumperbot_utils.egg-info/requires.txt
writing top-level names to ../build/bumperbot_utils/bumperbot_utils.egg-info/top_level.txt
writing manifest file '../build/bumperbot_utils/bumperbot_utils.egg-info/SOURCES.txt'
reading manifest file '../build/bumperbot_utils/bumperbot_utils.egg-info/SOURCES.txt'
writing manifest file '../build/bumperbot_utils/bumperbot_utils.egg-info/SOURCES.txt'
running build
running build_py
creating /home/zaid/bumperbot_ws/src/build/bumperbot_utils/build
creating /home/zaid/bumperbot_ws/src/build/bumperbot_utils/build/lib
creating /home/zaid/bumperbot_ws/src/build/bumperbot_utils/build/lib/bumperbot_utils
copying bumperbot_utils/__init__.py -> /home/zaid/bumperbot_ws/src/build/bumperbot_utils/build/lib/bumperbot_utils
copying bumperbot_utils/trajectory_plotter.py -> /home/zaid/bumperbot_ws/src/build/bumperbot_utils/build/lib/bumperbot_utils
running install
running install_lib
creating /home/zaid/bumperbot_ws/src/install/bumperbot_utils/lib/python3.12/site-packages/bumperbot_utils
copying /home/zaid/bumperbot_ws/src/build/bumperbot_utils/build/lib/bumperbot_utils/__init__.py -> /home/zaid/bumperbot_ws/src/install/bumperbot_utils/lib/python3.12/site-packages/bumperbot_utils
copying /home/zaid/bumperbot_ws/src/build/bumperbot_utils/build/lib/bumperbot_utils/trajectory_plotter.py -> /home/zaid/bumperbot_ws/src/install/bumperbot_utils/lib/python3.12/site-packages/bumperbot_utils
byte-compiling /home/zaid/bumperbot_ws/src/install/bumperbot_utils/lib/python3.12/site-packages/bumperbot_utils/__init__.py to __init__.cpython-312.pyc
byte-compiling /home/zaid/bumperbot_ws/src/install/bumperbot_utils/lib/python3.12/site-packages/bumperbot_utils/trajectory_plotter.py to trajectory_plotter.cpython-312.pyc
running install_data
creating /home/zaid/bumperbot_ws/src/install/bumperbot_utils/share/ament_index
creating /home/zaid/bumperbot_ws/src/install/bumperbot_utils/share/ament_index/resource_index
creating /home/zaid/bumperbot_ws/src/install/bumperbot_utils/share/ament_index/resource_index/packages
copying resource/bumperbot_utils -> /home/zaid/bumperbot_ws/src/install/bumperbot_utils/share/ament_index/resource_index/packages
copying package.xml -> /home/zaid/bumperbot_ws/src/install/bumperbot_utils/share/bumperbot_utils
running install_egg_info
Copying ../build/bumperbot_utils/bumperbot_utils.egg-info to /home/zaid/bumperbot_ws/src/install/bumperbot_utils/lib/python3.12/site-packages/bumperbot_utils-0.0.0-py3.12.egg-info
running install_scripts
Installing trajectory_plotter script to /home/zaid/bumperbot_ws/src/install/bumperbot_utils/lib/bumperbot_utils
writing list of installed files to '/home/zaid/bumperbot_ws/src/build/bumperbot_utils/install.log'
