[0.192s] DEBUG:colcon:Command line arguments: ['/usr/bin/colcon', 'build']
[0.193s] DEBUG:colcon:Parsed command line arguments: Namespace(log_base=None, log_level=None, verb_name='build', build_base='build', install_base='install', merge_install=False, symlink_install=False, test_result_base=None, continue_on_error=False, executor='parallel', parallel_workers=28, event_handlers=None, ignore_user_meta=False, metas=['./colcon.meta'], base_paths=['.'], packages_ignore=None, packages_ignore_regex=None, paths=None, packages_up_to=None, packages_up_to_regex=None, packages_above=None, packages_above_and_dependencies=None, packages_above_depth=None, packages_select_by_dep=None, packages_skip_by_dep=None, packages_skip_up_to=None, packages_select_build_failed=False, packages_skip_build_finished=False, packages_select_test_failures=False, packages_skip_test_passed=False, packages_select=None, packages_skip=None, packages_select_regex=None, packages_skip_regex=None, packages_start=None, packages_end=None, allow_overriding=[], cmake_args=None, cmake_target=None, cmake_target_skip_unavailable=False, cmake_clean_cache=False, cmake_clean_first=False, cmake_force_configure=False, ament_cmake_args=None, catkin_cmake_args=None, catkin_skip_building_tests=False, mixin_files=None, mixin=None, verb_parser=<colcon_mixin.mixin.mixin_argument.MixinArgumentDecorator object at 0x733a2808d880>, verb_extension=<colcon_core.verb.build.BuildVerb object at 0x733a28003860>, main=<bound method BuildVerb.main of <colcon_core.verb.build.BuildVerb object at 0x733a28003860>>, mixin_verb=('build',))
[0.247s] Level 1:colcon.colcon_core.package_discovery:discover_packages(colcon_meta) check parameters
[0.247s] Level 1:colcon.colcon_core.package_discovery:discover_packages(recursive) check parameters
[0.247s] Level 1:colcon.colcon_core.package_discovery:discover_packages(ignore) check parameters
[0.247s] Level 1:colcon.colcon_core.package_discovery:discover_packages(path) check parameters
[0.247s] Level 1:colcon.colcon_core.package_discovery:discover_packages(colcon_meta) discover
[0.248s] Level 1:colcon.colcon_core.package_discovery:discover_packages(recursive) discover
[0.248s] INFO:colcon.colcon_core.package_discovery:Crawling recursively for packages in '/home/zaid/bumperbot_ws/src'
[0.248s] Level 1:colcon.colcon_core.package_identification:_identify(.) by extensions ['ignore', 'ignore_ament_install']
[0.248s] Level 1:colcon.colcon_core.package_identification:_identify(.) by extension 'ignore'
[0.248s] Level 1:colcon.colcon_core.package_identification:_identify(.) by extension 'ignore_ament_install'
[0.248s] Level 1:colcon.colcon_core.package_identification:_identify(.) by extensions ['colcon_pkg']
[0.248s] Level 1:colcon.colcon_core.package_identification:_identify(.) by extension 'colcon_pkg'
[0.248s] Level 1:colcon.colcon_core.package_identification:_identify(.) by extensions ['colcon_meta']
[0.248s] Level 1:colcon.colcon_core.package_identification:_identify(.) by extension 'colcon_meta'
[0.248s] Level 1:colcon.colcon_core.package_identification:_identify(.) by extensions ['ros']
[0.248s] Level 1:colcon.colcon_core.package_identification:_identify(.) by extension 'ros'
[0.288s] Level 1:colcon.colcon_core.package_identification:_identify(.) by extensions ['cmake', 'python']
[0.288s] Level 1:colcon.colcon_core.package_identification:_identify(.) by extension 'cmake'
[0.288s] Level 1:colcon.colcon_core.package_identification:_identify(.) by extension 'python'
[0.288s] Level 1:colcon.colcon_core.package_identification:_identify(.) by extensions ['python_setup_py']
[0.288s] Level 1:colcon.colcon_core.package_identification:_identify(.) by extension 'python_setup_py'
[0.288s] Level 1:colcon.colcon_core.package_identification:_identify(build) by extensions ['ignore', 'ignore_ament_install']
[0.288s] Level 1:colcon.colcon_core.package_identification:_identify(build) by extension 'ignore'
[0.288s] Level 1:colcon.colcon_core.package_identification:_identify(build) ignored
[0.289s] Level 1:colcon.colcon_core.package_identification:_identify(bumperbot_controller) by extensions ['ignore', 'ignore_ament_install']
[0.289s] Level 1:colcon.colcon_core.package_identification:_identify(bumperbot_controller) by extension 'ignore'
[0.289s] Level 1:colcon.colcon_core.package_identification:_identify(bumperbot_controller) by extension 'ignore_ament_install'
[0.289s] Level 1:colcon.colcon_core.package_identification:_identify(bumperbot_controller) by extensions ['colcon_pkg']
[0.289s] Level 1:colcon.colcon_core.package_identification:_identify(bumperbot_controller) by extension 'colcon_pkg'
[0.289s] Level 1:colcon.colcon_core.package_identification:_identify(bumperbot_controller) by extensions ['colcon_meta']
[0.289s] Level 1:colcon.colcon_core.package_identification:_identify(bumperbot_controller) by extension 'colcon_meta'
[0.289s] Level 1:colcon.colcon_core.package_identification:_identify(bumperbot_controller) by extensions ['ros']
[0.289s] Level 1:colcon.colcon_core.package_identification:_identify(bumperbot_controller) by extension 'ros'
[0.293s] DEBUG:colcon.colcon_core.package_identification:Package 'bumperbot_controller' with type 'ros.ament_cmake' and name 'bumperbot_controller'
[0.293s] Level 1:colcon.colcon_core.package_identification:_identify(bumperbot_cpp_examples) by extensions ['ignore', 'ignore_ament_install']
[0.293s] Level 1:colcon.colcon_core.package_identification:_identify(bumperbot_cpp_examples) by extension 'ignore'
[0.293s] Level 1:colcon.colcon_core.package_identification:_identify(bumperbot_cpp_examples) by extension 'ignore_ament_install'
[0.293s] Level 1:colcon.colcon_core.package_identification:_identify(bumperbot_cpp_examples) by extensions ['colcon_pkg']
[0.293s] Level 1:colcon.colcon_core.package_identification:_identify(bumperbot_cpp_examples) by extension 'colcon_pkg'
[0.293s] Level 1:colcon.colcon_core.package_identification:_identify(bumperbot_cpp_examples) by extensions ['colcon_meta']
[0.293s] Level 1:colcon.colcon_core.package_identification:_identify(bumperbot_cpp_examples) by extension 'colcon_meta'
[0.293s] Level 1:colcon.colcon_core.package_identification:_identify(bumperbot_cpp_examples) by extensions ['ros']
[0.293s] Level 1:colcon.colcon_core.package_identification:_identify(bumperbot_cpp_examples) by extension 'ros'
[0.294s] DEBUG:colcon.colcon_core.package_identification:Package 'bumperbot_cpp_examples' with type 'ros.ament_cmake' and name 'bumperbot_cpp_examples'
[0.294s] Level 1:colcon.colcon_core.package_identification:_identify(bumperbot_description) by extensions ['ignore', 'ignore_ament_install']
[0.295s] Level 1:colcon.colcon_core.package_identification:_identify(bumperbot_description) by extension 'ignore'
[0.295s] Level 1:colcon.colcon_core.package_identification:_identify(bumperbot_description) by extension 'ignore_ament_install'
[0.295s] Level 1:colcon.colcon_core.package_identification:_identify(bumperbot_description) by extensions ['colcon_pkg']
[0.295s] Level 1:colcon.colcon_core.package_identification:_identify(bumperbot_description) by extension 'colcon_pkg'
[0.295s] Level 1:colcon.colcon_core.package_identification:_identify(bumperbot_description) by extensions ['colcon_meta']
[0.295s] Level 1:colcon.colcon_core.package_identification:_identify(bumperbot_description) by extension 'colcon_meta'
[0.295s] Level 1:colcon.colcon_core.package_identification:_identify(bumperbot_description) by extensions ['ros']
[0.295s] Level 1:colcon.colcon_core.package_identification:_identify(bumperbot_description) by extension 'ros'
[0.296s] DEBUG:colcon.colcon_core.package_identification:Package 'bumperbot_description' with type 'ros.ament_cmake' and name 'bumperbot_description'
[0.296s] Level 1:colcon.colcon_core.package_identification:_identify(bumperbot_py_examples) by extensions ['ignore', 'ignore_ament_install']
[0.296s] Level 1:colcon.colcon_core.package_identification:_identify(bumperbot_py_examples) by extension 'ignore'
[0.296s] Level 1:colcon.colcon_core.package_identification:_identify(bumperbot_py_examples) by extension 'ignore_ament_install'
[0.296s] Level 1:colcon.colcon_core.package_identification:_identify(bumperbot_py_examples) by extensions ['colcon_pkg']
[0.296s] Level 1:colcon.colcon_core.package_identification:_identify(bumperbot_py_examples) by extension 'colcon_pkg'
[0.296s] Level 1:colcon.colcon_core.package_identification:_identify(bumperbot_py_examples) by extensions ['colcon_meta']
[0.296s] Level 1:colcon.colcon_core.package_identification:_identify(bumperbot_py_examples) by extension 'colcon_meta'
[0.296s] Level 1:colcon.colcon_core.package_identification:_identify(bumperbot_py_examples) by extensions ['ros']
[0.296s] Level 1:colcon.colcon_core.package_identification:_identify(bumperbot_py_examples) by extension 'ros'
[0.298s] DEBUG:colcon.colcon_core.package_identification:Package 'bumperbot_py_examples' with type 'ros.ament_python' and name 'bumperbot_py_examples'
[0.298s] Level 1:colcon.colcon_core.package_identification:_identify(install) by extensions ['ignore', 'ignore_ament_install']
[0.298s] Level 1:colcon.colcon_core.package_identification:_identify(install) by extension 'ignore'
[0.298s] Level 1:colcon.colcon_core.package_identification:_identify(install) ignored
[0.298s] Level 1:colcon.colcon_core.package_identification:_identify(log) by extensions ['ignore', 'ignore_ament_install']
[0.298s] Level 1:colcon.colcon_core.package_identification:_identify(log) by extension 'ignore'
[0.298s] Level 1:colcon.colcon_core.package_identification:_identify(log) ignored
[0.298s] Level 1:colcon.colcon_core.package_discovery:discover_packages(recursive) using defaults
[0.298s] Level 1:colcon.colcon_core.package_discovery:discover_packages(ignore) discover
[0.298s] Level 1:colcon.colcon_core.package_discovery:discover_packages(ignore) using defaults
[0.298s] Level 1:colcon.colcon_core.package_discovery:discover_packages(path) discover
[0.298s] Level 1:colcon.colcon_core.package_discovery:discover_packages(path) using defaults
[0.327s] Level 1:colcon.colcon_core.package_discovery:discover_packages(prefix_path) check parameters
[0.327s] Level 1:colcon.colcon_core.package_discovery:discover_packages(prefix_path) discover
[0.331s] DEBUG:colcon.colcon_installed_package_information.package_discovery:Found 397 installed packages in /opt/ros/jazzy
[0.333s] Level 1:colcon.colcon_core.package_discovery:discover_packages(prefix_path) using defaults
[0.394s] Level 5:colcon.colcon_core.verb:set package 'bumperbot_controller' build argument 'cmake_args' from command line to 'None'
[0.394s] Level 5:colcon.colcon_core.verb:set package 'bumperbot_controller' build argument 'cmake_target' from command line to 'None'
[0.394s] Level 5:colcon.colcon_core.verb:set package 'bumperbot_controller' build argument 'cmake_target_skip_unavailable' from command line to 'False'
[0.394s] Level 5:colcon.colcon_core.verb:set package 'bumperbot_controller' build argument 'cmake_clean_cache' from command line to 'False'
[0.394s] Level 5:colcon.colcon_core.verb:set package 'bumperbot_controller' build argument 'cmake_clean_first' from command line to 'False'
[0.394s] Level 5:colcon.colcon_core.verb:set package 'bumperbot_controller' build argument 'cmake_force_configure' from command line to 'False'
[0.394s] Level 5:colcon.colcon_core.verb:set package 'bumperbot_controller' build argument 'ament_cmake_args' from command line to 'None'
[0.394s] Level 5:colcon.colcon_core.verb:set package 'bumperbot_controller' build argument 'catkin_cmake_args' from command line to 'None'
[0.394s] Level 5:colcon.colcon_core.verb:set package 'bumperbot_controller' build argument 'catkin_skip_building_tests' from command line to 'False'
[0.394s] DEBUG:colcon.colcon_core.verb:Building package 'bumperbot_controller' with the following arguments: {'ament_cmake_args': None, 'build_base': '/home/zaid/bumperbot_ws/src/build/bumperbot_controller', 'catkin_cmake_args': None, 'catkin_skip_building_tests': False, 'cmake_args': None, 'cmake_clean_cache': False, 'cmake_clean_first': False, 'cmake_force_configure': False, 'cmake_target': None, 'cmake_target_skip_unavailable': False, 'install_base': '/home/zaid/bumperbot_ws/src/install/bumperbot_controller', 'merge_install': False, 'path': '/home/zaid/bumperbot_ws/src/bumperbot_controller', 'symlink_install': False, 'test_result_base': None}
[0.394s] Level 5:colcon.colcon_core.verb:set package 'bumperbot_cpp_examples' build argument 'cmake_args' from command line to 'None'
[0.395s] Level 5:colcon.colcon_core.verb:set package 'bumperbot_cpp_examples' build argument 'cmake_target' from command line to 'None'
[0.395s] Level 5:colcon.colcon_core.verb:set package 'bumperbot_cpp_examples' build argument 'cmake_target_skip_unavailable' from command line to 'False'
[0.395s] Level 5:colcon.colcon_core.verb:set package 'bumperbot_cpp_examples' build argument 'cmake_clean_cache' from command line to 'False'
[0.395s] Level 5:colcon.colcon_core.verb:set package 'bumperbot_cpp_examples' build argument 'cmake_clean_first' from command line to 'False'
[0.395s] Level 5:colcon.colcon_core.verb:set package 'bumperbot_cpp_examples' build argument 'cmake_force_configure' from command line to 'False'
[0.395s] Level 5:colcon.colcon_core.verb:set package 'bumperbot_cpp_examples' build argument 'ament_cmake_args' from command line to 'None'
[0.395s] Level 5:colcon.colcon_core.verb:set package 'bumperbot_cpp_examples' build argument 'catkin_cmake_args' from command line to 'None'
[0.395s] Level 5:colcon.colcon_core.verb:set package 'bumperbot_cpp_examples' build argument 'catkin_skip_building_tests' from command line to 'False'
[0.395s] DEBUG:colcon.colcon_core.verb:Building package 'bumperbot_cpp_examples' with the following arguments: {'ament_cmake_args': None, 'build_base': '/home/zaid/bumperbot_ws/src/build/bumperbot_cpp_examples', 'catkin_cmake_args': None, 'catkin_skip_building_tests': False, 'cmake_args': None, 'cmake_clean_cache': False, 'cmake_clean_first': False, 'cmake_force_configure': False, 'cmake_target': None, 'cmake_target_skip_unavailable': False, 'install_base': '/home/zaid/bumperbot_ws/src/install/bumperbot_cpp_examples', 'merge_install': False, 'path': '/home/zaid/bumperbot_ws/src/bumperbot_cpp_examples', 'symlink_install': False, 'test_result_base': None}
[0.395s] Level 5:colcon.colcon_core.verb:set package 'bumperbot_description' build argument 'cmake_args' from command line to 'None'
[0.395s] Level 5:colcon.colcon_core.verb:set package 'bumperbot_description' build argument 'cmake_target' from command line to 'None'
[0.395s] Level 5:colcon.colcon_core.verb:set package 'bumperbot_description' build argument 'cmake_target_skip_unavailable' from command line to 'False'
[0.395s] Level 5:colcon.colcon_core.verb:set package 'bumperbot_description' build argument 'cmake_clean_cache' from command line to 'False'
[0.395s] Level 5:colcon.colcon_core.verb:set package 'bumperbot_description' build argument 'cmake_clean_first' from command line to 'False'
[0.395s] Level 5:colcon.colcon_core.verb:set package 'bumperbot_description' build argument 'cmake_force_configure' from command line to 'False'
[0.395s] Level 5:colcon.colcon_core.verb:set package 'bumperbot_description' build argument 'ament_cmake_args' from command line to 'None'
[0.395s] Level 5:colcon.colcon_core.verb:set package 'bumperbot_description' build argument 'catkin_cmake_args' from command line to 'None'
[0.395s] Level 5:colcon.colcon_core.verb:set package 'bumperbot_description' build argument 'catkin_skip_building_tests' from command line to 'False'
[0.395s] DEBUG:colcon.colcon_core.verb:Building package 'bumperbot_description' with the following arguments: {'ament_cmake_args': None, 'build_base': '/home/zaid/bumperbot_ws/src/build/bumperbot_description', 'catkin_cmake_args': None, 'catkin_skip_building_tests': False, 'cmake_args': None, 'cmake_clean_cache': False, 'cmake_clean_first': False, 'cmake_force_configure': False, 'cmake_target': None, 'cmake_target_skip_unavailable': False, 'install_base': '/home/zaid/bumperbot_ws/src/install/bumperbot_description', 'merge_install': False, 'path': '/home/zaid/bumperbot_ws/src/bumperbot_description', 'symlink_install': False, 'test_result_base': None}
[0.396s] Level 5:colcon.colcon_core.verb:set package 'bumperbot_py_examples' build argument 'cmake_args' from command line to 'None'
[0.396s] Level 5:colcon.colcon_core.verb:set package 'bumperbot_py_examples' build argument 'cmake_target' from command line to 'None'
[0.396s] Level 5:colcon.colcon_core.verb:set package 'bumperbot_py_examples' build argument 'cmake_target_skip_unavailable' from command line to 'False'
[0.396s] Level 5:colcon.colcon_core.verb:set package 'bumperbot_py_examples' build argument 'cmake_clean_cache' from command line to 'False'
[0.396s] Level 5:colcon.colcon_core.verb:set package 'bumperbot_py_examples' build argument 'cmake_clean_first' from command line to 'False'
[0.396s] Level 5:colcon.colcon_core.verb:set package 'bumperbot_py_examples' build argument 'cmake_force_configure' from command line to 'False'
[0.396s] Level 5:colcon.colcon_core.verb:set package 'bumperbot_py_examples' build argument 'ament_cmake_args' from command line to 'None'
[0.396s] Level 5:colcon.colcon_core.verb:set package 'bumperbot_py_examples' build argument 'catkin_cmake_args' from command line to 'None'
[0.396s] Level 5:colcon.colcon_core.verb:set package 'bumperbot_py_examples' build argument 'catkin_skip_building_tests' from command line to 'False'
[0.396s] DEBUG:colcon.colcon_core.verb:Building package 'bumperbot_py_examples' with the following arguments: {'ament_cmake_args': None, 'build_base': '/home/zaid/bumperbot_ws/src/build/bumperbot_py_examples', 'catkin_cmake_args': None, 'catkin_skip_building_tests': False, 'cmake_args': None, 'cmake_clean_cache': False, 'cmake_clean_first': False, 'cmake_force_configure': False, 'cmake_target': None, 'cmake_target_skip_unavailable': False, 'install_base': '/home/zaid/bumperbot_ws/src/install/bumperbot_py_examples', 'merge_install': False, 'path': '/home/zaid/bumperbot_ws/src/bumperbot_py_examples', 'symlink_install': False, 'test_result_base': None}
[0.396s] INFO:colcon.colcon_core.executor:Executing jobs using 'parallel' executor
[0.397s] DEBUG:colcon.colcon_parallel_executor.executor.parallel:run_until_complete
[0.398s] INFO:colcon.colcon_ros.task.ament_cmake.build:Building ROS package in '/home/zaid/bumperbot_ws/src/bumperbot_controller' with build type 'ament_cmake'
[0.398s] INFO:colcon.colcon_cmake.task.cmake.build:Building CMake package in '/home/zaid/bumperbot_ws/src/bumperbot_controller'
[0.400s] INFO:colcon.colcon_core.plugin_system:Skipping extension 'colcon_core.shell.bat': Not used on non-Windows systems
[0.400s] INFO:colcon.colcon_core.shell:Skip shell extension 'powershell' for command environment: Not usable outside of PowerShell
[0.401s] DEBUG:colcon.colcon_core.shell:Skip shell extension 'dsv' for command environment
[0.407s] INFO:colcon.colcon_ros.task.ament_cmake.build:Building ROS package in '/home/zaid/bumperbot_ws/src/bumperbot_cpp_examples' with build type 'ament_cmake'
[0.408s] INFO:colcon.colcon_cmake.task.cmake.build:Building CMake package in '/home/zaid/bumperbot_ws/src/bumperbot_cpp_examples'
[0.408s] INFO:colcon.colcon_core.shell:Skip shell extension 'powershell' for command environment: Not usable outside of PowerShell
[0.408s] DEBUG:colcon.colcon_core.shell:Skip shell extension 'dsv' for command environment
[0.414s] INFO:colcon.colcon_ros.task.ament_cmake.build:Building ROS package in '/home/zaid/bumperbot_ws/src/bumperbot_description' with build type 'ament_cmake'
[0.414s] INFO:colcon.colcon_cmake.task.cmake.build:Building CMake package in '/home/zaid/bumperbot_ws/src/bumperbot_description'
[0.415s] INFO:colcon.colcon_core.shell:Skip shell extension 'powershell' for command environment: Not usable outside of PowerShell
[0.415s] DEBUG:colcon.colcon_core.shell:Skip shell extension 'dsv' for command environment
[0.423s] INFO:colcon.colcon_ros.task.ament_python.build:Building ROS package in '/home/zaid/bumperbot_ws/src/bumperbot_py_examples' with build type 'ament_python'
[0.423s] Level 1:colcon.colcon_core.shell:create_environment_hook('bumperbot_py_examples', 'ament_prefix_path')
[0.424s] INFO:colcon.colcon_core.shell:Creating environment hook '/home/zaid/bumperbot_ws/src/install/bumperbot_py_examples/share/bumperbot_py_examples/hook/ament_prefix_path.ps1'
[0.425s] INFO:colcon.colcon_core.shell:Creating environment descriptor '/home/zaid/bumperbot_ws/src/install/bumperbot_py_examples/share/bumperbot_py_examples/hook/ament_prefix_path.dsv'
[0.426s] INFO:colcon.colcon_core.shell:Creating environment hook '/home/zaid/bumperbot_ws/src/install/bumperbot_py_examples/share/bumperbot_py_examples/hook/ament_prefix_path.sh'
[0.427s] INFO:colcon.colcon_core.shell:Skip shell extension 'powershell' for command environment: Not usable outside of PowerShell
[0.427s] DEBUG:colcon.colcon_core.shell:Skip shell extension 'dsv' for command environment
[0.445s] DEBUG:colcon.colcon_core.event_handler.log_command:Invoking command in '/home/zaid/bumperbot_ws/src/build/bumperbot_controller': CMAKE_PREFIX_PATH=${CMAKE_PREFIX_PATH}:/opt/ros/jazzy DEBUGINFOD_URLS=https://debuginfod.ubuntu.com /usr/bin/cmake --build /home/zaid/bumperbot_ws/src/build/bumperbot_controller -- -j28 -l28
[0.451s] DEBUG:colcon.colcon_core.event_handler.log_command:Invoking command in '/home/zaid/bumperbot_ws/src/build/bumperbot_cpp_examples': CMAKE_PREFIX_PATH=${CMAKE_PREFIX_PATH}:/opt/ros/jazzy DEBUGINFOD_URLS=https://debuginfod.ubuntu.com /usr/bin/cmake --build /home/zaid/bumperbot_ws/src/build/bumperbot_cpp_examples -- -j28 -l28
[0.458s] DEBUG:colcon.colcon_core.event_handler.log_command:Invoking command in '/home/zaid/bumperbot_ws/src/build/bumperbot_description': CMAKE_PREFIX_PATH=${CMAKE_PREFIX_PATH}:/opt/ros/jazzy DEBUGINFOD_URLS=https://debuginfod.ubuntu.com /usr/bin/cmake --build /home/zaid/bumperbot_ws/src/build/bumperbot_description -- -j28 -l28
[0.928s] INFO:colcon.colcon_core.task.python.build:Building Python package in '/home/zaid/bumperbot_ws/src/bumperbot_py_examples'
[0.929s] INFO:colcon.colcon_core.shell:Skip shell extension 'powershell' for command environment: Not usable outside of PowerShell
[0.929s] DEBUG:colcon.colcon_core.shell:Skip shell extension 'dsv' for command environment
[0.940s] DEBUG:colcon.colcon_core.event_handler.log_command:Invoked command in '/home/zaid/bumperbot_ws/src/build/bumperbot_description' returned '0': CMAKE_PREFIX_PATH=${CMAKE_PREFIX_PATH}:/opt/ros/jazzy DEBUGINFOD_URLS=https://debuginfod.ubuntu.com /usr/bin/cmake --build /home/zaid/bumperbot_ws/src/build/bumperbot_description -- -j28 -l28
[0.965s] DEBUG:colcon.colcon_core.event_handler.log_command:Invoking command in '/home/zaid/bumperbot_ws/src/build/bumperbot_description': CMAKE_PREFIX_PATH=${CMAKE_PREFIX_PATH}:/opt/ros/jazzy DEBUGINFOD_URLS=https://debuginfod.ubuntu.com /usr/bin/cmake --install /home/zaid/bumperbot_ws/src/build/bumperbot_description
[0.967s] DEBUG:colcon.colcon_core.event_handler.log_command:Invoked command in '/home/zaid/bumperbot_ws/src/build/bumperbot_cpp_examples' returned '0': CMAKE_PREFIX_PATH=${CMAKE_PREFIX_PATH}:/opt/ros/jazzy DEBUGINFOD_URLS=https://debuginfod.ubuntu.com /usr/bin/cmake --build /home/zaid/bumperbot_ws/src/build/bumperbot_cpp_examples -- -j28 -l28
[0.971s] DEBUG:colcon.colcon_core.event_handler.log_command:Invoking command in '/home/zaid/bumperbot_ws/src/build/bumperbot_cpp_examples': CMAKE_PREFIX_PATH=${CMAKE_PREFIX_PATH}:/opt/ros/jazzy DEBUGINFOD_URLS=https://debuginfod.ubuntu.com /usr/bin/cmake --install /home/zaid/bumperbot_ws/src/build/bumperbot_cpp_examples
[0.991s] Level 1:colcon.colcon_core.environment:create_environment_scripts_only(bumperbot_description)
[0.992s] DEBUG:colcon.colcon_core.event_handler.log_command:Invoked command in '/home/zaid/bumperbot_ws/src/build/bumperbot_description' returned '0': CMAKE_PREFIX_PATH=${CMAKE_PREFIX_PATH}:/opt/ros/jazzy DEBUGINFOD_URLS=https://debuginfod.ubuntu.com /usr/bin/cmake --install /home/zaid/bumperbot_ws/src/build/bumperbot_description
[1.000s] Level 1:colcon.colcon_core.environment:checking '/home/zaid/bumperbot_ws/src/install/bumperbot_description' for CMake module files
[1.002s] Level 1:colcon.colcon_core.environment:checking '/home/zaid/bumperbot_ws/src/install/bumperbot_description' for CMake config files
[1.006s] Level 1:colcon.colcon_core.shell:create_environment_hook('bumperbot_description', 'cmake_prefix_path')
[1.007s] INFO:colcon.colcon_core.shell:Creating environment hook '/home/zaid/bumperbot_ws/src/install/bumperbot_description/share/bumperbot_description/hook/cmake_prefix_path.ps1'
[1.008s] INFO:colcon.colcon_core.shell:Creating environment descriptor '/home/zaid/bumperbot_ws/src/install/bumperbot_description/share/bumperbot_description/hook/cmake_prefix_path.dsv'
[1.009s] INFO:colcon.colcon_core.shell:Creating environment hook '/home/zaid/bumperbot_ws/src/install/bumperbot_description/share/bumperbot_description/hook/cmake_prefix_path.sh'
[1.010s] Level 1:colcon.colcon_core.environment:checking '/home/zaid/bumperbot_ws/src/install/bumperbot_description/bin'
[1.011s] Level 1:colcon.colcon_core.environment:checking '/home/zaid/bumperbot_ws/src/install/bumperbot_description/lib/pkgconfig/bumperbot_description.pc'
[1.011s] Level 1:colcon.colcon_core.environment:checking '/home/zaid/bumperbot_ws/src/install/bumperbot_description/lib/python3.12/site-packages'
[1.012s] Level 1:colcon.colcon_core.environment:checking '/home/zaid/bumperbot_ws/src/install/bumperbot_description/bin'
[1.013s] INFO:colcon.colcon_core.shell:Creating package script '/home/zaid/bumperbot_ws/src/install/bumperbot_description/share/bumperbot_description/package.ps1'
[1.015s] INFO:colcon.colcon_core.shell:Creating package descriptor '/home/zaid/bumperbot_ws/src/install/bumperbot_description/share/bumperbot_description/package.dsv'
[1.016s] INFO:colcon.colcon_core.shell:Creating package script '/home/zaid/bumperbot_ws/src/install/bumperbot_description/share/bumperbot_description/package.sh'
[1.017s] INFO:colcon.colcon_core.shell:Creating package script '/home/zaid/bumperbot_ws/src/install/bumperbot_description/share/bumperbot_description/package.bash'
[1.019s] INFO:colcon.colcon_core.shell:Creating package script '/home/zaid/bumperbot_ws/src/install/bumperbot_description/share/bumperbot_description/package.zsh'
[1.020s] Level 1:colcon.colcon_core.environment:create_file_with_runtime_dependencies(/home/zaid/bumperbot_ws/src/install/bumperbot_description/share/colcon-core/packages/bumperbot_description)
[1.021s] Level 1:colcon.colcon_core.environment:create_environment_scripts_only(bumperbot_description)
[1.021s] Level 1:colcon.colcon_core.environment:checking '/home/zaid/bumperbot_ws/src/install/bumperbot_description' for CMake module files
[1.023s] Level 1:colcon.colcon_core.environment:checking '/home/zaid/bumperbot_ws/src/install/bumperbot_description' for CMake config files
[1.023s] Level 1:colcon.colcon_core.shell:create_environment_hook('bumperbot_description', 'cmake_prefix_path')
[1.024s] INFO:colcon.colcon_core.shell:Creating environment hook '/home/zaid/bumperbot_ws/src/install/bumperbot_description/share/bumperbot_description/hook/cmake_prefix_path.ps1'
[1.025s] INFO:colcon.colcon_core.shell:Creating environment descriptor '/home/zaid/bumperbot_ws/src/install/bumperbot_description/share/bumperbot_description/hook/cmake_prefix_path.dsv'
[1.025s] INFO:colcon.colcon_core.shell:Creating environment hook '/home/zaid/bumperbot_ws/src/install/bumperbot_description/share/bumperbot_description/hook/cmake_prefix_path.sh'
[1.027s] Level 1:colcon.colcon_core.environment:checking '/home/zaid/bumperbot_ws/src/install/bumperbot_description/bin'
[1.028s] Level 1:colcon.colcon_core.environment:checking '/home/zaid/bumperbot_ws/src/install/bumperbot_description/lib/pkgconfig/bumperbot_description.pc'
[1.028s] Level 1:colcon.colcon_core.environment:checking '/home/zaid/bumperbot_ws/src/install/bumperbot_description/lib/python3.12/site-packages'
[1.029s] Level 1:colcon.colcon_core.environment:checking '/home/zaid/bumperbot_ws/src/install/bumperbot_description/bin'
[1.030s] INFO:colcon.colcon_core.shell:Creating package script '/home/zaid/bumperbot_ws/src/install/bumperbot_description/share/bumperbot_description/package.ps1'
[1.032s] INFO:colcon.colcon_core.shell:Creating package descriptor '/home/zaid/bumperbot_ws/src/install/bumperbot_description/share/bumperbot_description/package.dsv'
[1.034s] INFO:colcon.colcon_core.shell:Creating package script '/home/zaid/bumperbot_ws/src/install/bumperbot_description/share/bumperbot_description/package.sh'
[1.035s] INFO:colcon.colcon_core.shell:Creating package script '/home/zaid/bumperbot_ws/src/install/bumperbot_description/share/bumperbot_description/package.bash'
[1.037s] INFO:colcon.colcon_core.shell:Creating package script '/home/zaid/bumperbot_ws/src/install/bumperbot_description/share/bumperbot_description/package.zsh'
[1.038s] Level 1:colcon.colcon_core.environment:create_file_with_runtime_dependencies(/home/zaid/bumperbot_ws/src/install/bumperbot_description/share/colcon-core/packages/bumperbot_description)
[1.041s] Level 1:colcon.colcon_core.environment:create_environment_scripts_only(bumperbot_cpp_examples)
[1.041s] Level 1:colcon.colcon_core.environment:checking '/home/zaid/bumperbot_ws/src/install/bumperbot_cpp_examples' for CMake module files
[1.042s] DEBUG:colcon.colcon_core.event_handler.log_command:Invoked command in '/home/zaid/bumperbot_ws/src/build/bumperbot_cpp_examples' returned '0': CMAKE_PREFIX_PATH=${CMAKE_PREFIX_PATH}:/opt/ros/jazzy DEBUGINFOD_URLS=https://debuginfod.ubuntu.com /usr/bin/cmake --install /home/zaid/bumperbot_ws/src/build/bumperbot_cpp_examples
[1.043s] Level 1:colcon.colcon_core.environment:checking '/home/zaid/bumperbot_ws/src/install/bumperbot_cpp_examples' for CMake config files
[1.044s] Level 1:colcon.colcon_core.shell:create_environment_hook('bumperbot_cpp_examples', 'cmake_prefix_path')
[1.044s] INFO:colcon.colcon_core.shell:Creating environment hook '/home/zaid/bumperbot_ws/src/install/bumperbot_cpp_examples/share/bumperbot_cpp_examples/hook/cmake_prefix_path.ps1'
[1.045s] INFO:colcon.colcon_core.shell:Creating environment descriptor '/home/zaid/bumperbot_ws/src/install/bumperbot_cpp_examples/share/bumperbot_cpp_examples/hook/cmake_prefix_path.dsv'
[1.046s] INFO:colcon.colcon_core.shell:Creating environment hook '/home/zaid/bumperbot_ws/src/install/bumperbot_cpp_examples/share/bumperbot_cpp_examples/hook/cmake_prefix_path.sh'
[1.047s] Level 1:colcon.colcon_core.environment:checking '/home/zaid/bumperbot_ws/src/install/bumperbot_cpp_examples/lib'
[1.047s] Level 1:colcon.colcon_core.environment:checking '/home/zaid/bumperbot_ws/src/install/bumperbot_cpp_examples/bin'
[1.048s] Level 1:colcon.colcon_core.environment:checking '/home/zaid/bumperbot_ws/src/install/bumperbot_cpp_examples/lib/pkgconfig/bumperbot_cpp_examples.pc'
[1.048s] Level 1:colcon.colcon_core.environment:checking '/home/zaid/bumperbot_ws/src/install/bumperbot_cpp_examples/lib/python3.12/site-packages'
[1.049s] Level 1:colcon.colcon_core.environment:checking '/home/zaid/bumperbot_ws/src/install/bumperbot_cpp_examples/bin'
[1.049s] INFO:colcon.colcon_core.shell:Creating package script '/home/zaid/bumperbot_ws/src/install/bumperbot_cpp_examples/share/bumperbot_cpp_examples/package.ps1'
[1.050s] INFO:colcon.colcon_core.shell:Creating package descriptor '/home/zaid/bumperbot_ws/src/install/bumperbot_cpp_examples/share/bumperbot_cpp_examples/package.dsv'
[1.051s] INFO:colcon.colcon_core.shell:Creating package script '/home/zaid/bumperbot_ws/src/install/bumperbot_cpp_examples/share/bumperbot_cpp_examples/package.sh'
[1.052s] INFO:colcon.colcon_core.shell:Creating package script '/home/zaid/bumperbot_ws/src/install/bumperbot_cpp_examples/share/bumperbot_cpp_examples/package.bash'
[1.053s] INFO:colcon.colcon_core.shell:Creating package script '/home/zaid/bumperbot_ws/src/install/bumperbot_cpp_examples/share/bumperbot_cpp_examples/package.zsh'
[1.053s] Level 1:colcon.colcon_core.environment:create_file_with_runtime_dependencies(/home/zaid/bumperbot_ws/src/install/bumperbot_cpp_examples/share/colcon-core/packages/bumperbot_cpp_examples)
[1.054s] Level 1:colcon.colcon_core.environment:create_environment_scripts_only(bumperbot_cpp_examples)
[1.054s] Level 1:colcon.colcon_core.environment:checking '/home/zaid/bumperbot_ws/src/install/bumperbot_cpp_examples' for CMake module files
[1.055s] Level 1:colcon.colcon_core.environment:checking '/home/zaid/bumperbot_ws/src/install/bumperbot_cpp_examples' for CMake config files
[1.056s] Level 1:colcon.colcon_core.shell:create_environment_hook('bumperbot_cpp_examples', 'cmake_prefix_path')
[1.056s] INFO:colcon.colcon_core.shell:Creating environment hook '/home/zaid/bumperbot_ws/src/install/bumperbot_cpp_examples/share/bumperbot_cpp_examples/hook/cmake_prefix_path.ps1'
[1.057s] INFO:colcon.colcon_core.shell:Creating environment descriptor '/home/zaid/bumperbot_ws/src/install/bumperbot_cpp_examples/share/bumperbot_cpp_examples/hook/cmake_prefix_path.dsv'
[1.058s] INFO:colcon.colcon_core.shell:Creating environment hook '/home/zaid/bumperbot_ws/src/install/bumperbot_cpp_examples/share/bumperbot_cpp_examples/hook/cmake_prefix_path.sh'
[1.059s] Level 1:colcon.colcon_core.environment:checking '/home/zaid/bumperbot_ws/src/install/bumperbot_cpp_examples/lib'
[1.059s] Level 1:colcon.colcon_core.environment:checking '/home/zaid/bumperbot_ws/src/install/bumperbot_cpp_examples/bin'
[1.059s] Level 1:colcon.colcon_core.environment:checking '/home/zaid/bumperbot_ws/src/install/bumperbot_cpp_examples/lib/pkgconfig/bumperbot_cpp_examples.pc'
[1.060s] Level 1:colcon.colcon_core.environment:checking '/home/zaid/bumperbot_ws/src/install/bumperbot_cpp_examples/lib/python3.12/site-packages'
[1.060s] Level 1:colcon.colcon_core.environment:checking '/home/zaid/bumperbot_ws/src/install/bumperbot_cpp_examples/bin'
[1.061s] INFO:colcon.colcon_core.shell:Creating package script '/home/zaid/bumperbot_ws/src/install/bumperbot_cpp_examples/share/bumperbot_cpp_examples/package.ps1'
[1.062s] INFO:colcon.colcon_core.shell:Creating package descriptor '/home/zaid/bumperbot_ws/src/install/bumperbot_cpp_examples/share/bumperbot_cpp_examples/package.dsv'
[1.063s] INFO:colcon.colcon_core.shell:Creating package script '/home/zaid/bumperbot_ws/src/install/bumperbot_cpp_examples/share/bumperbot_cpp_examples/package.sh'
[1.064s] INFO:colcon.colcon_core.shell:Creating package script '/home/zaid/bumperbot_ws/src/install/bumperbot_cpp_examples/share/bumperbot_cpp_examples/package.bash'
[1.065s] INFO:colcon.colcon_core.shell:Creating package script '/home/zaid/bumperbot_ws/src/install/bumperbot_cpp_examples/share/bumperbot_cpp_examples/package.zsh'
[1.065s] Level 1:colcon.colcon_core.environment:create_file_with_runtime_dependencies(/home/zaid/bumperbot_ws/src/install/bumperbot_cpp_examples/share/colcon-core/packages/bumperbot_cpp_examples)
[1.321s] DEBUG:colcon.colcon_core.event_handler.log_command:Invoked command in '/home/zaid/bumperbot_ws/src/build/bumperbot_controller' returned '0': CMAKE_PREFIX_PATH=${CMAKE_PREFIX_PATH}:/opt/ros/jazzy DEBUGINFOD_URLS=https://debuginfod.ubuntu.com /usr/bin/cmake --build /home/zaid/bumperbot_ws/src/build/bumperbot_controller -- -j28 -l28
[1.323s] DEBUG:colcon.colcon_core.event_handler.log_command:Invoking command in '/home/zaid/bumperbot_ws/src/build/bumperbot_controller': CMAKE_PREFIX_PATH=${CMAKE_PREFIX_PATH}:/opt/ros/jazzy DEBUGINFOD_URLS=https://debuginfod.ubuntu.com /usr/bin/cmake --install /home/zaid/bumperbot_ws/src/build/bumperbot_controller
[1.409s] Level 1:colcon.colcon_core.environment:create_environment_scripts_only(bumperbot_controller)
[1.409s] Level 1:colcon.colcon_core.environment:checking '/home/zaid/bumperbot_ws/src/install/bumperbot_controller' for CMake module files
[1.410s] DEBUG:colcon.colcon_core.event_handler.log_command:Invoked command in '/home/zaid/bumperbot_ws/src/build/bumperbot_controller' returned '0': CMAKE_PREFIX_PATH=${CMAKE_PREFIX_PATH}:/opt/ros/jazzy DEBUGINFOD_URLS=https://debuginfod.ubuntu.com /usr/bin/cmake --install /home/zaid/bumperbot_ws/src/build/bumperbot_controller
[1.411s] Level 1:colcon.colcon_core.environment:checking '/home/zaid/bumperbot_ws/src/install/bumperbot_controller' for CMake config files
[1.412s] Level 1:colcon.colcon_core.shell:create_environment_hook('bumperbot_controller', 'cmake_prefix_path')
[1.412s] INFO:colcon.colcon_core.shell:Creating environment hook '/home/zaid/bumperbot_ws/src/install/bumperbot_controller/share/bumperbot_controller/hook/cmake_prefix_path.ps1'
[1.414s] INFO:colcon.colcon_core.shell:Creating environment descriptor '/home/zaid/bumperbot_ws/src/install/bumperbot_controller/share/bumperbot_controller/hook/cmake_prefix_path.dsv'
[1.414s] INFO:colcon.colcon_core.shell:Creating environment hook '/home/zaid/bumperbot_ws/src/install/bumperbot_controller/share/bumperbot_controller/hook/cmake_prefix_path.sh'
[1.415s] Level 1:colcon.colcon_core.environment:checking '/home/zaid/bumperbot_ws/src/install/bumperbot_controller/lib'
[1.416s] Level 1:colcon.colcon_core.environment:checking '/home/zaid/bumperbot_ws/src/install/bumperbot_controller/bin'
[1.416s] Level 1:colcon.colcon_core.environment:checking '/home/zaid/bumperbot_ws/src/install/bumperbot_controller/lib/pkgconfig/bumperbot_controller.pc'
[1.416s] Level 1:colcon.colcon_core.environment:checking '/home/zaid/bumperbot_ws/src/install/bumperbot_controller/lib/python3.12/site-packages'
[1.417s] Level 1:colcon.colcon_core.shell:create_environment_hook('bumperbot_controller', 'pythonpath')
[1.417s] INFO:colcon.colcon_core.shell:Creating environment hook '/home/zaid/bumperbot_ws/src/install/bumperbot_controller/share/bumperbot_controller/hook/pythonpath.ps1'
[1.418s] INFO:colcon.colcon_core.shell:Creating environment descriptor '/home/zaid/bumperbot_ws/src/install/bumperbot_controller/share/bumperbot_controller/hook/pythonpath.dsv'
[1.418s] INFO:colcon.colcon_core.shell:Creating environment hook '/home/zaid/bumperbot_ws/src/install/bumperbot_controller/share/bumperbot_controller/hook/pythonpath.sh'
[1.420s] Level 1:colcon.colcon_core.environment:checking '/home/zaid/bumperbot_ws/src/install/bumperbot_controller/bin'
[1.420s] INFO:colcon.colcon_core.shell:Creating package script '/home/zaid/bumperbot_ws/src/install/bumperbot_controller/share/bumperbot_controller/package.ps1'
[1.421s] INFO:colcon.colcon_core.shell:Creating package descriptor '/home/zaid/bumperbot_ws/src/install/bumperbot_controller/share/bumperbot_controller/package.dsv'
[1.422s] INFO:colcon.colcon_core.shell:Creating package script '/home/zaid/bumperbot_ws/src/install/bumperbot_controller/share/bumperbot_controller/package.sh'
[1.423s] INFO:colcon.colcon_core.shell:Creating package script '/home/zaid/bumperbot_ws/src/install/bumperbot_controller/share/bumperbot_controller/package.bash'
[1.424s] INFO:colcon.colcon_core.shell:Creating package script '/home/zaid/bumperbot_ws/src/install/bumperbot_controller/share/bumperbot_controller/package.zsh'
[1.424s] Level 1:colcon.colcon_core.environment:create_file_with_runtime_dependencies(/home/zaid/bumperbot_ws/src/install/bumperbot_controller/share/colcon-core/packages/bumperbot_controller)
[1.425s] Level 1:colcon.colcon_core.environment:create_environment_scripts_only(bumperbot_controller)
[1.425s] Level 1:colcon.colcon_core.environment:checking '/home/zaid/bumperbot_ws/src/install/bumperbot_controller' for CMake module files
[1.426s] Level 1:colcon.colcon_core.environment:checking '/home/zaid/bumperbot_ws/src/install/bumperbot_controller' for CMake config files
[1.427s] Level 1:colcon.colcon_core.shell:create_environment_hook('bumperbot_controller', 'cmake_prefix_path')
[1.427s] INFO:colcon.colcon_core.shell:Creating environment hook '/home/zaid/bumperbot_ws/src/install/bumperbot_controller/share/bumperbot_controller/hook/cmake_prefix_path.ps1'
[1.428s] INFO:colcon.colcon_core.shell:Creating environment descriptor '/home/zaid/bumperbot_ws/src/install/bumperbot_controller/share/bumperbot_controller/hook/cmake_prefix_path.dsv'
[1.429s] INFO:colcon.colcon_core.shell:Creating environment hook '/home/zaid/bumperbot_ws/src/install/bumperbot_controller/share/bumperbot_controller/hook/cmake_prefix_path.sh'
[1.430s] Level 1:colcon.colcon_core.environment:checking '/home/zaid/bumperbot_ws/src/install/bumperbot_controller/lib'
[1.430s] Level 1:colcon.colcon_core.environment:checking '/home/zaid/bumperbot_ws/src/install/bumperbot_controller/bin'
[1.430s] Level 1:colcon.colcon_core.environment:checking '/home/zaid/bumperbot_ws/src/install/bumperbot_controller/lib/pkgconfig/bumperbot_controller.pc'
[1.431s] Level 1:colcon.colcon_core.environment:checking '/home/zaid/bumperbot_ws/src/install/bumperbot_controller/lib/python3.12/site-packages'
[1.431s] Level 1:colcon.colcon_core.shell:create_environment_hook('bumperbot_controller', 'pythonpath')
[1.431s] INFO:colcon.colcon_core.shell:Creating environment hook '/home/zaid/bumperbot_ws/src/install/bumperbot_controller/share/bumperbot_controller/hook/pythonpath.ps1'
[1.432s] INFO:colcon.colcon_core.shell:Creating environment descriptor '/home/zaid/bumperbot_ws/src/install/bumperbot_controller/share/bumperbot_controller/hook/pythonpath.dsv'
[1.432s] INFO:colcon.colcon_core.shell:Creating environment hook '/home/zaid/bumperbot_ws/src/install/bumperbot_controller/share/bumperbot_controller/hook/pythonpath.sh'
[1.433s] Level 1:colcon.colcon_core.environment:checking '/home/zaid/bumperbot_ws/src/install/bumperbot_controller/bin'
[1.434s] INFO:colcon.colcon_core.shell:Creating package script '/home/zaid/bumperbot_ws/src/install/bumperbot_controller/share/bumperbot_controller/package.ps1'
[1.435s] INFO:colcon.colcon_core.shell:Creating package descriptor '/home/zaid/bumperbot_ws/src/install/bumperbot_controller/share/bumperbot_controller/package.dsv'
[1.436s] INFO:colcon.colcon_core.shell:Creating package script '/home/zaid/bumperbot_ws/src/install/bumperbot_controller/share/bumperbot_controller/package.sh'
[1.437s] INFO:colcon.colcon_core.shell:Creating package script '/home/zaid/bumperbot_ws/src/install/bumperbot_controller/share/bumperbot_controller/package.bash'
[1.437s] INFO:colcon.colcon_core.shell:Creating package script '/home/zaid/bumperbot_ws/src/install/bumperbot_controller/share/bumperbot_controller/package.zsh'
[1.438s] Level 1:colcon.colcon_core.environment:create_file_with_runtime_dependencies(/home/zaid/bumperbot_ws/src/install/bumperbot_controller/share/colcon-core/packages/bumperbot_controller)
[2.242s] DEBUG:colcon.colcon_core.task.python.build:Available setuptools commands: rotate, pytest, sdist, check, install_scripts, install_data, develop, compile_catalog, register, easy_install, upload_docs, editable_wheel, install_egg_info, setopt, egg_info, build_clib, build_scripts, init_catalog, update_catalog, bdist_wheel, upload, extract_messages, install_headers, symlink_data, alias, bdist_dumb, dist_info, test, install, install_lib, clean, ptr, build, bdist_rpm, saveopts, build_ext, build_py, bdist_egg, bdist
[2.248s] DEBUG:colcon.colcon_core.event_handler.log_command:Invoking command in '/home/zaid/bumperbot_ws/src/bumperbot_py_examples': DEBUGINFOD_URLS=https://debuginfod.ubuntu.com PYTHONPATH=/home/zaid/bumperbot_ws/src/build/bumperbot_py_examples/prefix_override:/usr/lib/python3/dist-packages/colcon_core/task/python/colcon_distutils_commands:/home/zaid/bumperbot_ws/src/install/bumperbot_py_examples/lib/python3.12/site-packages:${PYTHONPATH} /usr/bin/python3 -W ignore:setup.py install is deprecated -W ignore:easy_install command is deprecated setup.py egg_info --egg-base ../build/bumperbot_py_examples build --build-base /home/zaid/bumperbot_ws/src/build/bumperbot_py_examples/build install --record /home/zaid/bumperbot_ws/src/build/bumperbot_py_examples/install.log --install-scripts $base/lib/bumperbot_py_examples --single-version-externally-managed install_data
[3.330s] Level 1:colcon.colcon_core.environment:checking '/home/zaid/bumperbot_ws/src/install/bumperbot_py_examples' for CMake module files
[3.331s] DEBUG:colcon.colcon_core.event_handler.log_command:Invoked command in '/home/zaid/bumperbot_ws/src/bumperbot_py_examples' returned '0': DEBUGINFOD_URLS=https://debuginfod.ubuntu.com PYTHONPATH=/home/zaid/bumperbot_ws/src/build/bumperbot_py_examples/prefix_override:/usr/lib/python3/dist-packages/colcon_core/task/python/colcon_distutils_commands:/home/zaid/bumperbot_ws/src/install/bumperbot_py_examples/lib/python3.12/site-packages:${PYTHONPATH} /usr/bin/python3 -W ignore:setup.py install is deprecated -W ignore:easy_install command is deprecated setup.py egg_info --egg-base ../build/bumperbot_py_examples build --build-base /home/zaid/bumperbot_ws/src/build/bumperbot_py_examples/build install --record /home/zaid/bumperbot_ws/src/build/bumperbot_py_examples/install.log --install-scripts $base/lib/bumperbot_py_examples --single-version-externally-managed install_data
[3.332s] Level 1:colcon.colcon_core.environment:checking '/home/zaid/bumperbot_ws/src/install/bumperbot_py_examples' for CMake config files
[3.332s] Level 1:colcon.colcon_core.environment:checking '/home/zaid/bumperbot_ws/src/install/bumperbot_py_examples/lib'
[3.332s] Level 1:colcon.colcon_core.environment:checking '/home/zaid/bumperbot_ws/src/install/bumperbot_py_examples/bin'
[3.332s] Level 1:colcon.colcon_core.environment:checking '/home/zaid/bumperbot_ws/src/install/bumperbot_py_examples/lib/pkgconfig/bumperbot_py_examples.pc'
[3.333s] Level 1:colcon.colcon_core.environment:checking '/home/zaid/bumperbot_ws/src/install/bumperbot_py_examples/lib/python3.12/site-packages'
[3.333s] Level 1:colcon.colcon_core.shell:create_environment_hook('bumperbot_py_examples', 'pythonpath')
[3.333s] INFO:colcon.colcon_core.shell:Creating environment hook '/home/zaid/bumperbot_ws/src/install/bumperbot_py_examples/share/bumperbot_py_examples/hook/pythonpath.ps1'
[3.334s] INFO:colcon.colcon_core.shell:Creating environment descriptor '/home/zaid/bumperbot_ws/src/install/bumperbot_py_examples/share/bumperbot_py_examples/hook/pythonpath.dsv'
[3.334s] INFO:colcon.colcon_core.shell:Creating environment hook '/home/zaid/bumperbot_ws/src/install/bumperbot_py_examples/share/bumperbot_py_examples/hook/pythonpath.sh'
[3.335s] Level 1:colcon.colcon_core.environment:checking '/home/zaid/bumperbot_ws/src/install/bumperbot_py_examples/bin'
[3.335s] Level 1:colcon.colcon_core.environment:create_environment_scripts_only(bumperbot_py_examples)
[3.335s] INFO:colcon.colcon_core.shell:Creating package script '/home/zaid/bumperbot_ws/src/install/bumperbot_py_examples/share/bumperbot_py_examples/package.ps1'
[3.336s] INFO:colcon.colcon_core.shell:Creating package descriptor '/home/zaid/bumperbot_ws/src/install/bumperbot_py_examples/share/bumperbot_py_examples/package.dsv'
[3.337s] INFO:colcon.colcon_core.shell:Creating package script '/home/zaid/bumperbot_ws/src/install/bumperbot_py_examples/share/bumperbot_py_examples/package.sh'
[3.337s] INFO:colcon.colcon_core.shell:Creating package script '/home/zaid/bumperbot_ws/src/install/bumperbot_py_examples/share/bumperbot_py_examples/package.bash'
[3.337s] INFO:colcon.colcon_core.shell:Creating package script '/home/zaid/bumperbot_ws/src/install/bumperbot_py_examples/share/bumperbot_py_examples/package.zsh'
[3.338s] Level 1:colcon.colcon_core.environment:create_file_with_runtime_dependencies(/home/zaid/bumperbot_ws/src/install/bumperbot_py_examples/share/colcon-core/packages/bumperbot_py_examples)
[3.338s] DEBUG:colcon.colcon_parallel_executor.executor.parallel:closing loop
[3.338s] DEBUG:colcon.colcon_parallel_executor.executor.parallel:loop closed
[3.339s] DEBUG:colcon.colcon_parallel_executor.executor.parallel:run_until_complete finished with '0'
[3.339s] DEBUG:colcon.colcon_core.event_reactor:joining thread
[3.347s] INFO:colcon.colcon_core.plugin_system:Skipping extension 'colcon_notification.desktop_notification.terminal_notifier': Not used on non-Darwin systems
[3.347s] INFO:colcon.colcon_core.plugin_system:Skipping extension 'colcon_notification.desktop_notification.win32': Not used on non-Windows systems
[3.348s] INFO:colcon.colcon_notification.desktop_notification:Sending desktop notification using 'notify2'
[3.370s] DEBUG:colcon.colcon_core.event_reactor:joined thread
[3.370s] INFO:colcon.colcon_core.shell:Creating prefix script '/home/zaid/bumperbot_ws/src/install/local_setup.ps1'
[3.372s] INFO:colcon.colcon_core.shell:Creating prefix util module '/home/zaid/bumperbot_ws/src/install/_local_setup_util_ps1.py'
[3.373s] INFO:colcon.colcon_core.shell:Creating prefix chain script '/home/zaid/bumperbot_ws/src/install/setup.ps1'
[3.375s] INFO:colcon.colcon_core.shell:Creating prefix script '/home/zaid/bumperbot_ws/src/install/local_setup.sh'
[3.375s] INFO:colcon.colcon_core.shell:Creating prefix util module '/home/zaid/bumperbot_ws/src/install/_local_setup_util_sh.py'
[3.376s] INFO:colcon.colcon_core.shell:Creating prefix chain script '/home/zaid/bumperbot_ws/src/install/setup.sh'
[3.377s] INFO:colcon.colcon_core.shell:Creating prefix script '/home/zaid/bumperbot_ws/src/install/local_setup.bash'
[3.378s] INFO:colcon.colcon_core.shell:Creating prefix chain script '/home/zaid/bumperbot_ws/src/install/setup.bash'
[3.379s] INFO:colcon.colcon_core.shell:Creating prefix script '/home/zaid/bumperbot_ws/src/install/local_setup.zsh'
[3.379s] INFO:colcon.colcon_core.shell:Creating prefix chain script '/home/zaid/bumperbot_ws/src/install/setup.zsh'
