[1.256s] Invoking command in '/home/zaid/bumperbot_ws/src/bumperbot_utils': DEBUGINFOD_URLS=https://debuginfod.ubuntu.com PYTHONPATH=/home/zaid/bumperbot_ws/src/build/bumperbot_utils/prefix_override:/usr/lib/python3/dist-packages/colcon_core/task/python/colcon_distutils_commands:/home/zaid/bumperbot_ws/src/install/bumperbot_utils/lib/python3.12/site-packages:${PYTHONPATH} /usr/bin/python3 -W ignore:setup.py install is deprecated -W ignore:easy_install command is deprecated setup.py egg_info --egg-base ../build/bumperbot_utils build --build-base /home/zaid/bumperbot_ws/src/build/bumperbot_utils/build install --record /home/zaid/bumperbot_ws/src/build/bumperbot_utils/install.log --install-scripts $base/lib/bumperbot_utils --single-version-externally-managed install_data
[1.680s] running egg_info
[1.712s] writing ../build/bumperbot_utils/bumperbot_utils.egg-info/PKG-INFO
[1.712s] writing dependency_links to ../build/bumperbot_utils/bumperbot_utils.egg-info/dependency_links.txt
[1.712s] writing entry points to ../build/bumperbot_utils/bumperbot_utils.egg-info/entry_points.txt
[1.713s] writing requirements to ../build/bumperbot_utils/bumperbot_utils.egg-info/requires.txt
[1.713s] writing top-level names to ../build/bumperbot_utils/bumperbot_utils.egg-info/top_level.txt
[1.771s] reading manifest file '../build/bumperbot_utils/bumperbot_utils.egg-info/SOURCES.txt'
[1.772s] writing manifest file '../build/bumperbot_utils/bumperbot_utils.egg-info/SOURCES.txt'
[1.772s] running build
[1.772s] running build_py
[1.773s] running install
[1.783s] running install_lib
[1.815s] running install_data
[1.815s] running install_egg_info
[1.846s] removing '/home/zaid/bumperbot_ws/src/install/bumperbot_utils/lib/python3.12/site-packages/bumperbot_utils-0.0.0-py3.12.egg-info' (and everything under it)
[1.847s] Copying ../build/bumperbot_utils/bumperbot_utils.egg-info to /home/zaid/bumperbot_ws/src/install/bumperbot_utils/lib/python3.12/site-packages/bumperbot_utils-0.0.0-py3.12.egg-info
[1.848s] running install_scripts
[2.056s] Installing trajectory_plotter script to /home/zaid/bumperbot_ws/src/install/bumperbot_utils/lib/bumperbot_utils
[2.057s] writing list of installed files to '/home/zaid/bumperbot_ws/src/build/bumperbot_utils/install.log'
[2.096s] Invoked command in '/home/zaid/bumperbot_ws/src/bumperbot_utils' returned '0': DEBUGINFOD_URLS=https://debuginfod.ubuntu.com PYTHONPATH=/home/zaid/bumperbot_ws/src/build/bumperbot_utils/prefix_override:/usr/lib/python3/dist-packages/colcon_core/task/python/colcon_distutils_commands:/home/zaid/bumperbot_ws/src/install/bumperbot_utils/lib/python3.12/site-packages:${PYTHONPATH} /usr/bin/python3 -W ignore:setup.py install is deprecated -W ignore:easy_install command is deprecated setup.py egg_info --egg-base ../build/bumperbot_utils build --build-base /home/zaid/bumperbot_ws/src/build/bumperbot_utils/build install --record /home/zaid/bumperbot_ws/src/build/bumperbot_utils/install.log --install-scripts $base/lib/bumperbot_utils --single-version-externally-managed install_data
